D/StatusBar.NetworkController( 3144): refreshNwBoosterIndicator - setNWBoosterIndicators(false)

I/InputReader( 2841): Touch event's action is 0x1 (deviceType=0) [pCnt=1, s=] when=24990249082000

I/InputDispatcher( 2841): Delivering touch to (10392): action: 0x1, toolType: 1

D/PagerViewer(10392): onReaderPageSelected: 12/13

D/BatteryService( 2841): !@BatteryListener : batteryPropertiesChanged!

D/BatteryService( 2841): level:63, scale:100, status:3, health:2, present:true, voltage: 3721, temperature: 389, technology: Li-ion, AC powered:false, USB powered:true, POGO powered:false, Wireless powered:false, icon:17303745, invalid charger:0

D/BatteryService( 2841): online:4, current avg:-730, charge type:1, power sharing:false, high voltage charger:false, capacity:280000, current_now:-1314

D/BatteryService( 2841): Sending ACTION_BATTERY_CHANGED.

D/KeyguardUpdateMonitor( 3144): received broadcast android.intent.action.BATTERY_CHANGED

I/PERF    ( 3144): received broadcast android.intent.action.BATTERY_CHANGED

D/KeyguardUpdateMonitor( 3144): handleBatteryUpdate

D/BatteryMeterView( 3144): ACTION_BATTERY_CHANGED : level:63 status:3 health:2

D/BatteryMeterView( 3144): ACTION_BATTERY_CHANGED : level:63 status:3 health:2

D/BatteryMeterView( 3144): ACTION_BATTERY_CHANGED : level:63 status:3 health:2

I/InputReader( 2841): Touch event's action is 0x0 (deviceType=0) [pCnt=1, s=0.4726 ] when=24991132583000

D/InputReader( 2841): lastThreadEndTime = 24990249346880, currentThreadStartTime = 24990249354922, diff = 0

I/InputDispatcher( 2841): Delivering touch to (10392): action: 0x0, toolType: 1

D/ViewRootImpl(10392): ViewPostImeInputStage ACTION_DOWN

I/InputReader( 2841): Touch event's action is 0x1 (deviceType=0) [pCnt=1, s=] when=24991231633000

I/InputDispatcher( 2841): Delivering touch to (10392): action: 0x1, toolType: 1

D/PagerViewer(10392): onReaderPageSelected: 13/13

D/PagerViewer(10392): Request preload next chapter because we're at the last page

D/ReaderPresenter(10392): Preloading /the_abandoned_empress/vol1/11?mtr=1

D/ChapterLoader$loadChapt(10392): Loading pages for Брошенная императрица 1 - 11

D/PagerViewer(10392): setChaptersInternal

I/InputReader( 2841): Touch event's action is 0x0 (deviceType=0) [pCnt=1, s=0.4727 ] when=24992060755000

D/InputReader( 2841): lastThreadEndTime = 24991232043214, currentThreadStartTime = 24991232052131, diff = 0

I/InputDispatcher( 2841): Delivering touch to (10392): action: 0x0, toolType: 1

D/ViewRootImpl(10392): ViewPostImeInputStage ACTION_DOWN

I/InputReader( 2841): Touch event's action is 0x1 (deviceType=0) [pCnt=1, s=] when=24992216522000

I/InputDispatcher( 2841): Delivering touch to (10392): action: 0x1, toolType: 1

D/PagerViewer(10392): onTransitionSelected: Next(from=/the_abandoned_empress/vol1/10?mtr=1, to=/the_abandoned_empress/vol1/11?mtr=1)

D/PagerViewer(10392): Request preload destination chapter because we're on the transition

I/InputReader( 2841): Touch event's action is 0x0 (deviceType=0) [pCnt=1, s=0.4728 ] when=24993020953000

D/InputReader( 2841): lastThreadEndTime = 24992217074924, currentThreadStartTime = 24992217091424, diff = 0

I/InputDispatcher( 2841): Delivering touch to (10392): action: 0x0, toolType: 1

D/ViewRootImpl(10392): ViewPostImeInputStage ACTION_DOWN

I/InputReader( 2841): Touch event's action is 0x1 (deviceType=0) [pCnt=1, s=] when=24993138105000

I/InputDispatcher( 2841): Delivering touch to (10392): action: 0x1, toolType: 1

D/PagerViewer(10392): onReaderPageSelected: 1/9

D/ReaderPresenter(10392): Setting /the_abandoned_empress/vol1/11?mtr=1 as active

D/ReaderPresenter(10392): Loading /the_abandoned_empress/vol1/11?mtr=1

D/ReaderChapter(10392): Recycling chapter Брошенная императрица 1 - 9

V/AlarmManager( 2841): waitForAlarm result :8

D/KeyguardUpdateMonitor( 3144): received broadcast android.intent.action.TIME_TICK

I/PERF    ( 3144): received broadcast android.intent.action.TIME_TICK

D/KeyguardUpdateMonitor( 3144): handleTimeUpdate

D/SecKeyguardClockView( 3144): onTimeChanged() : mShouldShowDualClock - false, isDualClockSet() -false

D/SecKeyguardClockView( 3144): HomeTimezone(): 0

D/SecKeyguardStatusUtils( 3144): regionalDateFormat = 22.11.3333 isRTLlanguage = false returnDateFormat = E, d MMMM

D/PagerViewer(10392): setChaptersInternal

D/StatusBar.NetworkController( 3144): refreshViews connected={ wifi } level=?? combinedSignalIconId=0x7f02054c/com.android.systemui:drawable/stat_sys_wifi_signal_4 mobileLabel= wifiLabel="Mantis" emergencyOnly=false combinedLabel="Mantis" mAirplaneMode=false mDataActivity=0 mPhoneSignalIconId=0x0/(null) mQSPhoneSignalIconId=0x0/(null) mDataDirectionIconId=0x0/(null) mDataSignalIconId=0x0/(null) mDataTypeIconId=0x0/(null) mQSDataTypeIconId=0x0/(null) mNoSimIconId=0x0/(null) mWifiIconId=0x7f02054c/com.android.systemui:drawable/stat_sys_wifi_signal_4 mQSWifiIconId=0x7f02023e/com.android.systemui:drawable/qs_tile_wifi_signal_4 mWifiActivityIconId=0x7f0204fa/com.android.systemui:drawable/stat_sys_signal_in mBluetoothTetherIconId=0x1080916/android:drawable/stat_sys_tether_bluetooth

D/StatusBar.NetworkController( 3144): refreshNwBoosterIndicator - setNWBoosterIndicators(false)

D/StatusBar.NetworkController( 3144): refreshNwBoosterIndicator - setNWBoosterIndicators(false)

D/StatusBar.NetworkController( 3144): refreshNwBoosterIndicator - setNWBoosterIndicators(false)

D/StatusBar.NetworkController( 3144): refreshNwBoosterIndicator - setNWBoosterIndicators(false)

I/InputReader( 2841): Touch event's action is 0x0 (deviceType=0) [pCnt=1, s=0.4729 ] when=24994219250000

D/InputReader( 2841): lastThreadEndTime = 24993138389549, currentThreadStartTime = 24993138398965, diff = 0

I/InputDispatcher( 2841): Delivering touch to (10392): action: 0x0, toolType: 1

D/ViewRootImpl(10392): ViewPostImeInputStage ACTION_DOWN

I/InputReader( 2841): Touch event's action is 0x1 (deviceType=0) [pCnt=1, s=] when=24994326489000

I/InputDispatcher( 2841): Delivering touch to (10392): action: 0x1, toolType: 1

D/PagerViewer(10392): onReaderPageSelected: 2/9

W/ActivityManager( 2841): getRunningAppProcesses: caller 10075 does not hold REAL_GET_TASKS; limiting output

I/InputReader( 2841): Touch event's action is 0x0 (deviceType=0) [pCnt=1, s=0.4730 ] when=24995349644000

D/InputReader( 2841): lastThreadEndTime = 24994326792799, currentThreadStartTime = 24994326801674, diff = 0

I/InputDispatcher( 2841): Delivering touch to (10392): action: 0x0, toolType: 1

D/ViewRootImpl(10392): ViewPostImeInputStage ACTION_DOWN

I/InputReader( 2841): Touch event's action is 0x1 (deviceType=0) [pCnt=1, s=] when=24995416639000

I/InputDispatcher( 2841): Delivering touch to (10392): action: 0x1, toolType: 1

E/WindowState( 2841): getStack: Window{1d0f0716 u0 d0 eu.kanade.tachiyomi.debug/eu.kanade.tachiyomi.ui.main.MainActivity} couldn't find taskId=90 Callers=com.android.server.wm.WindowState.getDisplayContent:1059 com.android.server.wm.WindowState.isDefaultDisplay:1778 com.android.server.wm.WindowState.getMultiWindowStyleLw:2363 com.android.internal.policy.impl.multiwindow.MultiPhoneWindowManager.shouldEnableLayoutInsetsBySoftInput:1505 

D/StatusBarManagerService( 2841): manageDisableList userId=0 what=0x0 pkg=Window{132ae1b0 u0 d0 eu.kanade.tachiyomi.debug/eu.kanade.tachiyomi.ui.reader.ReaderActivity}

E/WindowState( 2841): getStack: Window{1d0f0716 u0 d0 eu.kanade.tachiyomi.debug/eu.kanade.tachiyomi.ui.main.MainActivity} couldn't find taskId=90 Callers=com.android.server.wm.WindowState.getDisplayContent:1059 com.android.server.wm.WindowState.isDefaultDisplay:1778 com.android.server.wm.WindowState.getMultiWindowStyleLw:2363 com.android.internal.policy.impl.multiwindow.MultiPhoneWindowManager.shouldEnableLayoutInsetsBySoftInput:1505 

D/RestrictionPolicy( 2841): isStatusBarExpansionAllowedAsUser : true, userId = 0

D/PanelView( 3144): kidsfalse mQsExpansionEnabled:true

E/WindowState( 2841): getStack: Window{1d0f0716 u0 d0 eu.kanade.tachiyomi.debug/eu.kanade.tachiyomi.ui.main.MainActivity} couldn't find taskId=90 Callers=com.android.server.wm.WindowState.getDisplayContent:1059 com.android.server.wm.WindowState.isDefaultDisplay:1778 com.android.server.wm.WindowState.getMultiWindowStyleLw:2363 com.android.internal.policy.impl.multiwindow.MultiPhoneWindowManager.shouldEnableLayoutInsetsBySoftInput:1505 

W/ContextImpl( 2841): Calling a method in the system process without a qualified user: android.app.ContextImpl.sendBroadcast:1771 com.android.internal.policy.impl.PhoneWindowManager.notifyToSSRM:7508 com.android.internal.policy.impl.PhoneWindowManager.access$1300:251 com.android.internal.policy.impl.PhoneWindowManager$PolicyHandler.handleMessage:1069 android.os.Handler.dispatchMessage:102 

D/SSRM:a  ( 2841): DeviceInfo:: 00000010000

D/SSRM:a  ( 2841): SettingsAirViewInfo:: 000000000

E/WindowState( 2841): getStack: Window{1d0f0716 u0 d0 eu.kanade.tachiyomi.debug/eu.kanade.tachiyomi.ui.main.MainActivity} couldn't find taskId=90 Callers=com.android.server.wm.WindowState.getDisplayContent:1059 com.android.server.wm.WindowState.isDefaultDisplay:1778 com.android.server.wm.WindowState.getMultiWindowStyleLw:2363 com.android.internal.policy.impl.multiwindow.MultiPhoneWindowManager.shouldEnableLayoutInsetsBySoftInput:1505 

E/WindowState( 2841): getStack: Window{1d0f0716 u0 d0 eu.kanade.tachiyomi.debug/eu.kanade.tachiyomi.ui.main.MainActivity} couldn't find taskId=90 Callers=com.android.server.wm.WindowState.getDisplayContent:1059 com.android.server.wm.WindowState.isDefaultDisplay:1778 com.android.server.wm.WindowState.getMultiWindowStyleLw:2363 com.android.internal.policy.impl.multiwindow.MultiPhoneWindowManager.shouldEnableLayoutInsetsBySoftInput:1505 

I/InputReader( 2841): Touch event's action is 0x0 (deviceType=0) [pCnt=1, s=0.4731 ] when=24996051896000

D/InputReader( 2841): lastThreadEndTime = 24995416912841, currentThreadStartTime = 24995416926758, diff = 0

I/InputDispatcher( 2841): Delivering touch to (3144): action: 0x4, toolType: 1

I/InputDispatcher( 2841): Delivering touch to (10392): action: 0x0, toolType: 1

D/ViewRootImpl(10392): ViewPostImeInputStage ACTION_DOWN

I/InputReader( 2841): Touch event's action is 0x1 (deviceType=0) [pCnt=1, s=] when=24996179293000

I/InputDispatcher( 2841): Delivering touch to (10392): action: 0x1, toolType: 1

D/PagerViewer(10392): onReaderPageSelected: 3/9

E/WindowState( 2841): getStack: Window{1d0f0716 u0 d0 eu.kanade.tachiyomi.debug/eu.kanade.tachiyomi.ui.main.MainActivity} couldn't find taskId=90 Callers=com.android.server.wm.WindowState.getDisplayContent:1059 com.android.server.wm.WindowState.isDefaultDisplay:1778 com.android.server.wm.WindowState.getMultiWindowStyleLw:2363 com.android.internal.policy.impl.multiwindow.MultiPhoneWindowManager.shouldEnableLayoutInsetsBySoftInput:1505 

I/InputReader( 2841): Touch event's action is 0x0 (deviceType=0) [pCnt=1, s=0.4732 ] when=24997110259000

D/InputReader( 2841): lastThreadEndTime = 24996179614883, currentThreadStartTime = 24996179624091, diff = 0

I/InputDispatcher( 2841): Delivering touch to (3144): action: 0x4, toolType: 1

D/PowerManagerService( 2841): [api] userActivityFromNative : 4760 (event: 2 flags: 0) eventTime = 24997110

I/InputDispatcher( 2841): Delivering touch to (10392): action: 0x0, toolType: 1

D/ViewRootImpl(10392): ViewPostImeInputStage ACTION_DOWN

I/InputReader( 2841): Touch event's action is 0x1 (deviceType=0) [pCnt=1, s=] when=24997198295000

I/InputDispatcher( 2841): Delivering touch to (10392): action: 0x1, toolType: 1

D/PagerViewer(10392): onReaderPageSelected: 4/9

D/StatusBar.NetworkController( 3144): refreshViews connected={ wifi } level=?? combinedSignalIconId=0x7f02054c/com.android.systemui:drawable/stat_sys_wifi_signal_4 mobileLabel= wifiLabel="Mantis" emergencyOnly=false combinedLabel="Mantis" mAirplaneMode=false mDataActivity=0 mPhoneSignalIconId=0x0/(null) mQSPhoneSignalIconId=0x0/(null) mDataDirectionIconId=0x0/(null) mDataSignalIconId=0x0/(null) mDataTypeIconId=0x0/(null) mQSDataTypeIconId=0x0/(null) mNoSimIconId=0x0/(null) mWifiIconId=0x7f02054c/com.android.systemui:drawable/stat_sys_wifi_signal_4 mQSWifiIconId=0x7f02023e/com.android.systemui:drawable/qs_tile_wifi_signal_4 mWifiActivityIconId=0x7f0204ff/com.android.systemui:drawable/stat_sys_signal_no_inout mBluetoothTetherIconId=0x1080916/android:drawable/stat_sys_tether_bluetooth

D/StatusBar.NetworkController( 3144): refreshNwBoosterIndicator - setNWBoosterIndicators(false)

D/StatusBar.NetworkController( 3144): refreshNwBoosterIndicator - setNWBoosterIndicators(false)

D/StatusBar.NetworkController( 3144): refreshNwBoosterIndicator - setNWBoosterIndicators(false)

D/StatusBar.NetworkController( 3144): refreshNwBoosterIndicator - setNWBoosterIndicators(false)

I/InputReader( 2841): Touch event's action is 0x0 (deviceType=0) [pCnt=1, s=0.4733 ] when=24998169420000

D/InputReader( 2841): lastThreadEndTime = 24997198553842, currentThreadStartTime = 24997198560092, diff = 0

I/InputDispatcher( 2841): Delivering touch to (3144): action: 0x4, toolType: 1

I/InputDispatcher( 2841): Delivering touch to (10392): action: 0x0, toolType: 1

D/ViewRootImpl(10392): ViewPostImeInputStage ACTION_DOWN

I/InputReader( 2841): Touch event's action is 0x1 (deviceType=0) [pCnt=1, s=] when=24998267161000

I/InputDispatcher( 2841): Delivering touch to (10392): action: 0x1, toolType: 1

D/PagerViewer(10392): onReaderPageSelected: 5/9

D/SensorService( 2841): [SO] 1.762 -0.239 9.893

W/ActivityManager( 2841): getRunningAppProcesses: caller 10075 does not hold REAL_GET_TASKS; limiting output

D/SSRM:n  ( 2841): SIOP:: AP = 420, CUR = -730, LCD = 235

I/InputReader( 2841): Touch event's action is 0x0 (deviceType=0) [pCnt=1, s=0.4734 ] when=24999281477000

D/InputReader( 2841): lastThreadEndTime = 24998267420926, currentThreadStartTime = 24998267426676, diff = 0

I/InputDispatcher( 2841): Delivering touch to (3144): action: 0x4, toolType: 1

I/InputDispatcher( 2841): Delivering touch to (10392): action: 0x0, toolType: 1

D/ViewRootImpl(10392): ViewPostImeInputStage ACTION_DOWN

I/InputReader( 2841): Touch event's action is 0x1 (deviceType=0) [pCnt=1, s=] when=24999361459000

I/InputDispatcher( 2841): Delivering touch to (10392): action: 0x1, toolType: 1

D/PagerViewer(10392): onReaderPageSelected: 6/9

W/ActivityManager( 2841): getRunningAppProcesses: caller 10075 does not hold REAL_GET_TASKS; limiting output

I/InputReader( 2841): Touch event's action is 0x0 (deviceType=0) [pCnt=1, s=0.4735 ] when=25000210226000

D/InputReader( 2841): lastThreadEndTime = 24999361822260, currentThreadStartTime = 24999361833051, diff = 0

I/InputDispatcher( 2841): Delivering touch to (3144): action: 0x4, toolType: 1

I/InputDispatcher( 2841): Delivering touch to (10392): action: 0x0, toolType: 1

D/ViewRootImpl(10392): ViewPostImeInputStage ACTION_DOWN

I/InputReader( 2841): Touch event's action is 0x1 (deviceType=0) [pCnt=1, s=] when=25000340358000

I/InputDispatcher( 2841): Delivering touch to (10392): action: 0x1, toolType: 1

D/PagerViewer(10392): onReaderPageSelected: 7/9

D/BatteryService( 2841): !@BatteryListener : batteryPropertiesChanged!

D/BatteryService( 2841): level:63, scale:100, status:3, health:2, present:true, voltage: 3689, temperature: 390, technology: Li-ion, AC powered:false, USB powered:true, POGO powered:false, Wireless powered:false, icon:17303745, invalid charger:0

D/BatteryService( 2841): online:4, current avg:-744, charge type:1, power sharing:false, high voltage charger:false, capacity:280000, current_now:-1506

D/BatteryService( 2841): Sending ACTION_BATTERY_CHANGED.

D/KeyguardUpdateMonitor( 3144): received broadcast android.intent.action.BATTERY_CHANGED

I/PERF    ( 3144): received broadcast android.intent.action.BATTERY_CHANGED

D/KeyguardUpdateMonitor( 3144): handleBatteryUpdate

D/BatteryMeterView( 3144): ACTION_BATTERY_CHANGED : level:63 status:3 health:2

D/BatteryMeterView( 3144): ACTION_BATTERY_CHANGED : level:63 status:3 health:2

D/BatteryMeterView( 3144): ACTION_BATTERY_CHANGED : level:63 status:3 health:2

I/InputReader( 2841): Touch event's action is 0x0 (deviceType=0) [pCnt=1, s=0.4736 ] when=25001238450000

D/InputReader( 2841): lastThreadEndTime = 25000340623635, currentThreadStartTime = 25000340631343, diff = 0

I/InputDispatcher( 2841): Delivering touch to (3144): action: 0x4, toolType: 1

I/InputDispatcher( 2841): Delivering touch to (10392): action: 0x0, toolType: 1

D/ViewRootImpl(10392): ViewPostImeInputStage ACTION_DOWN

I/InputReader( 2841): Touch event's action is 0x1 (deviceType=0) [pCnt=1, s=] when=25001404638000

I/InputDispatcher( 2841): Delivering touch to (10392): action: 0x1, toolType: 1

D/PagerViewer(10392): onReaderPageSelected: 8/9

I/InputReader( 2841): Touch event's action is 0x0 (deviceType=0) [pCnt=1, s=0.4737 ] when=25002350512000

D/InputReader( 2841): lastThreadEndTime = 25001404868219, currentThreadStartTime = 25001404877636, diff = 0

I/InputDispatcher( 2841): Delivering touch to (3144): action: 0x4, toolType: 1

I/InputDispatcher( 2841): Delivering touch to (10392): action: 0x0, toolType: 1

D/ViewRootImpl(10392): ViewPostImeInputStage ACTION_DOWN

I/InputReader( 2841): Touch event's action is 0x1 (deviceType=0) [pCnt=1, s=] when=25002448933000

I/InputDispatcher( 2841): Delivering touch to (10392): action: 0x1, toolType: 1

D/PagerViewer(10392): onReaderPageSelected: 9/9

D/PagerViewer(10392): Request preload next chapter because we're at the last page

D/ReaderPresenter(10392): Preloading /the_abandoned_empress/vol1/12?mtr=1

D/ChapterLoader$loadChapt(10392): Loading pages for Брошенная императрица 1 - 12

D/PagerViewer(10392): setChaptersInternal

I/InputReader( 2841): Touch event's action is 0x0 (deviceType=0) [pCnt=1, s=0.4738 ] when=25003399739000

D/InputReader( 2841): lastThreadEndTime = 25002449246803, currentThreadStartTime = 25002449254053, diff = 0

I/InputDispatcher( 2841): Delivering touch to (3144): action: 0x4, toolType: 1

I/InputDispatcher( 2841): Delivering touch to (10392): action: 0x0, toolType: 1

D/ViewRootImpl(10392): ViewPostImeInputStage ACTION_DOWN

I/InputReader( 2841): Touch event's action is 0x1 (deviceType=0) [pCnt=1, s=] when=25003517255000

I/InputDispatcher( 2841): Delivering touch to (10392): action: 0x1, toolType: 1

D/PagerViewer(10392): onTransitionSelected: Next(from=/the_abandoned_empress/vol1/11?mtr=1, to=/the_abandoned_empress/vol1/12?mtr=1)

D/PagerViewer(10392): Request preload destination chapter because we're on the transition

I/InputReader( 2841): Touch event's action is 0x0 (deviceType=0) [pCnt=1, s=0.4739 ] when=25004540899000

D/InputReader( 2841): lastThreadEndTime = 25003517560887, currentThreadStartTime = 25003517570595, diff = 0

I/InputDispatcher( 2841): Delivering touch to (3144): action: 0x4, toolType: 1

I/InputDispatcher( 2841): Delivering touch to (10392): action: 0x0, toolType: 1

D/ViewRootImpl(10392): ViewPostImeInputStage ACTION_DOWN

I/InputReader( 2841): Touch event's action is 0x1 (deviceType=0) [pCnt=1, s=] when=25004649332000

I/InputDispatcher( 2841): Delivering touch to (10392): action: 0x1, toolType: 1

D/PagerViewer(10392): onReaderPageSelected: 1/7

D/ReaderPresenter(10392): Setting /the_abandoned_empress/vol1/12?mtr=1 as active

D/ReaderPresenter(10392): Loading /the_abandoned_empress/vol1/12?mtr=1

D/ReaderChapter(10392): Recycling chapter Брошенная императрица 1 - 10

E/Watchdog( 2841): !@Sync 831 [02-28 23:02:11.579]

W/ActivityManager( 2841): getRunningAppProcesses: caller 10075 does not hold REAL_GET_TASKS; limiting output

D/PagerViewer(10392): setChaptersInternal

I/InputReader( 2841): Touch event's action is 0x0 (deviceType=0) [pCnt=1, s=0.4740 ] when=25005721126000

D/InputReader( 2841): lastThreadEndTime = 25004774620888, currentThreadStartTime = 25004774627180, diff = 0

I/InputDispatcher( 2841): Delivering touch to (3144): action: 0x4, toolType: 1

I/InputDispatcher( 2841): Delivering touch to (10392): action: 0x0, toolType: 1

D/ViewRootImpl(10392): ViewPostImeInputStage ACTION_DOWN

I/InputReader( 2841): Touch event's action is 0x1 (deviceType=0) [pCnt=1, s=] when=25005868544000

I/InputDispatcher( 2841): Delivering touch to (10392): action: 0x1, toolType: 1

D/PagerViewer(10392): onReaderPageSelected: 2/7

D/StatusBar.NetworkController( 3144): refreshViews connected={ wifi } level=?? combinedSignalIconId=0x7f02054c/com.android.systemui:drawable/stat_sys_wifi_signal_4 mobileLabel= wifiLabel="Mantis" emergencyOnly=false combinedLabel="Mantis" mAirplaneMode=false mDataActivity=0 mPhoneSignalIconId=0x0/(null) mQSPhoneSignalIconId=0x0/(null) mDataDirectionIconId=0x0/(null) mDataSignalIconId=0x0/(null) mDataTypeIconId=0x0/(null) mQSDataTypeIconId=0x0/(null) mNoSimIconId=0x0/(null) mWifiIconId=0x7f02054c/com.android.systemui:drawable/stat_sys_wifi_signal_4 mQSWifiIconId=0x7f02023e/com.android.systemui:drawable/qs_tile_wifi_signal_4 mWifiActivityIconId=0x7f0204fa/com.android.systemui:drawable/stat_sys_signal_in mBluetoothTetherIconId=0x1080916/android:drawable/stat_sys_tether_bluetooth

D/StatusBar.NetworkController( 3144): refreshNwBoosterIndicator - setNWBoosterIndicators(false)

D/StatusBar.NetworkController( 3144): refreshNwBoosterIndicator - setNWBoosterIndicators(false)

D/StatusBar.NetworkController( 3144): refreshNwBoosterIndicator - setNWBoosterIndicators(false)

D/StatusBar.NetworkController( 3144): refreshNwBoosterIndicator - setNWBoosterIndicators(false)

I/InputReader( 2841): Touch event's action is 0x0 (deviceType=0) [pCnt=1, s=0.4741 ] when=25006877314000

D/InputReader( 2841): lastThreadEndTime = 25005868820930, currentThreadStartTime = 25005868829721, diff = 0

I/InputDispatcher( 2841): Delivering touch to (3144): action: 0x4, toolType: 1

I/InputDispatcher( 2841): Delivering touch to (10392): action: 0x0, toolType: 1

D/ViewRootImpl(10392): ViewPostImeInputStage ACTION_DOWN

I/InputReader( 2841): Touch event's action is 0x1 (deviceType=0) [pCnt=1, s=] when=25006985908000

I/InputDispatcher( 2841): Delivering touch to (10392): action: 0x1, toolType: 1

D/PagerViewer(10392): onReaderPageSelected: 3/7

I/InputReader( 2841): Touch event's action is 0x0 (deviceType=0) [pCnt=1, s=0.4742 ] when=25008312664000

D/InputReader( 2841): lastThreadEndTime = 25006986158680, currentThreadStartTime = 25006986168847, diff = 0

I/InputDispatcher( 2841): Delivering touch to (3144): action: 0x4, toolType: 1

D/PowerManagerService( 2841): [api] userActivityFromNative : 4770 (event: 2 flags: 0) eventTime = 25008312

I/InputDispatcher( 2841): Delivering touch to (10392): action: 0x0, toolType: 1

D/ViewRootImpl(10392): ViewPostImeInputStage ACTION_DOWN

I/InputReader( 2841): Touch event's action is 0x1 (deviceType=0) [pCnt=1, s=] when=25008360577000

I/InputDispatcher( 2841): Delivering touch to (10392): action: 0x1, toolType: 1

D/SensorService( 2841): [SO] 1.800 -0.249 9.807

I/InputReader( 2841): Touch event's action is 0x0 (deviceType=0) [pCnt=1, s=0.4743 ] when=25008794923000

D/InputReader( 2841): lastThreadEndTime = 25008360798930, currentThreadStartTime = 25008360803972, diff = 0

I/InputDispatcher( 2841): Delivering touch to (3144): action: 0x4, toolType: 1

I/InputDispatcher( 2841): Delivering touch to (10392): action: 0x0, toolType: 1

D/ViewRootImpl(10392): ViewPostImeInputStage ACTION_DOWN

I/InputReader( 2841): Touch event's action is 0x1 (deviceType=0) [pCnt=1, s=] when=25008914232000

I/InputDispatcher( 2841): Delivering touch to (10392): action: 0x1, toolType: 1

D/PagerViewer(10392): onReaderPageSelected: 4/7

D/SSRM:n  ( 2841): SIOP:: AP = 420, CUR = -744, LCD = 235

W/ActivityManager( 2841): getRunningAppProcesses: caller 10075 does not hold REAL_GET_TASKS; limiting output

I/InputReader( 2841): Touch event's action is 0x0 (deviceType=0) [pCnt=1, s=0.4744 ] when=25009948669000

D/InputReader( 2841): lastThreadEndTime = 25008914682389, currentThreadStartTime = 25008914695222, diff = 0

I/InputDispatcher( 2841): Delivering touch to (3144): action: 0x4, toolType: 1

I/InputDispatcher( 2841): Delivering touch to (10392): action: 0x0, toolType: 1

D/ViewRootImpl(10392): ViewPostImeInputStage ACTION_DOWN

I/InputReader( 2841): Touch event's action is 0x1 (deviceType=0) [pCnt=1, s=] when=25010018200000

I/InputDispatcher( 2841): Delivering touch to (10392): action: 0x1, toolType: 1

D/PagerViewer(10392): onReaderPageSelected: 5/7

D/BatteryService( 2841): !@BatteryListener : batteryPropertiesChanged!

D/BatteryService( 2841): level:63, scale:100, status:3, health:2, present:true, voltage: 3739, temperature: 392, technology: Li-ion, AC powered:false, USB powered:true, POGO powered:false, Wireless powered:false, icon:17303745, invalid charger:0

D/BatteryService( 2841): online:4, current avg:-763, charge type:1, power sharing:false, high voltage charger:false, capacity:280000, current_now:-1148

D/BatteryService( 2841): Sending ACTION_BATTERY_CHANGED.

D/KeyguardUpdateMonitor( 3144): received broadcast android.intent.action.BATTERY_CHANGED

I/PERF    ( 3144): received broadcast android.intent.action.BATTERY_CHANGED

D/BatteryMeterView( 3144): ACTION_BATTERY_CHANGED : level:63 status:3 health:2

D/BatteryMeterView( 3144): ACTION_BATTERY_CHANGED : level:63 status:3 health:2

D/KeyguardUpdateMonitor( 3144): handleBatteryUpdate

D/BatteryMeterView( 3144): ACTION_BATTERY_CHANGED : level:63 status:3 health:2

I/InputReader( 2841): Touch event's action is 0x0 (deviceType=0) [pCnt=1, s=0.4745 ] when=25011104809000

D/InputReader( 2841): lastThreadEndTime = 25010018530057, currentThreadStartTime = 25010018538765, diff = 0

I/InputDispatcher( 2841): Delivering touch to (3144): action: 0x4, toolType: 1

I/InputDispatcher( 2841): Delivering touch to (10392): action: 0x0, toolType: 1

D/ViewRootImpl(10392): ViewPostImeInputStage ACTION_DOWN

I/InputReader( 2841): Touch event's action is 0x1 (deviceType=0) [pCnt=1, s=] when=25011213280000

I/InputDispatcher( 2841): Delivering touch to (10392): action: 0x1, toolType: 1

D/PagerViewer(10392): onReaderPageSelected: 6/7

D/StatusBar.NetworkController( 3144): refreshViews connected={ wifi } level=?? combinedSignalIconId=0x7f02054c/com.android.systemui:drawable/stat_sys_wifi_signal_4 mobileLabel= wifiLabel="Mantis" emergencyOnly=false combinedLabel="Mantis" mAirplaneMode=false mDataActivity=0 mPhoneSignalIconId=0x0/(null) mQSPhoneSignalIconId=0x0/(null) mDataDirectionIconId=0x0/(null) mDataSignalIconId=0x0/(null) mDataTypeIconId=0x0/(null) mQSDataTypeIconId=0x0/(null) mNoSimIconId=0x0/(null) mWifiIconId=0x7f02054c/com.android.systemui:drawable/stat_sys_wifi_signal_4 mQSWifiIconId=0x7f02023e/com.android.systemui:drawable/qs_tile_wifi_signal_4 mWifiActivityIconId=0x7f0204ff/com.android.systemui:drawable/stat_sys_signal_no_inout mBluetoothTetherIconId=0x1080916/android:drawable/stat_sys_tether_bluetooth

D/StatusBar.NetworkController( 3144): refreshNwBoosterIndicator - setNWBoosterIndicators(false)

D/StatusBar.NetworkController( 3144): refreshNwBoosterIndicator - setNWBoosterIndicators(false)

D/StatusBar.NetworkController( 3144): refreshNwBoosterIndicator - setNWBoosterIndicators(false)

D/StatusBar.NetworkController( 3144): refreshNwBoosterIndicator - setNWBoosterIndicators(false)

I/InputReader( 2841): Touch event's action is 0x0 (deviceType=0) [pCnt=1, s=0.4746 ] when=25012242956000

D/InputReader( 2841): lastThreadEndTime = 25011213536307, currentThreadStartTime = 25011213544640, diff = 0

I/InputDispatcher( 2841): Delivering touch to (3144): action: 0x4, toolType: 1

I/InputDispatcher( 2841): Delivering touch to (10392): action: 0x0, toolType: 1

D/ViewRootImpl(10392): ViewPostImeInputStage ACTION_DOWN

I/InputReader( 2841): Touch event's action is 0x1 (deviceType=0) [pCnt=1, s=] when=25012370966000

I/InputDispatcher( 2841): Delivering touch to (10392): action: 0x1, toolType: 1

D/PagerViewer(10392): onReaderPageSelected: 7/7

D/PagerViewer(10392): Request preload next chapter because we're at the last page

D/ReaderPresenter(10392): Preloading /the_abandoned_empress/vol1/13?mtr=1

D/ChapterLoader$loadChapt(10392): Loading pages for Брошенная императрица 1 - 13

D/PagerViewer(10392): setChaptersInternal

I/InputReader( 2841): Touch event's action is 0x0 (deviceType=0) [pCnt=1, s=0.4747 ] when=25013254048000

D/InputReader( 2841): lastThreadEndTime = 25012374246724, currentThreadStartTime = 25012374260057, diff = 0

I/InputDispatcher( 2841): Delivering touch to (3144): action: 0x4, toolType: 1

I/InputDispatcher( 2841): Delivering touch to (10392): action: 0x0, toolType: 1

D/ViewRootImpl(10392): ViewPostImeInputStage ACTION_DOWN

I/InputReader( 2841): Touch event's action is 0x1 (deviceType=0) [pCnt=1, s=] when=25013400282000

I/InputDispatcher( 2841): Delivering touch to (10392): action: 0x1, toolType: 1

D/PagerViewer(10392): onTransitionSelected: Next(from=/the_abandoned_empress/vol1/12?mtr=1, to=/the_abandoned_empress/vol1/13?mtr=1)

D/PagerViewer(10392): Request preload destination chapter because we're on the transition

I/InputReader( 2841): Touch event's action is 0x0 (deviceType=0) [pCnt=1, s=0.4748 ] when=25014420504000

D/InputReader( 2841): lastThreadEndTime = 25013400666017, currentThreadStartTime = 25013400677808, diff = 0

I/InputDispatcher( 2841): Delivering touch to (3144): action: 0x4, toolType: 1

I/InputDispatcher( 2841): Delivering touch to (10392): action: 0x0, toolType: 1

D/ViewRootImpl(10392): ViewPostImeInputStage ACTION_DOWN

I/InputReader( 2841): Touch event's action is 0x1 (deviceType=0) [pCnt=1, s=] when=25014557402000

I/InputDispatcher( 2841): Delivering touch to (10392): action: 0x1, toolType: 1

D/PagerViewer(10392): onReaderPageSelected: 1/7

D/ReaderPresenter(10392): Setting /the_abandoned_empress/vol1/13?mtr=1 as active

D/ReaderPresenter(10392): Loading /the_abandoned_empress/vol1/13?mtr=1

D/ReaderChapter(10392): Recycling chapter Брошенная императрица 1 - 11

W/ActivityManager( 2841): getRunningAppProcesses: caller 10075 does not hold REAL_GET_TASKS; limiting output

D/PagerViewer(10392): setChaptersInternal

I/InputReader( 2841): Touch event's action is 0x0 (deviceType=0) [pCnt=1, s=0.4749 ] when=25015786019000

D/InputReader( 2841): lastThreadEndTime = 25014557657017, currentThreadStartTime = 25014557663142, diff = 0

I/InputDispatcher( 2841): Delivering touch to (3144): action: 0x4, toolType: 1

I/InputDispatcher( 2841): Delivering touch to (10392): action: 0x0, toolType: 1

D/ViewRootImpl(10392): ViewPostImeInputStage ACTION_DOWN

I/InputReader( 2841): Touch event's action is 0x1 (deviceType=0) [pCnt=1, s=] when=25015893753000

I/InputDispatcher( 2841): Delivering touch to (10392): action: 0x1, toolType: 1

D/PagerViewer(10392): onReaderPageSelected: 2/7

I/InputReader( 2841): Touch event's action is 0x0 (deviceType=0) [pCnt=1, s=0.4750 ] when=25016909842000

D/InputReader( 2841): lastThreadEndTime = 25015894079393, currentThreadStartTime = 25015894090768, diff = 0

I/InputDispatcher( 2841): Delivering touch to (3144): action: 0x4, toolType: 1

I/InputDispatcher( 2841): Delivering touch to (10392): action: 0x0, toolType: 1

D/ViewRootImpl(10392): ViewPostImeInputStage ACTION_DOWN

I/InputReader( 2841): Touch event's action is 0x1 (deviceType=0) [pCnt=1, s=] when=25017037678000

I/InputDispatcher( 2841): Delivering touch to (10392): action: 0x1, toolType: 1

D/PagerViewer(10392): onReaderPageSelected: 3/7

I/InputReader( 2841): Touch event's action is 0x0 (deviceType=0) [pCnt=1, s=0.4751 ] when=25018158470000

D/InputReader( 2841): lastThreadEndTime = 25017037938602, currentThreadStartTime = 25017037946060, diff = 0

I/InputDispatcher( 2841): Delivering touch to (3144): action: 0x4, toolType: 1

I/InputDispatcher( 2841): Delivering touch to (10392): action: 0x0, toolType: 1

D/ViewRootImpl(10392): ViewPostImeInputStage ACTION_DOWN

D/SensorService( 2841): [SO] 1.800 -0.287 9.845

I/InputReader( 2841): Touch event's action is 0x1 (deviceType=0) [pCnt=1, s=] when=25018316243000

I/InputDispatcher( 2841): Delivering touch to (10392): action: 0x1, toolType: 1

D/PagerViewer(10392): onReaderPageSelected: 4/7

D/SSRM:n  ( 2841): SIOP:: AP = 430, CUR = -763, LCD = 235

I/InputReader( 2841): Touch event's action is 0x0 (deviceType=0) [pCnt=1, s=0.4752 ] when=25019320434000

D/InputReader( 2841): lastThreadEndTime = 25018316769727, currentThreadStartTime = 25018316785227, diff = 0

I/InputDispatcher( 2841): Delivering touch to (3144): action: 0x4, toolType: 1

D/PowerManagerService( 2841): [api] userActivityFromNative : 4780 (event: 2 flags: 0) eventTime = 25019320

I/InputDispatcher( 2841): Delivering touch to (10392): action: 0x0, toolType: 1

D/ViewRootImpl(10392): ViewPostImeInputStage ACTION_DOWN

I/InputReader( 2841): Touch event's action is 0x1 (deviceType=0) [pCnt=1, s=] when=25019457664000

I/InputDispatcher( 2841): Delivering touch to (10392): action: 0x1, toolType: 1

D/PagerViewer(10392): onReaderPageSelected: 5/7

W/ActivityManager( 2841): getRunningAppProcesses: caller 10075 does not hold REAL_GET_TASKS; limiting output

D/BatteryService( 2841): !@BatteryListener : batteryPropertiesChanged!

D/BatteryService( 2841): level:63, scale:100, status:3, health:2, present:true, voltage: 3725, temperature: 391, technology: Li-ion, AC powered:false, USB powered:true, POGO powered:false, Wireless powered:false, icon:17303745, invalid charger:0

D/BatteryService( 2841): online:4, current avg:-780, charge type:1, power sharing:false, high voltage charger:false, capacity:280000, current_now:-1233

D/BatteryService( 2841): Sending ACTION_BATTERY_CHANGED.

D/KeyguardUpdateMonitor( 3144): received broadcast android.intent.action.BATTERY_CHANGED

I/PERF    ( 3144): received broadcast android.intent.action.BATTERY_CHANGED

D/KeyguardUpdateMonitor( 3144): handleBatteryUpdate

D/BatteryMeterView( 3144): ACTION_BATTERY_CHANGED : level:63 status:3 health:2

D/BatteryMeterView( 3144): ACTION_BATTERY_CHANGED : level:63 status:3 health:2

D/BatteryMeterView( 3144): ACTION_BATTERY_CHANGED : level:63 status:3 health:2

I/InputReader( 2841): Touch event's action is 0x0 (deviceType=0) [pCnt=1, s=0.4753 ] when=25020516417000

D/InputReader( 2841): lastThreadEndTime = 25019458022395, currentThreadStartTime = 25019458030645, diff = 0

I/InputDispatcher( 2841): Delivering touch to (3144): action: 0x4, toolType: 1

I/InputDispatcher( 2841): Delivering touch to (10392): action: 0x0, toolType: 1

D/ViewRootImpl(10392): ViewPostImeInputStage ACTION_DOWN

I/InputReader( 2841): Touch event's action is 0x1 (deviceType=0) [pCnt=1, s=] when=25020604554000

I/InputDispatcher( 2841): Delivering touch to (10392): action: 0x1, toolType: 1

D/PagerViewer(10392): onReaderPageSelected: 6/7

W/Image   (10392): /home/jitpack/build/library/src/main/jni/png/image_png.c(125): iCCP: known incorrect sRGB profile

W/Image   (10392): /home/jitpack/build/library/src/main/jni/png/image_png.c(125): iCCP: known incorrect sRGB profile

I/InputReader( 2841): Touch event's action is 0x0 (deviceType=0) [pCnt=1, s=0.4754 ] when=25021724056000

D/InputReader( 2841): lastThreadEndTime = 25020604844187, currentThreadStartTime = 25020604850812, diff = 0

I/InputDispatcher( 2841): Delivering touch to (3144): action: 0x4, toolType: 1

I/InputDispatcher( 2841): Delivering touch to (10392): action: 0x0, toolType: 1

D/ViewRootImpl(10392): ViewPostImeInputStage ACTION_DOWN

W/Image   (10392): /home/jitpack/build/library/src/main/jni/png/image_png.c(125): iCCP: known incorrect sRGB profile

I/InputReader( 2841): Touch event's action is 0x1 (deviceType=0) [pCnt=1, s=] when=25021831689000

I/InputDispatcher( 2841): Delivering touch to (10392): action: 0x1, toolType: 1

D/PagerViewer(10392): onReaderPageSelected: 7/7

D/PagerViewer(10392): Request preload next chapter because we're at the last page

D/ReaderPresenter(10392): Preloading /the_abandoned_empress/vol1/14?mtr=1

D/ChapterLoader$loadChapt(10392): Loading pages for Брошенная императрица 1 - 14

D/PagerViewer(10392): setChaptersInternal

I/InputReader( 2841): Touch event's action is 0x0 (deviceType=0) [pCnt=1, s=0.4755 ] when=25022838155000

D/InputReader( 2841): lastThreadEndTime = 25021831917437, currentThreadStartTime = 25021831926354, diff = 0

I/InputDispatcher( 2841): Delivering touch to (3144): action: 0x4, toolType: 1

I/InputDispatcher( 2841): Delivering touch to (10392): action: 0x0, toolType: 1

D/ViewRootImpl(10392): ViewPostImeInputStage ACTION_DOWN

I/InputReader( 2841): Touch event's action is 0x1 (deviceType=0) [pCnt=1, s=] when=25022955775000

I/InputDispatcher( 2841): Delivering touch to (10392): action: 0x1, toolType: 1

D/PagerViewer(10392): onTransitionSelected: Next(from=/the_abandoned_empress/vol1/13?mtr=1, to=/the_abandoned_empress/vol1/14?mtr=1)

D/PagerViewer(10392): Request preload destination chapter because we're on the transition

W/Image   (10392): /home/jitpack/build/library/src/main/jni/png/image_png.c(125): iCCP: known incorrect sRGB profile

W/Image   (10392): /home/jitpack/build/library/src/main/jni/png/image_png.c(125): iCCP: known incorrect sRGB profile

I/InputReader( 2841): Touch event's action is 0x0 (deviceType=0) [pCnt=1, s=0.4756 ] when=25024056740000

D/InputReader( 2841): lastThreadEndTime = 25022956165564, currentThreadStartTime = 25022956175522, diff = 0

I/InputDispatcher( 2841): Delivering touch to (3144): action: 0x4, toolType: 1

I/InputDispatcher( 2841): Delivering touch to (10392): action: 0x0, toolType: 1

D/ViewRootImpl(10392): ViewPostImeInputStage ACTION_DOWN

I/InputReader( 2841): Touch event's action is 0x1 (deviceType=0) [pCnt=1, s=] when=25024184604000

I/InputDispatcher( 2841): Delivering touch to (10392): action: 0x1, toolType: 1

D/PagerViewer(10392): onReaderPageSelected: 1/5

D/ReaderPresenter(10392): Setting /the_abandoned_empress/vol1/14?mtr=1 as active

D/ReaderPresenter(10392): Loading /the_abandoned_empress/vol1/14?mtr=1

D/ReaderChapter(10392): Recycling chapter Брошенная императрица 1 - 12

W/Image   (10392): /home/jitpack/build/library/src/main/jni/png/image_png.c(125): iCCP: known incorrect sRGB profile

D/PagerViewer(10392): setChaptersInternal

W/ActivityManager( 2841): getRunningAppProcesses: caller 10075 does not hold REAL_GET_TASKS; limiting output

I/InputReader( 2841): Touch event's action is 0x0 (deviceType=0) [pCnt=1, s=0.4757 ] when=25025359966000

D/InputReader( 2841): lastThreadEndTime = 25024184822980, currentThreadStartTime = 25024184830438, diff = 0

I/InputDispatcher( 2841): Delivering touch to (3144): action: 0x4, toolType: 1

I/InputDispatcher( 2841): Delivering touch to (10392): action: 0x0, toolType: 1

D/ViewRootImpl(10392): ViewPostImeInputStage ACTION_DOWN

I/InputReader( 2841): Touch event's action is 0x1 (deviceType=0) [pCnt=1, s=] when=25025438303000

I/InputDispatcher( 2841): Delivering touch to (10392): action: 0x1, toolType: 1

D/PagerViewer(10392): onReaderPageSelected: 2/5

I/InputReader( 2841): Touch event's action is 0x0 (deviceType=0) [pCnt=1, s=0.4758 ] when=25026809529000

D/InputReader( 2841): lastThreadEndTime = 25025438580981, currentThreadStartTime = 25025438589481, diff = 0

I/InputDispatcher( 2841): Delivering touch to (3144): action: 0x4, toolType: 1

I/InputDispatcher( 2841): Delivering touch to (10392): action: 0x0, toolType: 1

D/ViewRootImpl(10392): ViewPostImeInputStage ACTION_DOWN

I/InputReader( 2841): Touch event's action is 0x1 (deviceType=0) [pCnt=1, s=] when=25026898701000

I/InputDispatcher( 2841): Delivering touch to (10392): action: 0x1, toolType: 1

D/PagerViewer(10392): onReaderPageSelected: 3/5

I/InputReader( 2841): Touch event's action is 0x0 (deviceType=0) [pCnt=1, s=0.4759 ] when=25027724104000

D/InputReader( 2841): lastThreadEndTime = 25026899043148, currentThreadStartTime = 25026899050231, diff = 0

I/InputDispatcher( 2841): Delivering touch to (3144): action: 0x4, toolType: 1

I/InputDispatcher( 2841): Delivering touch to (10392): action: 0x0, toolType: 1

D/ViewRootImpl(10392): ViewPostImeInputStage ACTION_DOWN

I/InputReader( 2841): Touch event's action is 0x1 (deviceType=0) [pCnt=1, s=] when=25027863482000

I/InputDispatcher( 2841): Delivering touch to (10392): action: 0x1, toolType: 1

D/PagerViewer(10392): onReaderPageSelected: 4/5

D/SensorService( 2841): [SO] 1.829 -0.249 9.826

W/ActivityManager( 2841): getRunningAppProcesses: caller 10075 does not hold REAL_GET_TASKS; limiting output

D/SSRM:n  ( 2841): SIOP:: AP = 430, CUR = -780, LCD = 235

I/InputReader( 2841): Touch event's action is 0x0 (deviceType=0) [pCnt=1, s=0.4760 ] when=25029340919000

D/InputReader( 2841): lastThreadEndTime = 25027863772940, currentThreadStartTime = 25027863781274, diff = 0

I/InputDispatcher( 2841): Delivering touch to (3144): action: 0x4, toolType: 1

I/InputDispatcher( 2841): Delivering touch to (10392): action: 0x0, toolType: 1

D/ViewRootImpl(10392): ViewPostImeInputStage ACTION_DOWN

I/InputReader( 2841): Touch event's action is 0x1 (deviceType=0) [pCnt=1, s=] when=25029547762000

I/InputDispatcher( 2841): Delivering touch to (10392): action: 0x1, toolType: 1

D/PagerViewer(10392): onReaderPageSelected: 5/5

D/PagerViewer(10392): Request preload next chapter because we're at the last page

D/ReaderPresenter(10392): Preloading /the_abandoned_empress/vol1/15?mtr=1

D/ChapterLoader$loadChapt(10392): Loading pages for Брошенная императрица 1 - 15

W/ActivityManager( 2841): getRunningAppProcesses: caller 10075 does not hold REAL_GET_TASKS; limiting output

D/PagerViewer(10392): setChaptersInternal

I/InputReader( 2841): Touch event's action is 0x0 (deviceType=0) [pCnt=1, s=0.4761 ] when=25030476640000

D/InputReader( 2841): lastThreadEndTime = 25029548057441, currentThreadStartTime = 25029548065191, diff = 0

I/InputDispatcher( 2841): Delivering touch to (3144): action: 0x4, toolType: 1

I/InputDispatcher( 2841): Delivering touch to (10392): action: 0x0, toolType: 1

D/ViewRootImpl(10392): ViewPostImeInputStage ACTION_DOWN

D/BatteryService( 2841): !@BatteryListener : batteryPropertiesChanged!

D/BatteryService( 2841): level:63, scale:100, status:3, health:2, present:true, voltage: 3778, temperature: 393, technology: Li-ion, AC powered:false, USB powered:true, POGO powered:false, Wireless powered:false, icon:17303745, invalid charger:0

D/BatteryService( 2841): online:4, current avg:-802, charge type:1, power sharing:false, high voltage charger:false, capacity:280000, current_now:-828

D/BatteryService( 2841): Sending ACTION_BATTERY_CHANGED.

D/KeyguardUpdateMonitor( 3144): received broadcast android.intent.action.BATTERY_CHANGED

I/PERF    ( 3144): received broadcast android.intent.action.BATTERY_CHANGED

D/KeyguardUpdateMonitor( 3144): handleBatteryUpdate

D/BatteryMeterView( 3144): ACTION_BATTERY_CHANGED : level:63 status:3 health:2

D/BatteryMeterView( 3144): ACTION_BATTERY_CHANGED : level:63 status:3 health:2

D/BatteryMeterView( 3144): ACTION_BATTERY_CHANGED : level:63 status:3 health:2

I/InputReader( 2841): Touch event's action is 0x1 (deviceType=0) [pCnt=1, s=] when=25030603743000

I/InputDispatcher( 2841): Delivering touch to (10392): action: 0x1, toolType: 1

D/PagerViewer(10392): onTransitionSelected: Next(from=/the_abandoned_empress/vol1/14?mtr=1, to=/the_abandoned_empress/vol1/15?mtr=1)

D/PagerViewer(10392): Request preload destination chapter because we're on the transition

I/InputReader( 2841): Touch event's action is 0x0 (deviceType=0) [pCnt=1, s=0.4762 ] when=25032319836000

D/InputReader( 2841): lastThreadEndTime = 25030604034566, currentThreadStartTime = 25030604043566, diff = 0

I/InputDispatcher( 2841): Delivering touch to (3144): action: 0x4, toolType: 1

I/InputDispatcher( 2841): Delivering touch to (10392): action: 0x0, toolType: 1

D/PowerManagerService( 2841): [api] userActivityFromNative : 4790 (event: 2 flags: 0) eventTime = 25032319

D/ViewRootImpl(10392): ViewPostImeInputStage ACTION_DOWN

I/InputReader( 2841): Touch event's action is 0x1 (deviceType=0) [pCnt=1, s=] when=25032417846000

I/InputDispatcher( 2841): Delivering touch to (10392): action: 0x1, toolType: 1

D/PagerViewer(10392): onReaderPageSelected: 1/8

D/ReaderPresenter(10392): Setting /the_abandoned_empress/vol1/15?mtr=1 as active

D/ReaderPresenter(10392): Loading /the_abandoned_empress/vol1/15?mtr=1

D/ReaderChapter(10392): Recycling chapter Брошенная императрица 1 - 13

D/PagerViewer(10392): setChaptersInternal

I/InputReader( 2841): Touch event's action is 0x0 (deviceType=0) [pCnt=1, s=0.4763 ] when=25033238375000

D/InputReader( 2841): lastThreadEndTime = 25032418276484, currentThreadStartTime = 25032418289776, diff = 0

I/InputDispatcher( 2841): Delivering touch to (3144): action: 0x4, toolType: 1

I/InputDispatcher( 2841): Delivering touch to (10392): action: 0x0, toolType: 1

D/ViewRootImpl(10392): ViewPostImeInputStage ACTION_DOWN

I/InputReader( 2841): Touch event's action is 0x1 (deviceType=0) [pCnt=1, s=] when=25033367873000

I/InputDispatcher( 2841): Delivering touch to (10392): action: 0x1, toolType: 1

D/PagerViewer(10392): onReaderPageSelected: 2/8

E/Watchdog( 2841): !@Sync 832 [02-28 23:02:41.580]

W/ActivityManager( 2841): getRunningAppProcesses: caller 10075 does not hold REAL_GET_TASKS; limiting output

I/InputReader( 2841): Touch event's action is 0x0 (deviceType=0) [pCnt=1, s=0.4764 ] when=25036326228000

D/InputReader( 2841): lastThreadEndTime = 25034776827027, currentThreadStartTime = 25034776845152, diff = 0

I/InputDispatcher( 2841): Delivering touch to (3144): action: 0x4, toolType: 1

I/InputDispatcher( 2841): Delivering touch to (10392): action: 0x0, toolType: 1

D/ViewRootImpl(10392): ViewPostImeInputStage ACTION_DOWN

I/InputReader( 2841): Touch event's action is 0x1 (deviceType=0) [pCnt=1, s=] when=25036434205000

I/InputDispatcher( 2841): Delivering touch to (10392): action: 0x1, toolType: 1

D/PagerViewer(10392): onReaderPageSelected: 3/8

I/InputReader( 2841): Touch event's action is 0x0 (deviceType=0) [pCnt=1, s=0.4765 ] when=25037348952000

D/InputReader( 2841): lastThreadEndTime = 25036434790484, currentThreadStartTime = 25036434807234, diff = 0

I/InputDispatcher( 2841): Delivering touch to (3144): action: 0x4, toolType: 1

I/InputDispatcher( 2841): Delivering touch to (10392): action: 0x0, toolType: 1

D/ViewRootImpl(10392): ViewPostImeInputStage ACTION_DOWN

I/InputReader( 2841): Touch event's action is 0x1 (deviceType=0) [pCnt=1, s=] when=25037458125000

I/InputDispatcher( 2841): Delivering touch to (10392): action: 0x1, toolType: 1

D/PagerViewer(10392): onReaderPageSelected: 4/8

D/SensorService( 2841): [SO] 1.781 -0.278 9.845

I/InputReader( 2841): Touch event's action is 0x0 (deviceType=0) [pCnt=1, s=0.4766 ] when=25038505441000

D/InputReader( 2841): lastThreadEndTime = 25037458441779, currentThreadStartTime = 25037458450695, diff = 0

I/InputDispatcher( 2841): Delivering touch to (3144): action: 0x4, toolType: 1

I/InputDispatcher( 2841): Delivering touch to (10392): action: 0x0, toolType: 1

D/ViewRootImpl(10392): ViewPostImeInputStage ACTION_DOWN

I/InputReader( 2841): Touch event's action is 0x1 (deviceType=0) [pCnt=1, s=] when=25038604224000

I/InputDispatcher( 2841): Delivering touch to (10392): action: 0x1, toolType: 1

D/PagerViewer(10392): onReaderPageSelected: 5/8

D/SSRM:n  ( 2841): SIOP:: AP = 430, CUR = -802, LCD = 235

I/InputReader( 2841): Touch event's action is 0x0 (deviceType=0) [pCnt=1, s=0.4767 ] when=25039476061000

D/InputReader( 2841): lastThreadEndTime = 25038604528195, currentThreadStartTime = 25038604538029, diff = 0

I/InputDispatcher( 2841): Delivering touch to (3144): action: 0x4, toolType: 1

I/InputDispatcher( 2841): Delivering touch to (10392): action: 0x0, toolType: 1

D/ViewRootImpl(10392): ViewPostImeInputStage ACTION_DOWN

I/InputReader( 2841): Touch event's action is 0x1 (deviceType=0) [pCnt=1, s=] when=25039594224000

I/InputDispatcher( 2841): Delivering touch to (10392): action: 0x1, toolType: 1

D/PagerViewer(10392): onReaderPageSelected: 6/8

W/ActivityManager( 2841): getRunningAppProcesses: caller 10075 does not hold REAL_GET_TASKS; limiting output

I/InputReader( 2841): Touch event's action is 0x0 (deviceType=0) [pCnt=1, s=0.4768 ] when=25040515116000

D/InputReader( 2841): lastThreadEndTime = 25039594462946, currentThreadStartTime = 25039594470821, diff = 0

I/InputDispatcher( 2841): Delivering touch to (3144): action: 0x4, toolType: 1

I/InputDispatcher( 2841): Delivering touch to (10392): action: 0x0, toolType: 1

D/ViewRootImpl(10392): ViewPostImeInputStage ACTION_DOWN

I/InputReader( 2841): Touch event's action is 0x1 (deviceType=0) [pCnt=1, s=] when=25040652910000

I/InputDispatcher( 2841): Delivering touch to (10392): action: 0x1, toolType: 1

D/PagerViewer(10392): onReaderPageSelected: 7/8

D/BatteryService( 2841): !@BatteryListener : batteryPropertiesChanged!

D/BatteryService( 2841): level:63, scale:100, status:3, health:2, present:true, voltage: 3732, temperature: 393, technology: Li-ion, AC powered:false, USB powered:true, POGO powered:false, Wireless powered:false, icon:17303745, invalid charger:0

D/BatteryService( 2841): online:4, current avg:-809, charge type:1, power sharing:false, high voltage charger:false, capacity:280000, current_now:-1151

D/BatteryService( 2841): Sending ACTION_BATTERY_CHANGED.

D/KeyguardUpdateMonitor( 3144): received broadcast android.intent.action.BATTERY_CHANGED

I/PERF    ( 3144): received broadcast android.intent.action.BATTERY_CHANGED

D/BatteryMeterView( 3144): ACTION_BATTERY_CHANGED : level:63 status:3 health:2

D/BatteryMeterView( 3144): ACTION_BATTERY_CHANGED : level:63 status:3 health:2

D/KeyguardUpdateMonitor( 3144): handleBatteryUpdate

D/BatteryMeterView( 3144): ACTION_BATTERY_CHANGED : level:63 status:3 health:2

I/InputReader( 2841): Touch event's action is 0x0 (deviceType=0) [pCnt=1, s=0.4769 ] when=25041705966000

D/InputReader( 2841): lastThreadEndTime = 25040653383488, currentThreadStartTime = 25040653400196, diff = 0

I/InputDispatcher( 2841): Delivering touch to (3144): action: 0x4, toolType: 1

