D/ViewRootImpl(10392): ViewPostImeInputStage ACTION_DOWN

I/InputReader( 2841): Touch event's action is 0x1 (deviceType=0) [pCnt=1, s=] when=24849242713000

I/InputDispatcher( 2841): Delivering touch to (10392): action: 0x1, toolType: 1

D/PagerViewer(10392): onReaderPageSelected: 1/4

D/ReaderPresenter(10392): Setting /the_abandoned_empress/vol1/3?mtr=1 as active

D/ReaderPresenter(10392): Loading /the_abandoned_empress/vol1/3?mtr=1

D/ReaderChapter(10392): Recycling chapter Брошенная императрица 1 - 1

D/BatteryService( 2841): !@BatteryListener : batteryPropertiesChanged!

D/BatteryService( 2841): level:63, scale:100, status:3, health:2, present:true, voltage: 3757, temperature: 382, technology: Li-ion, AC powered:false, USB powered:true, POGO powered:false, Wireless powered:false, icon:17303745, invalid charger:0

D/BatteryService( 2841): online:4, current avg:-582, charge type:1, power sharing:false, high voltage charger:false, capacity:280000, current_now:-1095

D/BatteryService( 2841): Sending ACTION_BATTERY_CHANGED.

D/KeyguardUpdateMonitor( 3144): received broadcast android.intent.action.BATTERY_CHANGED

I/PERF    ( 3144): received broadcast android.intent.action.BATTERY_CHANGED

D/KeyguardUpdateMonitor( 3144): handleBatteryUpdate

D/BatteryMeterView( 3144): ACTION_BATTERY_CHANGED : level:63 status:3 health:2

D/BatteryMeterView( 3144): ACTION_BATTERY_CHANGED : level:63 status:3 health:2

D/BatteryMeterView( 3144): ACTION_BATTERY_CHANGED : level:63 status:3 health:2

W/ActivityManager( 2841): getRunningAppProcesses: caller 10075 does not hold REAL_GET_TASKS; limiting output

D/PagerViewer(10392): setChaptersInternal

D/SensorService( 2841): [SO] 1.695 -0.287 9.855

I/InputReader( 2841): Touch event's action is 0x0 (deviceType=0) [pCnt=1, s=0.4622 ] when=24850576140000

D/InputReader( 2841): lastThreadEndTime = 24849242980730, currentThreadStartTime = 24849242988647, diff = 0

I/InputDispatcher( 2841): Delivering touch to (10392): action: 0x0, toolType: 1

D/ViewRootImpl(10392): ViewPostImeInputStage ACTION_DOWN

I/InputReader( 2841): Touch event's action is 0x1 (deviceType=0) [pCnt=1, s=] when=24850724413000

I/InputDispatcher( 2841): Delivering touch to (10392): action: 0x1, toolType: 1

D/PagerViewer(10392): onReaderPageSelected: 2/4

I/InputReader( 2841): Touch event's action is 0x0 (deviceType=0) [pCnt=1, s=0.4623 ] when=24851769573000

D/InputReader( 2841): lastThreadEndTime = 24850724670231, currentThreadStartTime = 24850724675981, diff = 0

I/InputDispatcher( 2841): Delivering touch to (10392): action: 0x0, toolType: 1

D/ViewRootImpl(10392): ViewPostImeInputStage ACTION_DOWN

I/InputReader( 2841): Touch event's action is 0x1 (deviceType=0) [pCnt=1, s=] when=24852007095000

I/InputDispatcher( 2841): Delivering touch to (10392): action: 0x1, toolType: 1

D/PagerViewer(10392): onReaderPageSelected: 3/4

I/InputReader( 2841): Touch event's action is 0x0 (deviceType=0) [pCnt=1, s=0.4624 ] when=24853172436000

D/InputReader( 2841): lastThreadEndTime = 24852007369023, currentThreadStartTime = 24852007378898, diff = 0

I/InputDispatcher( 2841): Delivering touch to (10392): action: 0x0, toolType: 1

D/ViewRootImpl(10392): ViewPostImeInputStage ACTION_DOWN

I/InputReader( 2841): Touch event's action is 0x1 (deviceType=0) [pCnt=1, s=] when=24853370512000

I/InputDispatcher( 2841): Delivering touch to (10392): action: 0x1, toolType: 1

D/PagerViewer(10392): onReaderPageSelected: 4/4

D/PagerViewer(10392): Request preload next chapter because we're at the last page

D/ReaderPresenter(10392): Preloading /the_abandoned_empress/vol1/4?mtr=1

D/ChapterLoader$loadChapt(10392): Loading pages for Брошенная императрица 1 - 4

D/PagerViewer(10392): setChaptersInternal

I/InputReader( 2841): Touch event's action is 0x0 (deviceType=0) [pCnt=1, s=0.4625 ] when=24854397513000

D/InputReader( 2841): lastThreadEndTime = 24853370897523, currentThreadStartTime = 24853370910648, diff = 0

I/InputDispatcher( 2841): Delivering touch to (10392): action: 0x0, toolType: 1

D/ViewRootImpl(10392): ViewPostImeInputStage ACTION_DOWN

I/InputReader( 2841): Touch event's action is 0x1 (deviceType=0) [pCnt=1, s=] when=24854705703000

I/InputDispatcher( 2841): Delivering touch to (10392): action: 0x1, toolType: 1

D/PagerViewer(10392): onTransitionSelected: Next(from=/the_abandoned_empress/vol1/3?mtr=1, to=/the_abandoned_empress/vol1/4?mtr=1)

D/PagerViewer(10392): Request preload destination chapter because we're on the transition

E/Watchdog( 2841): !@Sync 826 [02-28 22:59:41.571]

W/ActivityManager( 2841): getRunningAppProcesses: caller 10075 does not hold REAL_GET_TASKS; limiting output

I/InputReader( 2841): Touch event's action is 0x0 (deviceType=0) [pCnt=1, s=0.4626 ] when=24857172965000

D/InputReader( 2841): lastThreadEndTime = 24854767834232, currentThreadStartTime = 24854767847107, diff = 0

I/InputDispatcher( 2841): Delivering touch to (10392): action: 0x0, toolType: 1

D/ViewRootImpl(10392): ViewPostImeInputStage ACTION_DOWN

D/PowerManagerService( 2841): [api] userActivityFromNative : 4630 (event: 2 flags: 0) eventTime = 24857679

I/InputReader( 2841): Touch event's action is 0x1 (deviceType=0) [pCnt=1, s=] when=24857996859000

I/InputDispatcher( 2841): Delivering touch to (10392): action: 0x1, toolType: 1

D/PagerViewer(10392): onReaderPageSelected: 1/10

D/ReaderPresenter(10392): Setting /the_abandoned_empress/vol1/4?mtr=1 as active

D/ReaderPresenter(10392): Loading /the_abandoned_empress/vol1/4?mtr=1

D/ReaderChapter(10392): Recycling chapter Брошенная императрица 1 - 2

D/PagerViewer(10392): setChaptersInternal

D/SSRM:n  ( 2841): SIOP:: AP = 400, CUR = -582, LCD = 235

I/InputReader( 2841): Touch event's action is 0x0 (deviceType=0) [pCnt=1, s=0.4627 ] when=24859402174000

D/InputReader( 2841): lastThreadEndTime = 24857997224901, currentThreadStartTime = 24857997237026, diff = 0

I/InputDispatcher( 2841): Delivering touch to (10392): action: 0x0, toolType: 1

D/ViewRootImpl(10392): ViewPostImeInputStage ACTION_DOWN

D/BatteryService( 2841): !@BatteryListener : batteryPropertiesChanged!

D/BatteryService( 2841): level:63, scale:100, status:3, health:2, present:true, voltage: 3794, temperature: 382, technology: Li-ion, AC powered:false, USB powered:true, POGO powered:false, Wireless powered:false, icon:17303745, invalid charger:0

D/BatteryService( 2841): online:4, current avg:-590, charge type:1, power sharing:false, high voltage charger:false, capacity:280000, current_now:-779

D/BatteryService( 2841): Sending ACTION_BATTERY_CHANGED.

D/KeyguardUpdateMonitor( 3144): received broadcast android.intent.action.BATTERY_CHANGED

I/PERF    ( 3144): received broadcast android.intent.action.BATTERY_CHANGED

D/KeyguardUpdateMonitor( 3144): handleBatteryUpdate

D/BatteryMeterView( 3144): ACTION_BATTERY_CHANGED : level:63 status:3 health:2

D/BatteryMeterView( 3144): ACTION_BATTERY_CHANGED : level:63 status:3 health:2

D/BatteryMeterView( 3144): ACTION_BATTERY_CHANGED : level:63 status:3 health:2

I/InputReader( 2841): Touch event's action is 0x1 (deviceType=0) [pCnt=1, s=] when=24859799620000

I/InputDispatcher( 2841): Delivering touch to (10392): action: 0x1, toolType: 1

D/PagerViewer(10392): onReaderPageSelected: 2/10

W/ActivityManager( 2841): getRunningAppProcesses: caller 10075 does not hold REAL_GET_TASKS; limiting output

D/SensorService( 2841): [SO] 1.695 -0.259 9.816

I/InputReader( 2841): Touch event's action is 0x0 (deviceType=0) [pCnt=1, s=0.4628 ] when=24861393420000

D/InputReader( 2841): lastThreadEndTime = 24859799952568, currentThreadStartTime = 24859799962234, diff = 0

I/InputDispatcher( 2841): Delivering touch to (10392): action: 0x0, toolType: 1

D/ViewRootImpl(10392): ViewPostImeInputStage ACTION_DOWN

I/InputReader( 2841): Touch event's action is 0x1 (deviceType=0) [pCnt=1, s=] when=24861817941000

I/InputDispatcher( 2841): Delivering touch to (10392): action: 0x1, toolType: 1

D/PagerViewer(10392): onReaderPageSelected: 3/10

I/InputReader( 2841): Touch event's action is 0x0 (deviceType=0) [pCnt=1, s=0.4629 ] when=24863250719000

D/InputReader( 2841): lastThreadEndTime = 24861818251819, currentThreadStartTime = 24861818261278, diff = 0

I/InputDispatcher( 2841): Delivering touch to (10392): action: 0x0, toolType: 1

D/ViewRootImpl(10392): ViewPostImeInputStage ACTION_DOWN

I/InputReader( 2841): Touch event's action is 0x1 (deviceType=0) [pCnt=1, s=] when=24863695005000

I/InputDispatcher( 2841): Delivering touch to (10392): action: 0x1, toolType: 1

D/PagerViewer(10392): onReaderPageSelected: 4/10

W/ActivityManager( 2841): getRunningAppProcesses: caller 10075 does not hold REAL_GET_TASKS; limiting output

I/InputReader( 2841): Touch event's action is 0x0 (deviceType=0) [pCnt=1, s=0.4630 ] when=24865139453000

D/InputReader( 2841): lastThreadEndTime = 24863695606861, currentThreadStartTime = 24863695619695, diff = 0

I/InputDispatcher( 2841): Delivering touch to (10392): action: 0x0, toolType: 1

D/ViewRootImpl(10392): ViewPostImeInputStage ACTION_DOWN

I/InputReader( 2841): Touch event's action is 0x1 (deviceType=0) [pCnt=1, s=] when=24865635910000

I/InputDispatcher( 2841): Delivering touch to (10392): action: 0x1, toolType: 1

D/PagerViewer(10392): onReaderPageSelected: 5/10

I/InputReader( 2841): Touch event's action is 0x0 (deviceType=0) [pCnt=1, s=0.4631 ] when=24867141631000

D/InputReader( 2841): lastThreadEndTime = 24865636244780, currentThreadStartTime = 24865636254113, diff = 0

I/InputDispatcher( 2841): Delivering touch to (10392): action: 0x0, toolType: 1

D/ViewRootImpl(10392): ViewPostImeInputStage ACTION_DOWN

I/InputReader( 2841): Touch event's action is 0x1 (deviceType=0) [pCnt=1, s=] when=24867774032000

I/InputDispatcher( 2841): Delivering touch to (10392): action: 0x1, toolType: 1

D/PagerViewer(10392): onReaderPageSelected: 6/10

D/SSRM:n  ( 2841): SIOP:: AP = 400, CUR = -590, LCD = 235

I/InputReader( 2841): Touch event's action is 0x0 (deviceType=0) [pCnt=1, s=0.4632 ] when=24869181678000

D/InputReader( 2841): lastThreadEndTime = 24867774364113, currentThreadStartTime = 24867774374697, diff = 0

I/InputDispatcher( 2841): Delivering touch to (10392): action: 0x0, toolType: 1

D/ViewRootImpl(10392): ViewPostImeInputStage ACTION_DOWN

I/InputReader( 2841): Touch event's action is 0x1 (deviceType=0) [pCnt=1, s=] when=24869766039000

I/InputDispatcher( 2841): Delivering touch to (10392): action: 0x1, toolType: 1

D/PagerViewer(10392): onReaderPageSelected: 7/10

D/SensorService( 2841): [SO] 1.676 -0.335 9.807

D/BatteryService( 2841): !@BatteryListener : batteryPropertiesChanged!

D/BatteryService( 2841): level:63, scale:100, status:3, health:2, present:true, voltage: 3756, temperature: 383, technology: Li-ion, AC powered:false, USB powered:true, POGO powered:false, Wireless powered:false, icon:17303745, invalid charger:0

D/BatteryService( 2841): online:4, current avg:-605, charge type:1, power sharing:false, high voltage charger:false, capacity:280000, current_now:-1187

D/BatteryService( 2841): Sending ACTION_BATTERY_CHANGED.

D/KeyguardUpdateMonitor( 3144): received broadcast android.intent.action.BATTERY_CHANGED

I/PERF    ( 3144): received broadcast android.intent.action.BATTERY_CHANGED

D/KeyguardUpdateMonitor( 3144): handleBatteryUpdate

D/BatteryMeterView( 3144): ACTION_BATTERY_CHANGED : level:63 status:3 health:2

D/BatteryMeterView( 3144): ACTION_BATTERY_CHANGED : level:63 status:3 health:2

D/BatteryMeterView( 3144): ACTION_BATTERY_CHANGED : level:63 status:3 health:2

W/ActivityManager( 2841): getRunningAppProcesses: caller 10075 does not hold REAL_GET_TASKS; limiting output

I/InputReader( 2841): Touch event's action is 0x0 (deviceType=0) [pCnt=1, s=0.4633 ] when=24871168331000

D/InputReader( 2841): lastThreadEndTime = 24869766362698, currentThreadStartTime = 24869766372489, diff = 0

I/InputDispatcher( 2841): Delivering touch to (10392): action: 0x0, toolType: 1

D/ViewRootImpl(10392): ViewPostImeInputStage ACTION_DOWN

I/InputReader( 2841): Touch event's action is 0x1 (deviceType=0) [pCnt=1, s=] when=24871633424000

I/InputDispatcher( 2841): Delivering touch to (10392): action: 0x1, toolType: 1

D/PagerViewer(10392): onReaderPageSelected: 8/10

I/InputReader( 2841): Touch event's action is 0x0 (deviceType=0) [pCnt=1, s=0.4634 ] when=24873090093000

D/InputReader( 2841): lastThreadEndTime = 24871633769657, currentThreadStartTime = 24871633779157, diff = 0

I/InputDispatcher( 2841): Delivering touch to (10392): action: 0x0, toolType: 1

D/PowerManagerService( 2841): [api] userActivityFromNative : 4640 (event: 2 flags: 0) eventTime = 24873090

D/ViewRootImpl(10392): ViewPostImeInputStage ACTION_DOWN

V/AlarmManager( 2841): waitForAlarm result :8

D/KeyguardUpdateMonitor( 3144): received broadcast android.intent.action.TIME_TICK

I/PERF    ( 3144): received broadcast android.intent.action.TIME_TICK

D/KeyguardUpdateMonitor( 3144): handleTimeUpdate

D/SecKeyguardClockView( 3144): onTimeChanged() : mShouldShowDualClock - false, isDualClockSet() -false

D/SecKeyguardClockView( 3144): HomeTimezone(): 0

D/SecKeyguardStatusUtils( 3144): regionalDateFormat = 22.11.3333 isRTLlanguage = false returnDateFormat = E, d MMMM

I/InputReader( 2841): Touch event's action is 0x1 (deviceType=0) [pCnt=1, s=] when=24873387192000

I/InputDispatcher( 2841): Delivering touch to (10392): action: 0x1, toolType: 1

D/PagerViewer(10392): onReaderPageSelected: 9/10

D/StatusBar.NetworkController( 3144): refreshViews connected={ wifi } level=?? combinedSignalIconId=0x7f02054c/com.android.systemui:drawable/stat_sys_wifi_signal_4 mobileLabel= wifiLabel="Mantis" emergencyOnly=false combinedLabel="Mantis" mAirplaneMode=false mDataActivity=0 mPhoneSignalIconId=0x0/(null) mQSPhoneSignalIconId=0x0/(null) mDataDirectionIconId=0x0/(null) mDataSignalIconId=0x0/(null) mDataTypeIconId=0x0/(null) mQSDataTypeIconId=0x0/(null) mNoSimIconId=0x0/(null) mWifiIconId=0x7f02054c/com.android.systemui:drawable/stat_sys_wifi_signal_4 mQSWifiIconId=0x7f02023e/com.android.systemui:drawable/qs_tile_wifi_signal_4 mWifiActivityIconId=0x7f0204fa/com.android.systemui:drawable/stat_sys_signal_in mBluetoothTetherIconId=0x1080916/android:drawable/stat_sys_tether_bluetooth

D/StatusBar.NetworkController( 3144): refreshNwBoosterIndicator - setNWBoosterIndicators(false)

D/StatusBar.NetworkController( 3144): refreshNwBoosterIndicator - setNWBoosterIndicators(false)

D/StatusBar.NetworkController( 3144): refreshNwBoosterIndicator - setNWBoosterIndicators(false)

D/StatusBar.NetworkController( 3144): refreshNwBoosterIndicator - setNWBoosterIndicators(false)

I/InputReader( 2841): Touch event's action is 0x0 (deviceType=0) [pCnt=1, s=0.4635 ] when=24874332034000

D/InputReader( 2841): lastThreadEndTime = 24873387650575, currentThreadStartTime = 24873387663575, diff = 0

I/InputDispatcher( 2841): Delivering touch to (10392): action: 0x0, toolType: 1

D/ViewRootImpl(10392): ViewPostImeInputStage ACTION_DOWN

W/ActivityManager( 2841): getRunningAppProcesses: caller 10075 does not hold REAL_GET_TASKS; limiting output

I/InputReader( 2841): Touch event's action is 0x1 (deviceType=0) [pCnt=1, s=] when=24875054569000

I/InputDispatcher( 2841): Delivering touch to (10392): action: 0x1, toolType: 1

D/PagerViewer(10392): onReaderPageSelected: 10/10

D/PagerViewer(10392): Request preload next chapter because we're at the last page

D/ReaderPresenter(10392): Preloading /the_abandoned_empress/vol1/5?mtr=1

D/ChapterLoader$loadChapt(10392): Loading pages for Брошенная императрица 1 - 5

D/PagerViewer(10392): setChaptersInternal

I/InputReader( 2841): Touch event's action is 0x0 (deviceType=0) [pCnt=1, s=0.4636 ] when=24876545237000

D/InputReader( 2841): lastThreadEndTime = 24875054874701, currentThreadStartTime = 24875054884659, diff = 0

I/InputDispatcher( 2841): Delivering touch to (10392): action: 0x0, toolType: 1

D/ViewRootImpl(10392): ViewPostImeInputStage ACTION_DOWN

I/InputReader( 2841): Touch event's action is 0x1 (deviceType=0) [pCnt=1, s=] when=24876810558000

I/InputDispatcher( 2841): Delivering touch to (10392): action: 0x1, toolType: 1

D/PagerViewer(10392): onTransitionSelected: Next(from=/the_abandoned_empress/vol1/4?mtr=1, to=/the_abandoned_empress/vol1/5?mtr=1)

D/PagerViewer(10392): Request preload destination chapter because we're on the transition

D/StatusBar.NetworkController( 3144): refreshViews connected={ wifi } level=?? combinedSignalIconId=0x7f02054c/com.android.systemui:drawable/stat_sys_wifi_signal_4 mobileLabel= wifiLabel="Mantis" emergencyOnly=false combinedLabel="Mantis" mAirplaneMode=false mDataActivity=0 mPhoneSignalIconId=0x0/(null) mQSPhoneSignalIconId=0x0/(null) mDataDirectionIconId=0x0/(null) mDataSignalIconId=0x0/(null) mDataTypeIconId=0x0/(null) mQSDataTypeIconId=0x0/(null) mNoSimIconId=0x0/(null) mWifiIconId=0x7f02054c/com.android.systemui:drawable/stat_sys_wifi_signal_4 mQSWifiIconId=0x7f02023e/com.android.systemui:drawable/qs_tile_wifi_signal_4 mWifiActivityIconId=0x7f0204ff/com.android.systemui:drawable/stat_sys_signal_no_inout mBluetoothTetherIconId=0x1080916/android:drawable/stat_sys_tether_bluetooth

D/StatusBar.NetworkController( 3144): refreshNwBoosterIndicator - setNWBoosterIndicators(false)

D/StatusBar.NetworkController( 3144): refreshNwBoosterIndicator - setNWBoosterIndicators(false)

D/StatusBar.NetworkController( 3144): refreshNwBoosterIndicator - setNWBoosterIndicators(false)

D/StatusBar.NetworkController( 3144): refreshNwBoosterIndicator - setNWBoosterIndicators(false)

W/ActivityManager( 2841): getRunningAppProcesses: caller 10075 does not hold REAL_GET_TASKS; limiting output

I/InputReader( 2841): Touch event's action is 0x0 (deviceType=0) [pCnt=1, s=0.4637 ] when=24878615801000

D/InputReader( 2841): lastThreadEndTime = 24876810935576, currentThreadStartTime = 24876810948451, diff = 0

I/InputDispatcher( 2841): Delivering touch to (10392): action: 0x0, toolType: 1

D/ViewRootImpl(10392): ViewPostImeInputStage ACTION_DOWN

I/InputReader( 2841): Touch event's action is 0x1 (deviceType=0) [pCnt=1, s=] when=24878803625000

I/InputDispatcher( 2841): Delivering touch to (10392): action: 0x1, toolType: 1

D/PagerViewer(10392): onReaderPageSelected: 1/12

D/ReaderPresenter(10392): Setting /the_abandoned_empress/vol1/5?mtr=1 as active

D/ReaderPresenter(10392): Loading /the_abandoned_empress/vol1/5?mtr=1

D/ReaderChapter(10392): Recycling chapter Брошенная императрица 1 - 3

D/SSRM:n  ( 2841): SIOP:: AP = 400, CUR = -605, LCD = 235

D/PagerViewer(10392): setChaptersInternal

D/SensorService( 2841): [SO] 1.705 -0.287 9.855

D/BatteryService( 2841): !@BatteryListener : batteryPropertiesChanged!

D/BatteryService( 2841): level:63, scale:100, status:3, health:2, present:true, voltage: 3783, temperature: 384, technology: Li-ion, AC powered:false, USB powered:true, POGO powered:false, Wireless powered:false, icon:17303745, invalid charger:0

D/BatteryService( 2841): online:4, current avg:-621, charge type:1, power sharing:false, high voltage charger:false, capacity:280000, current_now:-895

D/BatteryService( 2841): Sending ACTION_BATTERY_CHANGED.

D/KeyguardUpdateMonitor( 3144): received broadcast android.intent.action.BATTERY_CHANGED

I/PERF    ( 3144): received broadcast android.intent.action.BATTERY_CHANGED

D/KeyguardUpdateMonitor( 3144): handleBatteryUpdate

D/BatteryMeterView( 3144): ACTION_BATTERY_CHANGED : level:63 status:3 health:2

D/BatteryMeterView( 3144): ACTION_BATTERY_CHANGED : level:63 status:3 health:2

D/BatteryMeterView( 3144): ACTION_BATTERY_CHANGED : level:63 status:3 health:2

W/ActivityManager( 2841): getRunningAppProcesses: caller 10075 does not hold REAL_GET_TASKS; limiting output

I/InputReader( 2841): Touch event's action is 0x0 (deviceType=0) [pCnt=1, s=0.4638 ] when=24880013757000

D/InputReader( 2841): lastThreadEndTime = 24878803896077, currentThreadStartTime = 24878803902702, diff = 0

I/InputDispatcher( 2841): Delivering touch to (10392): action: 0x0, toolType: 1

D/ViewRootImpl(10392): ViewPostImeInputStage ACTION_DOWN

I/InputReader( 2841): Touch event's action is 0x1 (deviceType=0) [pCnt=1, s=] when=24880589119000

I/InputDispatcher( 2841): Delivering touch to (10392): action: 0x1, toolType: 1

D/PagerViewer(10392): onReaderPageSelected: 2/12

D/StatusBar.NetworkController( 3144): refreshViews connected={ wifi } level=?? combinedSignalIconId=0x7f02054c/com.android.systemui:drawable/stat_sys_wifi_signal_4 mobileLabel= wifiLabel="Mantis" emergencyOnly=false combinedLabel="Mantis" mAirplaneMode=false mDataActivity=0 mPhoneSignalIconId=0x0/(null) mQSPhoneSignalIconId=0x0/(null) mDataDirectionIconId=0x0/(null) mDataSignalIconId=0x0/(null) mDataTypeIconId=0x0/(null) mQSDataTypeIconId=0x0/(null) mNoSimIconId=0x0/(null) mWifiIconId=0x7f02054c/com.android.systemui:drawable/stat_sys_wifi_signal_4 mQSWifiIconId=0x7f02023e/com.android.systemui:drawable/qs_tile_wifi_signal_4 mWifiActivityIconId=0x7f0204fa/com.android.systemui:drawable/stat_sys_signal_in mBluetoothTetherIconId=0x1080916/android:drawable/stat_sys_tether_bluetooth

D/StatusBar.NetworkController( 3144): refreshNwBoosterIndicator - setNWBoosterIndicators(false)

D/StatusBar.NetworkController( 3144): refreshNwBoosterIndicator - setNWBoosterIndicators(false)

D/StatusBar.NetworkController( 3144): refreshNwBoosterIndicator - setNWBoosterIndicators(false)

D/StatusBar.NetworkController( 3144): refreshNwBoosterIndicator - setNWBoosterIndicators(false)

I/InputReader( 2841): Touch event's action is 0x0 (deviceType=0) [pCnt=1, s=0.4639 ] when=24882061817000

D/InputReader( 2841): lastThreadEndTime = 24880589466869, currentThreadStartTime = 24880589476536, diff = 0

I/InputDispatcher( 2841): Delivering touch to (10392): action: 0x0, toolType: 1

D/ViewRootImpl(10392): ViewPostImeInputStage ACTION_DOWN

I/InputReader( 2841): Touch event's action is 0x1 (deviceType=0) [pCnt=1, s=] when=24882348025000

I/InputDispatcher( 2841): Delivering touch to (10392): action: 0x1, toolType: 1

D/PagerViewer(10392): onReaderPageSelected: 3/12

D/StatusBar.NetworkController( 3144): refreshViews connected={ wifi } level=?? combinedSignalIconId=0x7f02054c/com.android.systemui:drawable/stat_sys_wifi_signal_4 mobileLabel= wifiLabel="Mantis" emergencyOnly=false combinedLabel="Mantis" mAirplaneMode=false mDataActivity=0 mPhoneSignalIconId=0x0/(null) mQSPhoneSignalIconId=0x0/(null) mDataDirectionIconId=0x0/(null) mDataSignalIconId=0x0/(null) mDataTypeIconId=0x0/(null) mQSDataTypeIconId=0x0/(null) mNoSimIconId=0x0/(null) mWifiIconId=0x7f02054c/com.android.systemui:drawable/stat_sys_wifi_signal_4 mQSWifiIconId=0x7f02023e/com.android.systemui:drawable/qs_tile_wifi_signal_4 mWifiActivityIconId=0x7f0204ff/com.android.systemui:drawable/stat_sys_signal_no_inout mBluetoothTetherIconId=0x1080916/android:drawable/stat_sys_tether_bluetooth

D/StatusBar.NetworkController( 3144): refreshNwBoosterIndicator - setNWBoosterIndicators(false)

D/StatusBar.NetworkController( 3144): refreshNwBoosterIndicator - setNWBoosterIndicators(false)

D/StatusBar.NetworkController( 3144): refreshNwBoosterIndicator - setNWBoosterIndicators(false)

D/StatusBar.NetworkController( 3144): refreshNwBoosterIndicator - setNWBoosterIndicators(false)

I/InputReader( 2841): Touch event's action is 0x0 (deviceType=0) [pCnt=1, s=0.4640 ] when=24883788859000

D/InputReader( 2841): lastThreadEndTime = 24882348310496, currentThreadStartTime = 24882348319579, diff = 0

I/InputDispatcher( 2841): Delivering touch to (10392): action: 0x0, toolType: 1

D/ViewRootImpl(10392): ViewPostImeInputStage ACTION_DOWN

I/InputReader( 2841): Touch event's action is 0x1 (deviceType=0) [pCnt=1, s=] when=24884086093000

I/InputDispatcher( 2841): Delivering touch to (10392): action: 0x1, toolType: 1

D/PagerViewer(10392): onReaderPageSelected: 4/12

E/Watchdog( 2841): !@Sync 827 [02-28 23:00:11.573]

W/ActivityManager( 2841): getRunningAppProcesses: caller 10075 does not hold REAL_GET_TASKS; limiting output

I/InputReader( 2841): Touch event's action is 0x0 (deviceType=0) [pCnt=1, s=0.4641 ] when=24885992325000

D/InputReader( 2841): lastThreadEndTime = 24884769504663, currentThreadStartTime = 24884769519121, diff = 0

I/InputDispatcher( 2841): Delivering touch to (10392): action: 0x0, toolType: 1

D/ViewRootImpl(10392): ViewPostImeInputStage ACTION_DOWN

D/PowerManagerService( 2841): [api] userActivityFromNative : 4650 (event: 2 flags: 0) eventTime = 24886497

I/InputReader( 2841): Touch event's action is 0x1 (deviceType=0) [pCnt=1, s=] when=24886535860000

I/InputDispatcher( 2841): Delivering touch to (10392): action: 0x1, toolType: 1

D/StatusBar.NetworkController( 3144): refreshViews connected={ wifi } level=?? combinedSignalIconId=0x7f02054c/com.android.systemui:drawable/stat_sys_wifi_signal_4 mobileLabel= wifiLabel="Mantis" emergencyOnly=false combinedLabel="Mantis" mAirplaneMode=false mDataActivity=0 mPhoneSignalIconId=0x0/(null) mQSPhoneSignalIconId=0x0/(null) mDataDirectionIconId=0x0/(null) mDataSignalIconId=0x0/(null) mDataTypeIconId=0x0/(null) mQSDataTypeIconId=0x0/(null) mNoSimIconId=0x0/(null) mWifiIconId=0x7f02054c/com.android.systemui:drawable/stat_sys_wifi_signal_4 mQSWifiIconId=0x7f02023e/com.android.systemui:drawable/qs_tile_wifi_signal_4 mWifiActivityIconId=0x7f0204fa/com.android.systemui:drawable/stat_sys_signal_in mBluetoothTetherIconId=0x1080916/android:drawable/stat_sys_tether_bluetooth

D/StatusBar.NetworkController( 3144): refreshNwBoosterIndicator - setNWBoosterIndicators(false)

D/StatusBar.NetworkController( 3144): refreshNwBoosterIndicator - setNWBoosterIndicators(false)

D/StatusBar.NetworkController( 3144): refreshNwBoosterIndicator - setNWBoosterIndicators(false)

D/StatusBar.NetworkController( 3144): refreshNwBoosterIndicator - setNWBoosterIndicators(false)

I/InputReader( 2841): Touch event's action is 0x0 (deviceType=0) [pCnt=1, s=0.4642 ] when=24887234103000

D/InputReader( 2841): lastThreadEndTime = 24886536280040, currentThreadStartTime = 24886536290832, diff = 0

I/InputDispatcher( 2841): Delivering touch to (10392): action: 0x0, toolType: 1

D/ViewRootImpl(10392): ViewPostImeInputStage ACTION_DOWN

I/InputReader( 2841): Touch event's action is 0x1 (deviceType=0) [pCnt=1, s=] when=24887549232000

I/InputDispatcher( 2841): Delivering touch to (10392): action: 0x1, toolType: 1

D/PagerViewer(10392): onReaderPageSelected: 5/12

I/InputReader( 2841): Touch event's action is 0x0 (deviceType=0) [pCnt=1, s=0.4643 ] when=24888456707000

D/InputReader( 2841): lastThreadEndTime = 24887549687706, currentThreadStartTime = 24887549699665, diff = 0

I/InputDispatcher( 2841): Delivering touch to (10392): action: 0x0, toolType: 1

D/ViewRootImpl(10392): ViewPostImeInputStage ACTION_DOWN

D/SSRM:n  ( 2841): SIOP:: AP = 400, CUR = -621, LCD = 235

I/InputReader( 2841): Touch event's action is 0x1 (deviceType=0) [pCnt=1, s=] when=24889348030000

I/InputDispatcher( 2841): Delivering touch to (10392): action: 0x1, toolType: 1

D/PagerViewer(10392): onReaderPageSelected: 6/12

D/SensorService( 2841): [SO] 1.705 -0.297 9.845

W/ActivityManager( 2841): getRunningAppProcesses: caller 10075 does not hold REAL_GET_TASKS; limiting output

D/BatteryService( 2841): !@BatteryListener : batteryPropertiesChanged!

D/BatteryService( 2841): level:63, scale:100, status:3, health:2, present:true, voltage: 3775, temperature: 385, technology: Li-ion, AC powered:false, USB powered:true, POGO powered:false, Wireless powered:false, icon:17303745, invalid charger:0

D/BatteryService( 2841): online:4, current avg:-633, charge type:1, power sharing:false, high voltage charger:false, capacity:280000, current_now:-925

D/BatteryService( 2841): Sending ACTION_BATTERY_CHANGED.

D/KeyguardUpdateMonitor( 3144): received broadcast android.intent.action.BATTERY_CHANGED

I/PERF    ( 3144): received broadcast android.intent.action.BATTERY_CHANGED

D/KeyguardUpdateMonitor( 3144): handleBatteryUpdate

D/BatteryMeterView( 3144): ACTION_BATTERY_CHANGED : level:63 status:3 health:2

D/BatteryMeterView( 3144): ACTION_BATTERY_CHANGED : level:63 status:3 health:2

D/BatteryMeterView( 3144): ACTION_BATTERY_CHANGED : level:63 status:3 health:2

I/InputReader( 2841): Touch event's action is 0x0 (deviceType=0) [pCnt=1, s=0.4644 ] when=24890240542000

D/InputReader( 2841): lastThreadEndTime = 24889348361082, currentThreadStartTime = 24889348372540, diff = 0

I/InputDispatcher( 2841): Delivering touch to (10392): action: 0x0, toolType: 1

D/ViewRootImpl(10392): ViewPostImeInputStage ACTION_DOWN

I/InputReader( 2841): Touch event's action is 0x1 (deviceType=0) [pCnt=1, s=] when=24890566768000

I/InputDispatcher( 2841): Delivering touch to (10392): action: 0x1, toolType: 1

D/PagerViewer(10392): onReaderPageSelected: 7/12

D/StatusBar.NetworkController( 3144): refreshViews connected={ wifi } level=?? combinedSignalIconId=0x7f02054c/com.android.systemui:drawable/stat_sys_wifi_signal_4 mobileLabel= wifiLabel="Mantis" emergencyOnly=false combinedLabel="Mantis" mAirplaneMode=false mDataActivity=0 mPhoneSignalIconId=0x0/(null) mQSPhoneSignalIconId=0x0/(null) mDataDirectionIconId=0x0/(null) mDataSignalIconId=0x0/(null) mDataTypeIconId=0x0/(null) mQSDataTypeIconId=0x0/(null) mNoSimIconId=0x0/(null) mWifiIconId=0x7f02054c/com.android.systemui:drawable/stat_sys_wifi_signal_4 mQSWifiIconId=0x7f02023e/com.android.systemui:drawable/qs_tile_wifi_signal_4 mWifiActivityIconId=0x7f0204ff/com.android.systemui:drawable/stat_sys_signal_no_inout mBluetoothTetherIconId=0x1080916/android:drawable/stat_sys_tether_bluetooth

D/StatusBar.NetworkController( 3144): refreshNwBoosterIndicator - setNWBoosterIndicators(false)

D/StatusBar.NetworkController( 3144): refreshNwBoosterIndicator - setNWBoosterIndicators(false)

D/StatusBar.NetworkController( 3144): refreshNwBoosterIndicator - setNWBoosterIndicators(false)

D/StatusBar.NetworkController( 3144): refreshNwBoosterIndicator - setNWBoosterIndicators(false)

I/InputReader( 2841): Touch event's action is 0x0 (deviceType=0) [pCnt=1, s=0.4645 ] when=24891753231000

D/InputReader( 2841): lastThreadEndTime = 24890567083333, currentThreadStartTime = 24890567092292, diff = 0

I/InputDispatcher( 2841): Delivering touch to (10392): action: 0x0, toolType: 1

D/ViewRootImpl(10392): ViewPostImeInputStage ACTION_DOWN

I/InputReader( 2841): Touch event's action is 0x1 (deviceType=0) [pCnt=1, s=] when=24892148770000

I/InputDispatcher( 2841): Delivering touch to (10392): action: 0x1, toolType: 1

D/PagerViewer(10392): onReaderPageSelected: 8/12

I/InputReader( 2841): Touch event's action is 0x0 (deviceType=0) [pCnt=1, s=0.4646 ] when=24893575784000

D/InputReader( 2841): lastThreadEndTime = 24892149206875, currentThreadStartTime = 24892149219375, diff = 0

I/InputDispatcher( 2841): Delivering touch to (10392): action: 0x0, toolType: 1

D/ViewRootImpl(10392): ViewPostImeInputStage ACTION_DOWN

I/InputReader( 2841): Touch event's action is 0x1 (deviceType=0) [pCnt=1, s=] when=24893971230000

I/InputDispatcher( 2841): Delivering touch to (10392): action: 0x1, toolType: 1

D/PagerViewer(10392): onReaderPageSelected: 9/12

I/InputReader( 2841): Touch event's action is 0x0 (deviceType=0) [pCnt=1, s=0.4647 ] when=24894771894000

D/InputReader( 2841): lastThreadEndTime = 24893971817960, currentThreadStartTime = 24893971832377, diff = 0

I/InputDispatcher( 2841): Delivering touch to (10392): action: 0x0, toolType: 1

D/ViewRootImpl(10392): ViewPostImeInputStage ACTION_DOWN

W/ActivityManager( 2841): getRunningAppProcesses: caller 10075 does not hold REAL_GET_TASKS; limiting output

D/PowerManagerService( 2841): [api] userActivityFromNative : 4660 (event: 2 flags: 0) eventTime = 24896356

I/InputReader( 2841): Touch event's action is 0x1 (deviceType=0) [pCnt=1, s=] when=24897039943000

I/InputDispatcher( 2841): Delivering touch to (10392): action: 0x1, toolType: 1

D/PagerViewer(10392): onReaderPageSelected: 10/12

I/InputReader( 2841): Touch event's action is 0x0 (deviceType=0) [pCnt=1, s=0.4648 ] when=24897819088000

D/InputReader( 2841): lastThreadEndTime = 24897040316711, currentThreadStartTime = 24897040327211, diff = 0

I/InputDispatcher( 2841): Delivering touch to (10392): action: 0x0, toolType: 1

D/ViewRootImpl(10392): ViewPostImeInputStage ACTION_DOWN

I/InputReader( 2841): Touch event's action is 0x1 (deviceType=0) [pCnt=1, s=] when=24898025824000

I/InputDispatcher( 2841): Delivering touch to (10392): action: 0x1, toolType: 1

D/PagerViewer(10392): onReaderPageSelected: 11/12

D/SSRM:n  ( 2841): SIOP:: AP = 400, CUR = -633, LCD = 235

I/InputReader( 2841): Touch event's action is 0x0 (deviceType=0) [pCnt=1, s=0.4649 ] when=24898935519000

D/InputReader( 2841): lastThreadEndTime = 24898026084504, currentThreadStartTime = 24898026092212, diff = 0

I/InputDispatcher( 2841): Delivering touch to (10392): action: 0x0, toolType: 1

D/ViewRootImpl(10392): ViewPostImeInputStage ACTION_DOWN

D/SensorService( 2841): [SO] 1.695 -0.297 9.864

W/ActivityManager( 2841): getRunningAppProcesses: caller 10075 does not hold REAL_GET_TASKS; limiting output

D/BatteryService( 2841): !@BatteryListener : batteryPropertiesChanged!

D/BatteryService( 2841): level:63, scale:100, status:3, health:2, present:true, voltage: 3773, temperature: 385, technology: Li-ion, AC powered:false, USB powered:true, POGO powered:false, Wireless powered:false, icon:17303745, invalid charger:0

D/BatteryService( 2841): online:4, current avg:-645, charge type:1, power sharing:false, high voltage charger:false, capacity:280000, current_now:-1049

D/BatteryService( 2841): Sending ACTION_BATTERY_CHANGED.

D/KeyguardUpdateMonitor( 3144): received broadcast android.intent.action.BATTERY_CHANGED

D/BatteryMeterView( 3144): ACTION_BATTERY_CHANGED : level:63 status:3 health:2

I/PERF    ( 3144): received broadcast android.intent.action.BATTERY_CHANGED

D/BatteryMeterView( 3144): ACTION_BATTERY_CHANGED : level:63 status:3 health:2

D/KeyguardUpdateMonitor( 3144): handleBatteryUpdate

D/BatteryMeterView( 3144): ACTION_BATTERY_CHANGED : level:63 status:3 health:2

I/InputReader( 2841): Touch event's action is 0x1 (deviceType=0) [pCnt=1, s=] when=24900272227000

I/InputDispatcher( 2841): Delivering touch to (10392): action: 0x1, toolType: 1

I/InputReader( 2841): Touch event's action is 0x0 (deviceType=0) [pCnt=1, s=0.4650 ] when=24900323868000

D/InputReader( 2841): lastThreadEndTime = 24900272547171, currentThreadStartTime = 24900272558546, diff = 0

I/InputDispatcher( 2841): Delivering touch to (10392): action: 0x0, toolType: 1

D/ViewRootImpl(10392): ViewPostImeInputStage ACTION_DOWN

I/InputReader( 2841): Touch event's action is 0x1 (deviceType=0) [pCnt=1, s=] when=24900371134000

I/InputDispatcher( 2841): Delivering touch to (10392): action: 0x1, toolType: 1

D/PagerViewer(10392): onReaderPageSelected: 10/12

I/InputReader( 2841): Touch event's action is 0x0 (deviceType=0) [pCnt=1, s=0.4651 ] when=24902976091000

D/InputReader( 2841): lastThreadEndTime = 24900371501046, currentThreadStartTime = 24900371513754, diff = 0

I/InputDispatcher( 2841): Delivering touch to (10392): action: 0x0, toolType: 1

D/ViewRootImpl(10392): ViewPostImeInputStage ACTION_DOWN

I/InputReader( 2841): Touch event's action is 0x1 (deviceType=0) [pCnt=1, s=] when=24903985455000

I/InputDispatcher( 2841): Delivering touch to (10392): action: 0x1, toolType: 1

I/InputReader( 2841): Touch event's action is 0x0 (deviceType=0) [pCnt=1, s=0.4652 ] when=24904353944000

D/InputReader( 2841): lastThreadEndTime = 24903985753256, currentThreadStartTime = 24903985762839, diff = 0

I/InputDispatcher( 2841): Delivering touch to (10392): action: 0x0, toolType: 1

D/ViewRootImpl(10392): ViewPostImeInputStage ACTION_DOWN

I/InputReader( 2841): Touch event's action is 0x1 (deviceType=0) [pCnt=1, s=] when=24904679299000

I/InputDispatcher( 2841): Delivering touch to (10392): action: 0x1, toolType: 1

W/ActivityManager( 2841): getRunningAppProcesses: caller 10075 does not hold REAL_GET_TASKS; limiting output

I/InputReader( 2841): Touch event's action is 0x0 (deviceType=0) [pCnt=1, s=0.4653 ] when=24904968353000

D/InputReader( 2841): lastThreadEndTime = 24904679721089, currentThreadStartTime = 24904679733173, diff = 0

I/InputDispatcher( 2841): Delivering touch to (10392): action: 0x0, toolType: 1

D/ViewRootImpl(10392): ViewPostImeInputStage ACTION_DOWN

D/PowerManagerService( 2841): [api] userActivityFromNative : 4670 (event: 2 flags: 0) eventTime = 24905028

I/InputReader( 2841): Touch event's action is 0x1 (deviceType=0) [pCnt=1, s=] when=24905909299000

I/InputDispatcher( 2841): Delivering touch to (10392): action: 0x1, toolType: 1

I/InputReader( 2841): Touch event's action is 0x0 (deviceType=0) [pCnt=1, s=0.4654 ] when=24907614238000

D/InputReader( 2841): lastThreadEndTime = 24905909834007, currentThreadStartTime = 24905909849507, diff = 0

I/InputDispatcher( 2841): Delivering touch to (10392): action: 0x0, toolType: 1

D/ViewRootImpl(10392): ViewPostImeInputStage ACTION_DOWN

I/InputReader( 2841): Touch event's action is 0x1 (deviceType=0) [pCnt=1, s=] when=24908008544000

I/InputDispatcher( 2841): Delivering touch to (10392): action: 0x1, toolType: 1

W/ActivityManager( 2841): getRunningAppProcesses: caller 10075 does not hold REAL_GET_TASKS; limiting output

I/InputReader( 2841): Touch event's action is 0x0 (deviceType=0) [pCnt=1, s=0.4655 ] when=24908793002000

D/InputReader( 2841): lastThreadEndTime = 24908009087008, currentThreadStartTime = 24908009099258, diff = 0

I/InputDispatcher( 2841): Delivering touch to (10392): action: 0x0, toolType: 1

D/ViewRootImpl(10392): ViewPostImeInputStage ACTION_DOWN

D/SSRM:n  ( 2841): SIOP:: AP = 400, CUR = -645, LCD = 235

I/InputReader( 2841): Touch event's action is 0x1 (deviceType=0) [pCnt=1, s=] when=24909219950000

I/InputDispatcher( 2841): Delivering touch to (10392): action: 0x1, toolType: 1

D/SensorService( 2841): [SO] 1.676 -0.287 9.845

I/InputReader( 2841): Touch event's action is 0x0 (deviceType=0) [pCnt=1, s=0.4656 ] when=24909770738000

D/InputReader( 2841): lastThreadEndTime = 24909220425259, currentThreadStartTime = 24909220435967, diff = 0

I/InputDispatcher( 2841): Delivering touch to (10392): action: 0x0, toolType: 1

D/ViewRootImpl(10392): ViewPostImeInputStage ACTION_DOWN

W/ActivityManager( 2841): getRunningAppProcesses: caller 10075 does not hold REAL_GET_TASKS; limiting output

D/BatteryService( 2841): !@BatteryListener : batteryPropertiesChanged!

D/BatteryService( 2841): level:63, scale:100, status:3, health:2, present:true, voltage: 3783, temperature: 383, technology: Li-ion, AC powered:false, USB powered:true, POGO powered:false, Wireless powered:false, icon:17303745, invalid charger:0

D/BatteryService( 2841): online:4, current avg:-648, charge type:1, power sharing:false, high voltage charger:false, capacity:280000, current_now:-956

D/BatteryService( 2841): Sending ACTION_BATTERY_CHANGED.

D/KeyguardUpdateMonitor( 3144): received broadcast android.intent.action.BATTERY_CHANGED

I/PERF    ( 3144): received broadcast android.intent.action.BATTERY_CHANGED

D/KeyguardUpdateMonitor( 3144): handleBatteryUpdate

D/BatteryMeterView( 3144): ACTION_BATTERY_CHANGED : level:63 status:3 health:2

D/BatteryMeterView( 3144): ACTION_BATTERY_CHANGED : level:63 status:3 health:2

D/BatteryMeterView( 3144): ACTION_BATTERY_CHANGED : level:63 status:3 health:2

I/InputReader( 2841): Touch event's action is 0x1 (deviceType=0) [pCnt=1, s=] when=24910413960000

I/InputDispatcher( 2841): Delivering touch to (10392): action: 0x1, toolType: 1

I/InputReader( 2841): Touch event's action is 0x0 (deviceType=0) [pCnt=1, s=0.4657 ] when=24910822263000

D/InputReader( 2841): lastThreadEndTime = 24910414273926, currentThreadStartTime = 24910414288217, diff = 0

I/InputDispatcher( 2841): Delivering touch to (10392): action: 0x0, toolType: 1

D/ViewRootImpl(10392): ViewPostImeInputStage ACTION_DOWN

I/InputReader( 2841): Touch event's action is 0x1 (deviceType=0) [pCnt=1, s=] when=24911067150000

I/InputDispatcher( 2841): Delivering touch to (10392): action: 0x1, toolType: 1

I/InputReader( 2841): Touch event's action is 0x0 (deviceType=0) [pCnt=1, s=0.4658 ] when=24911781523000

D/InputReader( 2841): lastThreadEndTime = 24911067498634, currentThreadStartTime = 24911067510634, diff = 0

I/InputDispatcher( 2841): Delivering touch to (10392): action: 0x0, toolType: 1

D/ViewRootImpl(10392): ViewPostImeInputStage ACTION_DOWN

I/InputReader( 2841): Touch event's action is 0x1 (deviceType=0) [pCnt=1, s=] when=24911978754000

I/InputDispatcher( 2841): Delivering touch to (10392): action: 0x1, toolType: 1

I/InputReader( 2841): Touch event's action is 0x0 (deviceType=0) [pCnt=1, s=0.4659 ] when=24912267882000

D/InputReader( 2841): lastThreadEndTime = 24911979150510, currentThreadStartTime = 24911979161135, diff = 0

I/InputDispatcher( 2841): Delivering touch to (10392): action: 0x0, toolType: 1

D/ViewRootImpl(10392): ViewPostImeInputStage ACTION_DOWN

I/InputReader( 2841): Touch event's action is 0x1 (deviceType=0) [pCnt=1, s=] when=24913266714000

I/InputDispatcher( 2841): Delivering touch to (10392): action: 0x1, toolType: 1

I/InputReader( 2841): Touch event's action is 0x0 (deviceType=0) [pCnt=1, s=0.4660 ] when=24913633880000

D/InputReader( 2841): lastThreadEndTime = 24913267059511, currentThreadStartTime = 24913267070677, diff = 0

I/InputDispatcher( 2841): Delivering touch to (10392): action: 0x0, toolType: 1

D/ViewRootImpl(10392): ViewPostImeInputStage ACTION_DOWN

D/PowerManagerService( 2841): [api] userActivityFromNative : 4680 (event: 2 flags: 0) eventTime = 24913633

I/InputReader( 2841): Touch event's action is 0x1 (deviceType=0) [pCnt=1, s=] when=24913811288000

I/InputDispatcher( 2841): Delivering touch to (10392): action: 0x1, toolType: 1

I/InputReader( 2841): Touch event's action is 0x0 (deviceType=0) [pCnt=1, s=0.4661 ] when=24914631316000

I/InputDispatcher( 2841): Delivering touch to (10392): action: 0x0, toolType: 1

D/InputReader( 2841): lastThreadEndTime = 24913811820803, currentThreadStartTime = 24913811837261, diff = 0

D/ViewRootImpl(10392): ViewPostImeInputStage ACTION_DOWN

V/AlarmManager( 2841): waitForAlarm result :4

I/ActivityManager( 2841): Killing 8990:com.google.android.play.games/u0a90 (adj 15): empty for 1810s

D/ActivityManager( 2841): cleanUpApplicationRecord -- 8990

E/Watchdog( 2841): !@Sync 828 [02-28 23:00:41.574]

I/WM-WorkerWrapper( 6227): Worker result SUCCESS for Work [ id=4c769b5c-6a98-471f-9b59-f8443ce7a833, tags={ keep_alive, com.viber.voip.schedule.ViberWorkManagerTaskService } ]

D/ActivityManager( 2841): startService callerProcessName:com.viber.voip, calleePkgName: com.viber.voip

V/BroadcastQueue( 2841): [background] Process cur broadcast BroadcastRecord{353d7c6a u0 androidx.work.impl.background.systemalarm.UpdateProxies} DELIVERED for app ProcessRecord{790a0af 6227:com.viber.voip/u0a280}

W/ActivityManager( 2841): getRunningAppProcesses: caller 10075 does not hold REAL_GET_TASKS; limiting output

I/InputReader( 2841): Touch event's action is 0x1 (deviceType=0) [pCnt=1, s=] when=24914957336000

I/InputDispatcher( 2841): Delivering touch to (10392): action: 0x1, toolType: 1

D/StatusBar.NetworkController( 3144): refreshViews connected={ wifi } level=?? combinedSignalIconId=0x7f02054c/com.android.systemui:drawable/stat_sys_wifi_signal_4 mobileLabel= wifiLabel="Mantis" emergencyOnly=false combinedLabel="Mantis" mAirplaneMode=false mDataActivity=0 mPhoneSignalIconId=0x0/(null) mQSPhoneSignalIconId=0x0/(null) mDataDirectionIconId=0x0/(null) mDataSignalIconId=0x0/(null) mDataTypeIconId=0x0/(null) mQSDataTypeIconId=0x0/(null) mNoSimIconId=0x0/(null) mWifiIconId=0x7f02054c/com.android.systemui:drawable/stat_sys_wifi_signal_4 mQSWifiIconId=0x7f02023e/com.android.systemui:drawable/qs_tile_wifi_signal_4 mWifiActivityIconId=0x7f0204fc/com.android.systemui:drawable/stat_sys_signal_inout mBluetoothTetherIconId=0x1080916/android:drawable/stat_sys_tether_bluetooth

D/StatusBar.NetworkController( 3144): refreshNwBoosterIndicator - setNWBoosterIndicators(false)

D/StatusBar.NetworkController( 3144): refreshNwBoosterIndicator - setNWBoosterIndicators(false)

D/StatusBar.NetworkController( 3144): refreshNwBoosterIndicator - setNWBoosterIndicators(false)

D/StatusBar.NetworkController( 3144): refreshNwBoosterIndicator - setNWBoosterIndicators(false)

I/InputReader( 2841): Touch event's action is 0x0 (deviceType=0) [pCnt=1, s=0.4662 ] when=24915505163000

D/InputReader( 2841): lastThreadEndTime = 24914957732470, currentThreadStartTime = 24914957746470, diff = 0

I/InputDispatcher( 2841): Delivering touch to (10392): action: 0x0, toolType: 1

D/ViewRootImpl(10392): ViewPostImeInputStage ACTION_DOWN

I/InputReader( 2841): Touch event's action is 0x1 (deviceType=0) [pCnt=1, s=] when=24915601505000

I/InputDispatcher( 2841): Delivering touch to (10392): action: 0x1, toolType: 1

D/PagerViewer(10392): onReaderPageSelected: 11/12

D/StatusBar.NetworkController( 3144): refreshViews connected={ wifi } level=?? combinedSignalIconId=0x7f02054c/com.android.systemui:drawable/stat_sys_wifi_signal_4 mobileLabel= wifiLabel="Mantis" emergencyOnly=false combinedLabel="Mantis" mAirplaneMode=false mDataActivity=0 mPhoneSignalIconId=0x0/(null) mQSPhoneSignalIconId=0x0/(null) mDataDirectionIconId=0x0/(null) mDataSignalIconId=0x0/(null) mDataTypeIconId=0x0/(null) mQSDataTypeIconId=0x0/(null) mNoSimIconId=0x0/(null) mWifiIconId=0x7f02054c/com.android.systemui:drawable/stat_sys_wifi_signal_4 mQSWifiIconId=0x7f02023e/com.android.systemui:drawable/qs_tile_wifi_signal_4 mWifiActivityIconId=0x7f0204ff/com.android.systemui:drawable/stat_sys_signal_no_inout mBluetoothTetherIconId=0x1080916/android:drawable/stat_sys_tether_bluetooth

D/StatusBar.NetworkController( 3144): refreshNwBoosterIndicator - setNWBoosterIndicators(false)

D/StatusBar.NetworkController( 3144): refreshNwBoosterIndicator - setNWBoosterIndicators(false)

D/StatusBar.NetworkController( 3144): refreshNwBoosterIndicator - setNWBoosterIndicators(false)

D/StatusBar.NetworkController( 3144): refreshNwBoosterIndicator - setNWBoosterIndicators(false)

I/InputReader( 2841): Touch event's action is 0x0 (deviceType=0) [pCnt=1, s=0.4663 ] when=24916479131000

D/InputReader( 2841): lastThreadEndTime = 24915601929137, currentThreadStartTime = 24915601937762, diff = 0

I/InputDispatcher( 2841): Delivering touch to (10392): action: 0x0, toolType: 1

D/ViewRootImpl(10392): ViewPostImeInputStage ACTION_DOWN

I/InputReader( 2841): Touch event's action is 0x1 (deviceType=0) [pCnt=1, s=] when=24916626814000

I/InputDispatcher( 2841): Delivering touch to (10392): action: 0x1, toolType: 1

I/InputReader( 2841): Touch event's action is 0x0 (deviceType=0) [pCnt=1, s=0.4664 ] when=24916877101000

D/InputReader( 2841): lastThreadEndTime = 24916627165304, currentThreadStartTime = 24916627177804, diff = 0

I/InputDispatcher( 2841): Delivering touch to (10392): action: 0x0, toolType: 1

D/ViewRootImpl(10392): ViewPostImeInputStage ACTION_DOWN

I/InputReader( 2841): Touch event's action is 0x1 (deviceType=0) [pCnt=1, s=] when=24917856491000

I/InputDispatcher( 2841): Delivering touch to (10392): action: 0x1, toolType: 1

I/InputReader( 2841): Touch event's action is 0x0 (deviceType=0) [pCnt=1, s=0.4665 ] when=24918520450000

D/InputReader( 2841): lastThreadEndTime = 24917856825262, currentThreadStartTime = 24917856833929, diff = 0

I/InputDispatcher( 2841): Delivering touch to (10392): action: 0x0, toolType: 1

D/ViewRootImpl(10392): ViewPostImeInputStage ACTION_DOWN

I/InputReader( 2841): Touch event's action is 0x1 (deviceType=0) [pCnt=1, s=] when=24918648643000

I/InputDispatcher( 2841): Delivering touch to (10392): action: 0x1, toolType: 1

D/PagerViewer(10392): onReaderPageSelected: 12/12

D/PagerViewer(10392): Request preload next chapter because we're at the last page

D/ReaderPresenter(10392): Preloading /the_abandoned_empress/vol1/6?mtr=1

D/ChapterLoader$loadChapt(10392): Loading pages for Брошенная императрица 1 - 6

D/SSRM:n  ( 2841): SIOP:: AP = 400, CUR = -648, LCD = 235

D/PagerViewer(10392): setChaptersInternal

D/SensorService( 2841): [SO] 1.686 -0.297 9.864

I/InputReader( 2841): Touch event's action is 0x0 (deviceType=0) [pCnt=1, s=0.4666 ] when=24919411445000

D/InputReader( 2841): lastThreadEndTime = 24918648962930, currentThreadStartTime = 24918648975763, diff = 0

I/InputDispatcher( 2841): Delivering touch to (10392): action: 0x0, toolType: 1

D/ViewRootImpl(10392): ViewPostImeInputStage ACTION_DOWN

I/InputReader( 2841): Touch event's action is 0x1 (deviceType=0) [pCnt=1, s=] when=24919579775000

I/InputDispatcher( 2841): Delivering touch to (10392): action: 0x1, toolType: 1

D/PagerViewer(10392): onTransitionSelected: Next(from=/the_abandoned_empress/vol1/5?mtr=1, to=/the_abandoned_empress/vol1/6?mtr=1)

D/PagerViewer(10392): Request preload destination chapter because we're on the transition

W/ActivityManager( 2841): getRunningAppProcesses: caller 10075 does not hold REAL_GET_TASKS; limiting output

D/BatteryService( 2841): !@BatteryListener : batteryPropertiesChanged!

D/BatteryService( 2841): level:63, scale:100, status:3, health:2, present:true, voltage: 3801, temperature: 385, technology: Li-ion, AC powered:false, USB powered:true, POGO powered:false, Wireless powered:false, icon:17303745, invalid charger:0

D/BatteryService( 2841): online:4, current avg:-656, charge type:1, power sharing:false, high voltage charger:false, capacity:280000, current_now:-680

D/BatteryService( 2841): Sending ACTION_BATTERY_CHANGED.

D/KeyguardUpdateMonitor( 3144): received broadcast android.intent.action.BATTERY_CHANGED

I/PERF    ( 3144): received broadcast android.intent.action.BATTERY_CHANGED

D/BatteryMeterView( 3144): ACTION_BATTERY_CHANGED : level:63 status:3 health:2

D/KeyguardUpdateMonitor( 3144): handleBatteryUpdate

D/BatteryMeterView( 3144): ACTION_BATTERY_CHANGED : level:63 status:3 health:2

