--------- beginning of main

D/StatusBar.NetworkController( 3144): refreshViews connected={ wifi } level=?? combinedSignalIconId=0x7f02054c/com.android.systemui:drawable/stat_sys_wifi_signal_4 mobileLabel= wifiLabel="Mantis" emergencyOnly=false combinedLabel="Mantis" mAirplaneMode=false mDataActivity=0 mPhoneSignalIconId=0x0/(null) mQSPhoneSignalIconId=0x0/(null) mDataDirectionIconId=0x0/(null) mDataSignalIconId=0x0/(null) mDataTypeIconId=0x0/(null) mQSDataTypeIconId=0x0/(null) mNoSimIconId=0x0/(null) mWifiIconId=0x7f02054c/com.android.systemui:drawable/stat_sys_wifi_signal_4 mQSWifiIconId=0x7f02023e/com.android.systemui:drawable/qs_tile_wifi_signal_4 mWifiActivityIconId=0x7f0204ff/com.android.systemui:drawable/stat_sys_signal_no_inout mBluetoothTetherIconId=0x1080916/android:drawable/stat_sys_tether_bluetooth

D/StatusBar.NetworkController( 3144): refreshNwBoosterIndicator - setNWBoosterIndicators(false)

D/StatusBar.NetworkController( 3144): refreshNwBoosterIndicator - setNWBoosterIndicators(false)

D/StatusBar.NetworkController( 3144): refreshNwBoosterIndicator - setNWBoosterIndicators(false)

D/StatusBar.NetworkController( 3144): refreshNwBoosterIndicator - setNWBoosterIndicators(false)

--------- beginning of system

D/SSRM:n  ( 2841): SIOP:: AP = 390, CUR = -514, LCD = 235

D/BatteryService( 2841): !@BatteryListener : batteryPropertiesChanged!

D/KeyguardUpdateMonitor( 3144): received broadcast android.intent.action.BATTERY_CHANGED

I/PERF    ( 3144): received broadcast android.intent.action.BATTERY_CHANGED

D/KeyguardUpdateMonitor( 3144): handleBatteryUpdate

D/BatteryService( 2841): level:64, scale:100, status:3, health:2, present:true, voltage: 3832, temperature: 380, technology: Li-ion, AC powered:false, USB powered:true, POGO powered:false, Wireless powered:false, icon:17303745, invalid charger:0

D/BatteryService( 2841): online:4, current avg:-523, charge type:1, power sharing:false, high voltage charger:false, capacity:280000, current_now:-528

D/BatteryService( 2841): Sending ACTION_BATTERY_CHANGED.

D/BatteryMeterView( 3144): ACTION_BATTERY_CHANGED : level:64 status:3 health:2

D/BatteryMeterView( 3144): ACTION_BATTERY_CHANGED : level:64 status:3 health:2

D/BatteryMeterView( 3144): ACTION_BATTERY_CHANGED : level:64 status:3 health:2

W/ActivityManager( 2841): getRunningAppProcesses: caller 10075 does not hold REAL_GET_TASKS; limiting output

D/SensorService( 2841): [SO] 1.551 -0.393 9.855

W/ActivityManager( 2841): getRunningAppProcesses: caller 10075 does not hold REAL_GET_TASKS; limiting output

I/InputReader( 2841): Touch event's action is 0x0 (deviceType=0) [pCnt=1, s=0.4595 ] when=24805274091000

D/InputReader( 2841): lastThreadEndTime = 24794763582204, currentThreadStartTime = 24794763599413, diff = 0

I/InputDispatcher( 2841): Delivering touch to (3144): action: 0x4, toolType: 1

I/InputDispatcher( 2841): Delivering touch to (10392): action: 0x0, toolType: 1

D/ViewRootImpl(10392): ViewPostImeInputStage ACTION_DOWN

D/PowerManagerService( 2841): [api] userActivityFromNative : 4590 (event: 2 flags: 0) eventTime = 24805274

I/InputReader( 2841): Touch event's action is 0x1 (deviceType=0) [pCnt=1, s=] when=24805431002000

I/InputDispatcher( 2841): Delivering touch to (10392): action: 0x1, toolType: 1

D/BaseController(10392): Create view for MangaController@2fb3db4d

D/TextView(10392): setTypeface with style : 0

D/TextView(10392): setTypeface with style : 0

D/TextView(10392): setTypeface with style : 0

D/TextView(10392): setTypeface with style : 0

D/TextView(10392): setTypeface with style : 0

D/TextView(10392): setTypeface with style : 0

D/BaseController(10392): Attach view for MangaController@2fb3db4d

D/BaseController(10392): Create view for ChaptersController@34c2956f

D/TextView(10392): setTypeface with style : 0

D/BaseController(10392): Attach view for ChaptersController@34c2956f

D/BaseController(10392): Create view for MangaInfoController@25d7c441

D/TextView(10392): setTypeface with style : 0

D/TextView(10392): setTypeface with style : 0

D/TextView(10392): setTypeface with style : 0

D/TextView(10392): setTypeface with style : 0

D/TextView(10392): setTypeface with style : 0

D/TextView(10392): setTypeface with style : 0

D/TextView(10392): setTypeface with style : 0

D/TextView(10392): setTypeface with style : 0

D/TextView(10392): setTypeface with style : 0

D/TextView(10392): setTypeface with style : 0

D/TextView(10392): setTypeface with style : 0

D/TextView(10392): setTypeface with style : 0

D/TextView(10392): setTypeface with style : 0

D/TextView(10392): setTypeface with style : 0

D/TextView(10392): setTypeface with style : 0

D/BaseController(10392): Attach view for MangaInfoController@25d7c441

D/TextView(10392): setTypeface with style : 0

D/TextView(10392): setTypeface with style : 0

D/TextView(10392): setTypeface with style : 0

D/TextView(10392): setTypeface with style : 0

D/TextView(10392): setTypeface with style : 0

D/TextView(10392): setTypeface with style : 0

D/TextView(10392): setTypeface with style : 0

D/TextView(10392): setTypeface with style : 0

D/TextView(10392): setTypeface with style : 0

D/TextView(10392): setTypeface with style : 0

D/TextView(10392): setTypeface with style : 0

D/TextView(10392): setTypeface with style : 0

D/TextView(10392): setTypeface with style : 0

D/TextView(10392): setTypeface with style : 0

D/TextView(10392): setTypeface with style : 0

D/TextView(10392): setTypeface with style : 0

D/TextView(10392): setTypeface with style : 0

D/TextView(10392): setTypeface with style : 0

D/TextView(10392): setTypeface with style : 0

D/TextView(10392): setTypeface with style : 0

D/TextView(10392): setTypeface with style : 0

D/TextView(10392): setTypeface with style : 0

D/TextView(10392): setTypeface with style : 0

D/TextView(10392): setTypeface with style : 0

D/TextView(10392): setTypeface with style : 0

D/TextView(10392): setTypeface with style : 0

D/TextView(10392): setTypeface with style : 0

D/TextView(10392): setTypeface with style : 0

D/TextView(10392): setTypeface with style : 0

D/TextView(10392): setTypeface with style : 0

D/TextView(10392): setTypeface with style : 0

D/TextView(10392): setTypeface with style : 0

D/TextView(10392): setTypeface with style : 0

D/TextView(10392): setTypeface with style : 0

D/TextView(10392): setTypeface with style : 0

D/TextView(10392): setTypeface with style : 0

D/TextView(10392): setTypeface with style : 0

D/TextView(10392): setTypeface with style : 0

D/TextView(10392): setTypeface with style : 0

D/TextView(10392): setTypeface with style : 0

D/TextView(10392): setTypeface with style : 0

D/TextView(10392): setTypeface with style : 0

D/TextView(10392): setTypeface with style : 0

D/TextView(10392): setTypeface with style : 0

D/TextView(10392): setTypeface with style : 0

D/TextView(10392): setTypeface with style : 0

D/TextView(10392): setTypeface with style : 0

D/TextView(10392): setTypeface with style : 0

D/TextView(10392): setTypeface with style : 0

D/TextView(10392): setTypeface with style : 0

D/TextView(10392): setTypeface with style : 0

D/TextView(10392): setTypeface with style : 0

D/TextView(10392): setTypeface with style : 0

D/TextView(10392): setTypeface with style : 0

D/TextView(10392): setTypeface with style : 0

D/TextView(10392): setTypeface with style : 0

D/TextView(10392): setTypeface with style : 0

D/TextView(10392): setTypeface with style : 0

D/TextView(10392): setTypeface with style : 0

D/TextView(10392): setTypeface with style : 0

D/TextView(10392): setTypeface with style : 0

D/TextView(10392): setTypeface with style : 0

D/TextView(10392): setTypeface with style : 0

D/TextView(10392): setTypeface with style : 0

D/TextView(10392): setTypeface with style : 0

D/TextView(10392): setTypeface with style : 0

D/TextView(10392): setTypeface with style : 0

D/TextView(10392): setTypeface with style : 0

D/TextView(10392): setTypeface with style : 0

D/TextView(10392): setTypeface with style : 0

D/TextView(10392): setTypeface with style : 0

D/TextView(10392): setTypeface with style : 0

D/TextView(10392): setTypeface with style : 0

D/TextView(10392): setTypeface with style : 0

D/TextView(10392): setTypeface with style : 0

D/TextView(10392): setTypeface with style : 0

D/TextView(10392): setTypeface with style : 0

D/TextView(10392): setTypeface with style : 0

D/TextView(10392): setTypeface with style : 0

D/TextView(10392): setTypeface with style : 0

D/TextView(10392): setTypeface with style : 0

D/TextView(10392): setTypeface with style : 0

D/TextView(10392): setTypeface with style : 0

D/TextView(10392): setTypeface with style : 0

D/TextView(10392): setTypeface with style : 0

D/TextView(10392): setTypeface with style : 0

D/TextView(10392): setTypeface with style : 0

D/TextView(10392): setTypeface with style : 0

D/TextView(10392): setTypeface with style : 0

D/TextView(10392): setTypeface with style : 0

D/TextView(10392): setTypeface with style : 0

D/TextView(10392): setTypeface with style : 0

D/BaseController(10392): Detach view for LibraryController@1519933e

D/SamsungIME( 3951): onStartInput: No inputType, No imeOption, isInputViewShown = false, isExtractViewShown = false, isShowInputRequested = false, isConfigChanged = true

D/TextView(10392): setTypeface with style : 0

D/TextView(10392): setTypeface with style : 0

D/SSRM:n  ( 2841): SIOP:: AP = 380, CUR = -523, LCD = 235

I/InputReader( 2841): Touch event's action is 0x0 (deviceType=0) [pCnt=1, s=0.4596 ] when=24808980536000

D/InputReader( 2841): lastThreadEndTime = 24805431797585, currentThreadStartTime = 24805431811627, diff = 0

I/InputDispatcher( 2841): Delivering touch to (3144): action: 0x4, toolType: 1

I/InputDispatcher( 2841): Delivering touch to (10392): action: 0x0, toolType: 1

D/ViewRootImpl(10392): ViewPostImeInputStage ACTION_DOWN

D/TextView(10392): setTypeface with style : 0

D/TextView(10392): setTypeface with style : 0

D/TextView(10392): setTypeface with style : 0

D/TextView(10392): setTypeface with style : 0

D/TextView(10392): setTypeface with style : 0

D/TextView(10392): setTypeface with style : 0

I/InputReader( 2841): Touch event's action is 0x1 (deviceType=0) [pCnt=1, s=] when=24809078355000

I/InputDispatcher( 2841): Delivering touch to (10392): action: 0x1, toolType: 1

D/TextView(10392): setTypeface with style : 0

D/TextView(10392): setTypeface with style : 0

D/TextView(10392): setTypeface with style : 0

D/TextView(10392): setTypeface with style : 0

D/TextView(10392): setTypeface with style : 0

D/TextView(10392): setTypeface with style : 0

D/TextView(10392): setTypeface with style : 0

D/TextView(10392): setTypeface with style : 0

D/TextView(10392): setTypeface with style : 0

D/TextView(10392): setTypeface with style : 0

D/TextView(10392): setTypeface with style : 0

D/TextView(10392): setTypeface with style : 0

D/TextView(10392): setTypeface with style : 0

D/TextView(10392): setTypeface with style : 0

I/InputReader( 2841): Touch event's action is 0x0 (deviceType=0) [pCnt=1, s=0.4597 ] when=24809466169000

D/InputReader( 2841): lastThreadEndTime = 24809078685127, currentThreadStartTime = 24809078694044, diff = 0

I/InputDispatcher( 2841): Delivering touch to (3144): action: 0x4, toolType: 1

I/InputDispatcher( 2841): Delivering touch to (10392): action: 0x0, toolType: 1

D/ViewRootImpl(10392): ViewPostImeInputStage ACTION_DOWN

D/BatteryService( 2841): !@BatteryListener : batteryPropertiesChanged!

D/BatteryService( 2841): level:64, scale:100, status:3, health:2, present:true, voltage: 3732, temperature: 379, technology: Li-ion, AC powered:false, USB powered:true, POGO powered:false, Wireless powered:false, icon:17303745, invalid charger:0

D/BatteryService( 2841): online:4, current avg:-531, charge type:1, power sharing:false, high voltage charger:false, capacity:280000, current_now:-1268

D/BatteryService( 2841): Sending ACTION_BATTERY_CHANGED.

D/KeyguardUpdateMonitor( 3144): received broadcast android.intent.action.BATTERY_CHANGED

I/PERF    ( 3144): received broadcast android.intent.action.BATTERY_CHANGED

D/KeyguardUpdateMonitor( 3144): handleBatteryUpdate

D/BatteryMeterView( 3144): ACTION_BATTERY_CHANGED : level:64 status:3 health:2

D/BatteryMeterView( 3144): ACTION_BATTERY_CHANGED : level:64 status:3 health:2

D/BatteryMeterView( 3144): ACTION_BATTERY_CHANGED : level:64 status:3 health:2

I/InputReader( 2841): Touch event's action is 0x1 (deviceType=0) [pCnt=1, s=] when=24809564022000

I/InputDispatcher( 2841): Delivering touch to (10392): action: 0x1, toolType: 1

W/ActivityManager( 2841): getRunningAppProcesses: caller 10075 does not hold REAL_GET_TASKS; limiting output

I/InputReader( 2841): Touch event's action is 0x0 (deviceType=0) [pCnt=1, s=0.4598 ] when=24810061706000

D/InputReader( 2841): lastThreadEndTime = 24809564321877, currentThreadStartTime = 24809564333794, diff = 0

I/InputDispatcher( 2841): Delivering touch to (3144): action: 0x4, toolType: 1

I/InputDispatcher( 2841): Delivering touch to (10392): action: 0x0, toolType: 1

D/ViewRootImpl(10392): ViewPostImeInputStage ACTION_DOWN

I/InputReader( 2841): Touch event's action is 0x1 (deviceType=0) [pCnt=1, s=] when=24810139916000

I/InputDispatcher( 2841): Delivering touch to (10392): action: 0x1, toolType: 1

D/SensorService( 2841): [SO] 1.475 -0.373 9.845

I/InputReader( 2841): Touch event's action is 0x0 (deviceType=0) [pCnt=1, s=0.4599 ] when=24810867531000

D/InputReader( 2841): lastThreadEndTime = 24810140375670, currentThreadStartTime = 24810140388212, diff = 0

I/InputDispatcher( 2841): Delivering touch to (3144): action: 0x4, toolType: 1

I/InputDispatcher( 2841): Delivering touch to (10392): action: 0x0, toolType: 1

D/ViewRootImpl(10392): ViewPostImeInputStage ACTION_DOWN

I/InputReader( 2841): Touch event's action is 0x1 (deviceType=0) [pCnt=1, s=] when=24810926487000

I/InputDispatcher( 2841): Delivering touch to (10392): action: 0x1, toolType: 1

I/Timeline(10392): Timeline: Activity_launch_request id:eu.kanade.tachiyomi.debug time:24810952

D/ActivityManager( 2841): mDVFSHelper.acquire()

V/WindowManager( 2841): addAppToken: AppWindowToken{3fa19657 token=Token{3318d3d6 ActivityRecord{395eabf1 u0 eu.kanade.tachiyomi.debug/eu.kanade.tachiyomi.ui.reader.ReaderActivity t97}}} to stack=1 task=97 at 1

I/ActivityManager( 2841): Skip updateThumbnail for r=ActivityRecord{28b54a20 u0 eu.kanade.tachiyomi.debug/eu.kanade.tachiyomi.ui.main.MainActivity t97}

D/InputDispatcher( 2841): Focused application set to: xxxx

D/MultiWindowConverter( 2841): dismissGuide() : Before attaching the guide view, mForceDismissGuide : false

D/InputDispatcher( 2841): Focus left window: 10392

D/PointerIcon( 2841): setMouseIconStyle1 pointerType: 1001 iconType:101 flag:0 pid:2841 uid:1000

D/PointerIcon( 2841): setMouseCustomIcon IconType is same.101

D/PointerIcon( 2841): setHoveringSpenIconStyle1 pointerType: 10001 iconType:1 flag:0 pid:2841 uid:1000

D/PointerIcon( 2841): setHoveringSpenCustomIcon IconType is same.1

D/PowerManagerService( 2841): setKeyboardVisibility: false

W/ResourceType(10392): Failure getting entry for 0x01080af1 (t=7 e=2801) (error -75)

W/ResourceType(10392): Failure getting entry for 0x01080af1 (t=7 e=2801) (error -75)

W/ActivityManager( 2841): Permission Denial: getCurrentUser() from pid=10392, uid=10312 requires android.permission.INTERACT_ACROSS_USERS

D/PhoneWindow(10392): *FMB* installDecor mIsFloating : false

D/PhoneWindow(10392): *FMB* installDecor flags : -2139029248

D/TextView(10392): setTypeface with style : 0

W/ResourceType(10392): Failure getting entry for 0x01080af1 (t=7 e=2801) (error -75)

D/AbsSeekBar(10392): AbsSeekBar Constructor: mAllowedSeeBarAnimation = false

D/TextView(10392): setTypeface with style : 0

D/TextView(10392): setTypeface with style : 0

D/TextView(10392): setTypeface with style : 0

V/WindowManager( 2841): Adding window Window{132ae1b0 u0 d0 eu.kanade.tachiyomi.debug/eu.kanade.tachiyomi.ui.reader.ReaderActivity} at 4 of 9 (after Window{1ee25f14 u0 d0 eu.kanade.tachiyomi.debug/eu.kanade.tachiyomi.ui.main.MainActivity})

D/ActivityManager( 2841): post active user change for 0 fullscreen true isFloatingActivity() false isHomeActivity() false

D/KnoxTimeoutHandler( 2841): postActiveUserChange for user 0

I/KnoxTimeoutHandler( 2841): postActiveUserChange, showWhenLocked: false

D/KnoxTimeoutHandler( 2841): handleActiveUserChange for user 0

D/PhoneWindow(10392): *FMB* isFloatingMenuEnabled mFloatingMenuBtn : null

D/PhoneWindow(10392): *FMB* isFloatingMenuEnabled return false

I/KnoxTimeoutHandler( 2841): Shared devices show user statefalse

I/SurfaceFlinger( 2212): id=1030 createSurf (1x1),1 flag=404, SeaderActiv

D/MultiWindowConverter( 2841): dismissGuide() : Before attaching the guide view, mForceDismissGuide : false

D/StatusBarManagerService( 2841): manageDisableList userId=0 what=0x0 pkg=Window{132ae1b0 u0 d0 eu.kanade.tachiyomi.debug/eu.kanade.tachiyomi.ui.reader.ReaderActivity}

D/PhoneStatusBar( 3144): animateCollapse(): mExpandedVisible=false flags=0

E/WindowState( 2841): getStack: Window{1d0f0716 u0 d0 eu.kanade.tachiyomi.debug/eu.kanade.tachiyomi.ui.main.MainActivity} couldn't find taskId=90 Callers=com.android.server.wm.WindowState.getDisplayContent:1059 com.android.server.wm.WindowState.isDefaultDisplay:1778 com.android.server.wm.WindowState.getMultiWindowStyleLw:2363 com.android.internal.policy.impl.multiwindow.MultiPhoneWindowManager.shouldEnableLayoutInsetsBySoftInput:1505 

D/StatusBar-Window( 3144): fnf=true sanc=false, kni=false, sbf=false

D/CoverUI ( 3144): applyFocusableFlag() : Remove SAMSUNG_FLAG_SVIEW_COVER

D/CoverUI ( 3144): applyHeight h = 50, oc = false, ex = false, fa = false, ac = false, sc = false

D/RestrictionPolicy( 2841): isStatusBarExpansionAllowedAsUser : true, userId = 0

D/InputDispatcher( 2841): Focus entered window: 10392

E/WindowState( 2841): getStack: Window{1d0f0716 u0 d0 eu.kanade.tachiyomi.debug/eu.kanade.tachiyomi.ui.main.MainActivity} couldn't find taskId=90 Callers=com.android.server.wm.WindowState.getDisplayContent:1059 com.android.server.wm.WindowState.isDefaultDisplay:1778 com.android.server.wm.WindowState.getMultiWindowStyleLw:2363 com.android.internal.policy.impl.multiwindow.MultiPhoneWindowManager.shouldEnableLayoutInsetsBySoftInput:1505 

D/PanelView( 3144): kidsfalse mQsExpansionEnabled:true

D/Recents_AlternateRecentsComponent( 3144): onHideRecents is getting called

D/Recents_AlternateRecentsComponent( 3206): dismissHelpPopup 

D/PointerIcon( 2841): setMouseIconStyle1 pointerType: 1001 iconType:101 flag:0 pid:2841 uid:1000

D/PointerIcon( 2841): setMouseCustomIcon IconType is same.101

D/PointerIcon( 2841): setHoveringSpenIconStyle1 pointerType: 10001 iconType:1 flag:0 pid:2841 uid:1000

D/PointerIcon( 2841): setHoveringSpenCustomIcon IconType is same.1

D/SRIB_DCS(10392): log_dcs ThreadedRenderer::initialize entered! 

D/TextView(10392): setTypeface with style : 0

D/TextView(10392): setTypeface with style : 0

D/ChapterLoader$loadChapt(10392): Loading pages for Брошенная императрица 1 - 0 Пролог

D/TextView(10392): setTypeface with style : 0

D/TextView(10392): setTypeface with style : 0

E/WindowState( 2841): getStack: Window{1d0f0716 u0 d0 eu.kanade.tachiyomi.debug/eu.kanade.tachiyomi.ui.main.MainActivity} couldn't find taskId=90 Callers=com.android.server.wm.WindowState.getDisplayContent:1059 com.android.server.wm.WindowState.isDefaultDisplay:1778 com.android.server.wm.WindowState.getMultiWindowStyleLw:2363 com.android.internal.policy.impl.multiwindow.MultiPhoneWindowManager.shouldEnableLayoutInsetsBySoftInput:1505 

E/WindowState( 2841): getStack: Window{1d0f0716 u0 d0 eu.kanade.tachiyomi.debug/eu.kanade.tachiyomi.ui.main.MainActivity} couldn't find taskId=90 Callers=com.android.server.wm.WindowState.getDisplayContent:1059 com.android.server.wm.WindowState.isDefaultDisplay:1778 com.android.server.wm.WindowState.getMultiWindowStyleLw:2363 com.android.internal.policy.impl.multiwindow.MultiPhoneWindowManager.shouldEnableLayoutInsetsBySoftInput:1505 

D/InputMethodManagerService( 2841): windowGainedFocus mCurrentFocusedUserId - 0 and mSecureKeypadEnabled-false

E/WindowState( 2841): getStack: Window{1d0f0716 u0 d0 eu.kanade.tachiyomi.debug/eu.kanade.tachiyomi.ui.main.MainActivity} couldn't find taskId=90 Callers=com.android.server.wm.WindowState.getDisplayContent:1059 com.android.server.wm.WindowState.isDefaultDisplay:1778 com.android.server.wm.WindowState.getMultiWindowStyleLw:2363 com.android.internal.policy.impl.multiwindow.MultiPhoneWindowManager.shouldEnableLayoutInsetsBySoftInput:1505 

D/PowerManagerService( 2841): [api] acquire WakeLock flags=0x2000000a tag=WindowManager uid=1000 pid=2841

D/libEGL  ( 2212): eglInitialize EGLDisplay = 0xbec2b294

W/ContextImpl( 2841): Calling a method in the system process without a qualified user: android.app.ContextImpl.sendBroadcast:1771 com.android.internal.policy.impl.PhoneWindowManager.notifyToSSRM:7508 com.android.internal.policy.impl.PhoneWindowManager.access$1300:251 com.android.internal.policy.impl.PhoneWindowManager$PolicyHandler.handleMessage:1069 android.os.Handler.dispatchMessage:102 

D/SamsungIME( 3951): onStartInput: No inputType, No imeOption, isInputViewShown = false, isExtractViewShown = false, isShowInputRequested = false, isConfigChanged = true

D/SSRM:a  ( 2841): DeviceInfo:: 00000010000

D/SSRM:a  ( 2841): SettingsAirViewInfo:: 000000000

D/libEGL  ( 2212): eglInitialize EGLDisplay = 0xbec2b294

D/PagerViewer(10392): setChaptersInternal

D/PagerViewer(10392): Pager first layout

D/PagerViewer(10392): moveToPage 1

D/PagerViewer(10392): onReaderPageSelected: 1/2

D/TextView(10392): setTypeface with style : 0

D/TextView(10392): setTypeface with style : 0

D/hwcutils( 2212): MppFactory::MppFactory()

D/        ( 2212): virtual LibMpp* MppFactory::CreateMpp(int, int, int, int) dev(5) mode(0) drm(0), 

D/libexynosgscaler( 2212): LibMpp::LibMpp()

V/BroadcastQueue( 2841): [background] Process cur broadcast BroadcastRecord{f1fdb6b u0 com.google.android.gms.gcm.ACTION_SCHEDULE} DELIVERED for app ProcessRecord{19b004a7 3444:com.google.android.gms.persistent/u0a6}

V/BroadcastQueue( 2841): [background] Process cur broadcast BroadcastRecord{52d36c8 u0 com.google.android.gms.gcm.ACTION_SCHEDULE} DELIVERED for app ProcessRecord{19b004a7 3444:com.google.android.gms.persistent/u0a6}

D/libEGL  ( 2212): eglTerminate EGLDisplay = 0xb5d03ad4

V/BroadcastQueue( 2841): [background] Process cur broadcast BroadcastRecord{21a17361 u0 com.google.android.gms.gcm.ACTION_SCHEDULE} DELIVERED for app ProcessRecord{19b004a7 3444:com.google.android.gms.persistent/u0a6}

V/BroadcastQueue( 2841): [background] Process cur broadcast BroadcastRecord{20ebde86 u0 com.google.android.gms.gcm.ACTION_SCHEDULE} DELIVERED for app ProcessRecord{19b004a7 3444:com.google.android.gms.persistent/u0a6}

D/libEGL  ( 2212): eglTerminate EGLDisplay = 0xb5d03ad4

D/OpenGLRenderer(10392): endAllStagingAnimators on 0x9ca3a200 (RippleDrawable) with handle 0x9ca85100

E/WindowState( 2841): getStack: Window{1d0f0716 u0 d0 eu.kanade.tachiyomi.debug/eu.kanade.tachiyomi.ui.main.MainActivity} couldn't find taskId=90 Callers=com.android.server.wm.WindowState.getDisplayContent:1059 com.android.server.wm.WindowState.isDefaultDisplay:1778 com.android.server.wm.WindowState.getMultiWindowStyleLw:2363 com.android.internal.policy.impl.multiwindow.MultiPhoneWindowManager.shouldEnableLayoutInsetsBySoftInput:1505 

D/WindowAnimator( 2841): Skip setting animation background if there is an exiting window only.

I/Timeline(10392): Timeline: Activity_idle id: android.os.BinderProxy@3440687f time:24811533

D/libEGL  (10392): eglInitialize EGLDisplay = 0xbefc2bf4

D/libEGL  (10392): eglTerminate EGLDisplay = 0xbefc2c0c

D/WindowAnimator( 2841): Skip setting animation background if there is an exiting window only.

W/linker  (10392): libimage.so: unused DT entry: type 0x6ffffffe arg 0x9b2c

W/linker  (10392): libimage.so: unused DT entry: type 0x6fffffff arg 0x3

I/art     (10392): Thread[26,tid=10444,WaitingForJniOnLoad,Thread*=0xb478a800,peer=0x13444760,"AsyncTask #1"] recursive attempt to load library "/data/app/eu.kanade.tachiyomi.debug-1/lib/arm/libimage.so"

I/Image   (10392): /home/jitpack/build/library/src/main/jni/image/image.c(43): Library loaded successfully with plain_init()

E/Image   (10392): /home/jitpack/build/library/src/main/jni/image/image.c(38): Library init func bmp_init failed

I/Image   (10392): /home/jitpack/build/library/src/main/jni/image/image.c(43): Library loaded successfully with jpeg_init()

I/Image   (10392): /home/jitpack/build/library/src/main/jni/image/image.c(43): Library loaded successfully with png_init()

I/Image   (10392): /home/jitpack/build/library/src/main/jni/image/image.c(43): Library loaded successfully with gif_init()

I/Image   (10392): /home/jitpack/build/library/src/main/jni/image/image.c(43): Library loaded successfully with webp_init()

D/WindowAnimator( 2841): Skip setting animation background if there is an exiting window only.

D/libexynosgscaler( 2212): virtual CGscaler::~CGscaler()

D/libexynosgscaler( 2212): virtual LibMpp::~LibMpp()

D/        ( 2212): virtual MppFactory::~MppFactory()

D/WindowAnimator( 2841): Skip setting animation background if there is an exiting window only.

I/Timeline( 2841): Timeline: Activity_windows_visible id: ActivityRecord{395eabf1 u0 eu.kanade.tachiyomi.debug/eu.kanade.tachiyomi.ui.reader.ReaderActivity t97} time:24811622

D/ActivityManager( 2841): mDVFSHelper.release()

I/SurfaceFlinger( 2212): id=1029 Removed NainActivit (3/9)

I/SurfaceFlinger( 2212): id=1029 Removed NainActivit (-2/9)

E/WindowState( 2841): getStack: Window{1d0f0716 u0 d0 eu.kanade.tachiyomi.debug/eu.kanade.tachiyomi.ui.main.MainActivity} couldn't find taskId=90 Callers=com.android.server.wm.WindowState.getDisplayContent:1059 com.android.server.wm.WindowState.isDefaultDisplay:1778 com.android.server.wm.WindowState.getMultiWindowStyleLw:2363 com.android.internal.policy.impl.multiwindow.MultiPhoneWindowManager.shouldEnableLayoutInsetsBySoftInput:1505 

D/libEGL  ( 2212): eglTerminate EGLDisplay = 0xbec2bb34

D/BaseController(10392): Detach view for MangaController@2fb3db4d

D/BaseController(10392): Detach view for ChaptersController@34c2956f

D/BaseController(10392): Detach view for MangaInfoController@25d7c441

V/ActivityThread(10392): updateVisibility : ActivityRecord{12832e2d token=android.os.BinderProxy@e74c423 {eu.kanade.tachiyomi.debug/eu.kanade.tachiyomi.ui.main.MainActivity}} show : false

E/WindowState( 2841): getStack: Window{1d0f0716 u0 d0 eu.kanade.tachiyomi.debug/eu.kanade.tachiyomi.ui.main.MainActivity} couldn't find taskId=90 Callers=com.android.server.wm.WindowState.getDisplayContent:1059 com.android.server.wm.WindowState.isDefaultDisplay:1778 com.android.server.wm.WindowState.getMultiWindowStyleLw:2363 com.android.internal.policy.impl.multiwindow.MultiPhoneWindowManager.shouldEnableLayoutInsetsBySoftInput:1505 

D/libEGL  ( 2212): eglInitialize EGLDisplay = 0xbec2b294

V/AlarmManager( 2841): waitForAlarm result :8

D/KeyguardUpdateMonitor( 3144): received broadcast android.intent.action.TIME_TICK

I/PERF    ( 3144): received broadcast android.intent.action.TIME_TICK

D/KeyguardUpdateMonitor( 3144): handleTimeUpdate

D/SecKeyguardClockView( 3144): onTimeChanged() : mShouldShowDualClock - false, isDualClockSet() -false

D/SecKeyguardClockView( 3144): HomeTimezone(): 0

D/SecKeyguardStatusUtils( 3144): regionalDateFormat = 22.11.3333 isRTLlanguage = false returnDateFormat = E, d MMMM

W/ActivityManager( 2841): getRunningAppProcesses: caller 10075 does not hold REAL_GET_TASKS; limiting output

I/InputReader( 2841): Touch event's action is 0x0 (deviceType=0) [pCnt=1, s=0.4600 ] when=24814984931000

D/InputReader( 2841): lastThreadEndTime = 24810926855962, currentThreadStartTime = 24810926866087, diff = 0

I/InputDispatcher( 2841): Delivering touch to (10392): action: 0x0, toolType: 1

D/ViewRootImpl(10392): ViewPostImeInputStage ACTION_DOWN

I/InputReader( 2841): Touch event's action is 0x1 (deviceType=0) [pCnt=1, s=] when=24815113121000

I/InputDispatcher( 2841): Delivering touch to (10392): action: 0x1, toolType: 1

D/PagerViewer(10392): onReaderPageSelected: 2/2

D/PagerViewer(10392): Request preload next chapter because we're at the last page

D/ReaderPresenter(10392): Preloading /the_abandoned_empress/vol1/1?mtr=1

D/ChapterLoader$loadChapt(10392): Loading pages for Брошенная императрица 1 - 1

D/PagerViewer(10392): setChaptersInternal

I/InputReader( 2841): Touch event's action is 0x0 (deviceType=0) [pCnt=1, s=0.4601 ] when=24816104270000

D/InputReader( 2841): lastThreadEndTime = 24815114231878, currentThreadStartTime = 24815114245212, diff = 0

I/InputDispatcher( 2841): Delivering touch to (10392): action: 0x0, toolType: 1

D/ViewRootImpl(10392): ViewPostImeInputStage ACTION_DOWN

I/InputReader( 2841): Touch event's action is 0x1 (deviceType=0) [pCnt=1, s=] when=24816202696000

I/InputDispatcher( 2841): Delivering touch to (10392): action: 0x1, toolType: 1

D/PagerViewer(10392): onTransitionSelected: Next(from=/the_abandoned_empress/vol1/0?mtr=1, to=/the_abandoned_empress/vol1/1?mtr=1)

D/PagerViewer(10392): Request preload destination chapter because we're on the transition

I/InputReader( 2841): Touch event's action is 0x0 (deviceType=0) [pCnt=1, s=0.4602 ] when=24818126539000

D/InputReader( 2841): lastThreadEndTime = 24816203252381, currentThreadStartTime = 24816203261798, diff = 0

I/InputDispatcher( 2841): Delivering touch to (10392): action: 0x0, toolType: 1

D/ViewRootImpl(10392): ViewPostImeInputStage ACTION_DOWN

W/ActivityManager( 2841): getRunningAppProcesses: caller 10075 does not hold REAL_GET_TASKS; limiting output

I/InputReader( 2841): Touch event's action is 0x1 (deviceType=0) [pCnt=1, s=] when=24818283700000

I/InputDispatcher( 2841): Delivering touch to (10392): action: 0x1, toolType: 1

D/PagerViewer(10392): onReaderPageSelected: 1/5

D/ReaderPresenter(10392): Setting /the_abandoned_empress/vol1/1?mtr=1 as active

D/ReaderPresenter(10392): Loading /the_abandoned_empress/vol1/1?mtr=1

D/SSRM:n  ( 2841): SIOP:: AP = 390, CUR = -531, LCD = 235

D/PagerViewer(10392): setChaptersInternal

D/BatteryService( 2841): !@BatteryListener : batteryPropertiesChanged!

D/BatteryService( 2841): level:64, scale:100, status:3, health:2, present:true, voltage: 3765, temperature: 381, technology: Li-ion, AC powered:false, USB powered:true, POGO powered:false, Wireless powered:false, icon:17303745, invalid charger:0

D/BatteryService( 2841): online:4, current avg:-549, charge type:1, power sharing:false, high voltage charger:false, capacity:280000, current_now:-1004

D/BatteryService( 2841): Sending ACTION_BATTERY_CHANGED.

D/KeyguardUpdateMonitor( 3144): received broadcast android.intent.action.BATTERY_CHANGED

I/PERF    ( 3144): received broadcast android.intent.action.BATTERY_CHANGED

D/KeyguardUpdateMonitor( 3144): handleBatteryUpdate

D/BatteryMeterView( 3144): ACTION_BATTERY_CHANGED : level:64 status:3 health:2

D/BatteryMeterView( 3144): ACTION_BATTERY_CHANGED : level:64 status:3 health:2

D/BatteryMeterView( 3144): ACTION_BATTERY_CHANGED : level:64 status:3 health:2

I/InputReader( 2841): Touch event's action is 0x0 (deviceType=0) [pCnt=1, s=0.4603 ] when=24819651903000

D/InputReader( 2841): lastThreadEndTime = 24818284052423, currentThreadStartTime = 24818284069632, diff = 0

I/InputDispatcher( 2841): Delivering touch to (10392): action: 0x0, toolType: 1

D/ViewRootImpl(10392): ViewPostImeInputStage ACTION_DOWN

I/InputReader( 2841): Touch event's action is 0x1 (deviceType=0) [pCnt=1, s=] when=24819849684000

I/InputDispatcher( 2841): Delivering touch to (10392): action: 0x1, toolType: 1

D/PagerViewer(10392): onReaderPageSelected: 2/5

W/ActivityManager( 2841): getRunningAppProcesses: caller 10075 does not hold REAL_GET_TASKS; limiting output

D/SensorService( 2841): [SO] 1.686 -0.287 9.874

I/InputReader( 2841): Touch event's action is 0x0 (deviceType=0) [pCnt=1, s=0.4604 ] when=24820795060000

D/InputReader( 2841): lastThreadEndTime = 24819849938882, currentThreadStartTime = 24819849949632, diff = 0

I/InputDispatcher( 2841): Delivering touch to (10392): action: 0x0, toolType: 1

D/ViewRootImpl(10392): ViewPostImeInputStage ACTION_DOWN

I/InputReader( 2841): Touch event's action is 0x1 (deviceType=0) [pCnt=1, s=] when=24821052016000

I/InputDispatcher( 2841): Delivering touch to (10392): action: 0x1, toolType: 1

D/PagerViewer(10392): onReaderPageSelected: 3/5

I/InputReader( 2841): Touch event's action is 0x0 (deviceType=0) [pCnt=1, s=0.4605 ] when=24822184175000

D/InputReader( 2841): lastThreadEndTime = 24821052260467, currentThreadStartTime = 24821052269050, diff = 0

I/InputDispatcher( 2841): Delivering touch to (10392): action: 0x0, toolType: 1

D/PowerManagerService( 2841): [api] userActivityFromNative : 4600 (event: 2 flags: 0) eventTime = 24822184

D/ViewRootImpl(10392): ViewPostImeInputStage ACTION_DOWN

I/InputReader( 2841): Touch event's action is 0x1 (deviceType=0) [pCnt=1, s=] when=24822472150000

I/InputDispatcher( 2841): Delivering touch to (10392): action: 0x1, toolType: 1

D/PagerViewer(10392): onReaderPageSelected: 4/5

I/InputReader( 2841): Touch event's action is 0x0 (deviceType=0) [pCnt=1, s=0.4606 ] when=24822953555000

D/InputReader( 2841): lastThreadEndTime = 24822472421009, currentThreadStartTime = 24822472434550, diff = 0

I/InputDispatcher( 2841): Delivering touch to (10392): action: 0x0, toolType: 1

D/ViewRootImpl(10392): ViewPostImeInputStage ACTION_DOWN

W/Image   (10392): /home/jitpack/build/library/src/main/jni/png/image_png.c(125): iCCP: known incorrect sRGB profile

W/Image   (10392): /home/jitpack/build/library/src/main/jni/png/image_png.c(125): iCCP: known incorrect sRGB profile

D/TimaService( 2841): TIMA: TimaService scheduler is intialized. 

D/TimaService( 2841): TIMA: checkEvent, operation: 50000 subject: 10000

D/TimaService( 2841): TimaServiceHandler.handleMessage what =1

I/InputReader( 2841): Touch event's action is 0x1 (deviceType=0) [pCnt=1, s=] when=24823288869000

I/InputDispatcher( 2841): Delivering touch to (10392): action: 0x1, toolType: 1

D/PagerViewer(10392): onReaderPageSelected: 5/5

D/PagerViewer(10392): Request preload next chapter because we're at the last page

D/ReaderPresenter(10392): Preloading /the_abandoned_empress/vol1/2?mtr=1

D/ChapterLoader$loadChapt(10392): Loading pages for Брошенная императрица 1 - 2

D/PagerViewer(10392): setChaptersInternal

E/Watchdog( 2841): !@Sync 825 [02-28 22:59:11.569]

I/InputReader( 2841): Touch event's action is 0x0 (deviceType=0) [pCnt=1, s=0.4607 ] when=24824800611000

D/InputReader( 2841): lastThreadEndTime = 24824765532802, currentThreadStartTime = 24824765549427, diff = 0

I/InputDispatcher( 2841): Delivering touch to (10392): action: 0x0, toolType: 1

D/ViewRootImpl(10392): ViewPostImeInputStage ACTION_DOWN

W/ActivityManager( 2841): getRunningAppProcesses: caller 10075 does not hold REAL_GET_TASKS; limiting output

I/InputReader( 2841): Touch event's action is 0x1 (deviceType=0) [pCnt=1, s=] when=24825395483000

I/InputDispatcher( 2841): Delivering touch to (10392): action: 0x1, toolType: 1

D/PagerViewer(10392): onTransitionSelected: Next(from=/the_abandoned_empress/vol1/1?mtr=1, to=/the_abandoned_empress/vol1/2?mtr=1)

D/PagerViewer(10392): Request preload destination chapter because we're on the transition

I/InputReader( 2841): Touch event's action is 0x0 (deviceType=0) [pCnt=1, s=0.4608 ] when=24826896354000

D/InputReader( 2841): lastThreadEndTime = 24825395789427, currentThreadStartTime = 24825395799136, diff = 0

I/InputDispatcher( 2841): Delivering touch to (10392): action: 0x0, toolType: 1

D/ViewRootImpl(10392): ViewPostImeInputStage ACTION_DOWN

I/InputReader( 2841): Touch event's action is 0x1 (deviceType=0) [pCnt=1, s=] when=24827283548000

I/InputDispatcher( 2841): Delivering touch to (10392): action: 0x1, toolType: 1

D/PagerViewer(10392): onReaderPageSelected: 1/5

D/ReaderPresenter(10392): Setting /the_abandoned_empress/vol1/2?mtr=1 as active

D/ReaderPresenter(10392): Loading /the_abandoned_empress/vol1/2?mtr=1

D/ReaderChapter(10392): Recycling chapter Брошенная императрица 1 - 0 Пролог

D/PagerViewer(10392): setChaptersInternal

D/SSRM:n  ( 2841): SIOP:: AP = 400, CUR = -549, LCD = 235

I/InputReader( 2841): Touch event's action is 0x0 (deviceType=0) [pCnt=1, s=0.4609 ] when=24828725387000

D/InputReader( 2841): lastThreadEndTime = 24827283941927, currentThreadStartTime = 24827283954427, diff = 0

I/InputDispatcher( 2841): Delivering touch to (10392): action: 0x0, toolType: 1

D/ViewRootImpl(10392): ViewPostImeInputStage ACTION_DOWN

I/TLC_TIMA_PKM_measure_kernel( 2841): TIMA: response_id = 3

I/TLC_TIMA_PKM_measure_kernel( 2841): TIMA: response ret = 0, result_ondemand = MSG=Kernel Verification Success;

D/TimaService( 2841): TIMA MEASUREMENT Result: TIMA_STATUS=0;MSG=Kernel Verification Success;

D/TimaService( 2841): TIMA MEASUREMENT success status: TIMA_STATUS=0;MSG=Kernel Verification Success;

I/InputReader( 2841): Touch event's action is 0x1 (deviceType=0) [pCnt=1, s=] when=24829410681000

I/InputDispatcher( 2841): Delivering touch to (10392): action: 0x1, toolType: 1

D/BatteryService( 2841): !@BatteryListener : batteryPropertiesChanged!

D/BatteryService( 2841): level:63, scale:100, status:3, health:2, present:true, voltage: 3807, temperature: 381, technology: Li-ion, AC powered:false, USB powered:true, POGO powered:false, Wireless powered:false, icon:17303745, invalid charger:0

D/BatteryService( 2841): online:4, current avg:-567, charge type:1, power sharing:false, high voltage charger:false, capacity:280000, current_now:-845

D/BatteryService( 2841): Sending ACTION_BATTERY_CHANGED.

D/PowerManagerService( 2841): [PSM] lowPowerModeEnabled: false (mLowPowerModeSetting: false, mAutoLowPowerModeConfigured: false, mBatteryLevel: 63, mLowBatteryTriggerLevel: 0)

D/KeyguardUpdateMonitor( 3144): received broadcast android.intent.action.BATTERY_CHANGED

I/PERF    ( 3144): received broadcast android.intent.action.BATTERY_CHANGED

D/KeyguardUpdateMonitor( 3144): handleBatteryUpdate

E/MtpServerJNI( 4351): server is null in send_object_removed

D/BatteryMeterView( 3144): ACTION_BATTERY_CHANGED : level:63 status:3 health:2

D/BatteryMeterView( 3144): ACTION_BATTERY_CHANGED : level:63 status:3 health:2

D/BatteryMeterView( 3144): ACTION_BATTERY_CHANGED : level:63 status:3 health:2

D/BatteryMeterView( 3144): onDraw batteryColor : -1

W/ActivityManager( 2841): getRunningAppProcesses: caller 10075 does not hold REAL_GET_TASKS; limiting output

I/InputReader( 2841): Touch event's action is 0x0 (deviceType=0) [pCnt=1, s=0.4610 ] when=24830069110000

D/InputReader( 2841): lastThreadEndTime = 24829410985638, currentThreadStartTime = 24829410994096, diff = 0

I/InputDispatcher( 2841): Delivering touch to (10392): action: 0x0, toolType: 1

D/ViewRootImpl(10392): ViewPostImeInputStage ACTION_DOWN

I/InputReader( 2841): Touch event's action is 0x1 (deviceType=0) [pCnt=1, s=] when=24830167883000

I/InputDispatcher( 2841): Delivering touch to (10392): action: 0x1, toolType: 1

D/PagerViewer(10392): onReaderPageSelected: 2/5

D/SensorService( 2841): [SO] 1.676 -0.316 9.893

I/InputReader( 2841): Touch event's action is 0x0 (deviceType=0) [pCnt=1, s=0.4611 ] when=24831039445000

D/InputReader( 2841): lastThreadEndTime = 24830168239430, currentThreadStartTime = 24830168250305, diff = 0

I/InputDispatcher( 2841): Delivering touch to (10392): action: 0x0, toolType: 1

D/ViewRootImpl(10392): ViewPostImeInputStage ACTION_DOWN

I/InputReader( 2841): Touch event's action is 0x1 (deviceType=0) [pCnt=1, s=] when=24831197264000

I/InputDispatcher( 2841): Delivering touch to (10392): action: 0x1, toolType: 1

I/InputReader( 2841): Touch event's action is 0x0 (deviceType=0) [pCnt=1, s=0.4612 ] when=24832083909000

D/InputReader( 2841): lastThreadEndTime = 24831197516472, currentThreadStartTime = 24831197523638, diff = 0

I/InputDispatcher( 2841): Delivering touch to (10392): action: 0x0, toolType: 1

D/ViewRootImpl(10392): ViewPostImeInputStage ACTION_DOWN

I/InputReader( 2841): Touch event's action is 0x1 (deviceType=0) [pCnt=1, s=] when=24832252951000

I/InputDispatcher( 2841): Delivering touch to (10392): action: 0x1, toolType: 1

D/PagerViewer(10392): onReaderPageSelected: 3/5

I/InputReader( 2841): Touch event's action is 0x0 (deviceType=0) [pCnt=1, s=0.4613 ] when=24833511715000

D/InputReader( 2841): lastThreadEndTime = 24832253348096, currentThreadStartTime = 24832253357805, diff = 0

I/InputDispatcher( 2841): Delivering touch to (10392): action: 0x0, toolType: 1

D/PowerManagerService( 2841): [api] userActivityFromNative : 4610 (event: 2 flags: 0) eventTime = 24833511

D/ViewRootImpl(10392): ViewPostImeInputStage ACTION_DOWN

I/InputReader( 2841): Touch event's action is 0x1 (deviceType=0) [pCnt=1, s=] when=24834018878000

I/InputDispatcher( 2841): Delivering touch to (10392): action: 0x1, toolType: 1

I/InputReader( 2841): Touch event's action is 0x0 (deviceType=0) [pCnt=1, s=0.4614 ] when=24834756494000

D/InputReader( 2841): lastThreadEndTime = 24834019208389, currentThreadStartTime = 24834019219348, diff = 0

I/InputDispatcher( 2841): Delivering touch to (10392): action: 0x0, toolType: 1

D/ViewRootImpl(10392): ViewPostImeInputStage ACTION_DOWN

W/ActivityManager( 2841): getRunningAppProcesses: caller 10075 does not hold REAL_GET_TASKS; limiting output

I/InputReader( 2841): Touch event's action is 0x1 (deviceType=0) [pCnt=1, s=] when=24835063161000

I/InputDispatcher( 2841): Delivering touch to (10392): action: 0x1, toolType: 1

I/InputReader( 2841): Touch event's action is 0x0 (deviceType=0) [pCnt=1, s=0.4615 ] when=24836188186000

D/InputReader( 2841): lastThreadEndTime = 24835063500556, currentThreadStartTime = 24835063509431, diff = 0

I/InputDispatcher( 2841): Delivering touch to (10392): action: 0x0, toolType: 1

D/ViewRootImpl(10392): ViewPostImeInputStage ACTION_DOWN

I/InputReader( 2841): Touch event's action is 0x1 (deviceType=0) [pCnt=1, s=] when=24836722834000

I/InputDispatcher( 2841): Delivering touch to (10392): action: 0x1, toolType: 1

I/InputReader( 2841): Touch event's action is 0x0 (deviceType=0) [pCnt=1, s=0.4616 ] when=24837850705000

D/InputReader( 2841): lastThreadEndTime = 24836723228516, currentThreadStartTime = 24836723249432, diff = 0

I/InputDispatcher( 2841): Delivering touch to (10392): action: 0x0, toolType: 1

D/ViewRootImpl(10392): ViewPostImeInputStage ACTION_DOWN

I/InputReader( 2841): Touch event's action is 0x1 (deviceType=0) [pCnt=1, s=] when=24838147492000

I/InputDispatcher( 2841): Delivering touch to (10392): action: 0x1, toolType: 1

D/PagerViewer(10392): onReaderPageSelected: 4/5

D/SSRM:n  ( 2841): SIOP:: AP = 400, CUR = -567, LCD = 235

I/InputReader( 2841): Touch event's action is 0x0 (deviceType=0) [pCnt=1, s=0.4617 ] when=24839038000000

D/InputReader( 2841): lastThreadEndTime = 24838147998933, currentThreadStartTime = 24838148027516, diff = 0

I/InputDispatcher( 2841): Delivering touch to (10392): action: 0x0, toolType: 1

D/ViewRootImpl(10392): ViewPostImeInputStage ACTION_DOWN

I/InputReader( 2841): Touch event's action is 0x1 (deviceType=0) [pCnt=1, s=] when=24839156691000

I/InputDispatcher( 2841): Delivering touch to (10392): action: 0x1, toolType: 1

I/InputReader( 2841): Touch event's action is 0x0 (deviceType=0) [pCnt=1, s=0.4618 ] when=24839474608000

D/InputReader( 2841): lastThreadEndTime = 24839157426558, currentThreadStartTime = 24839157459808, diff = 0

I/InputDispatcher( 2841): Delivering touch to (10392): action: 0x0, toolType: 1

D/ViewRootImpl(10392): ViewPostImeInputStage ACTION_DOWN

D/BatteryService( 2841): !@BatteryListener : batteryPropertiesChanged!

D/BatteryService( 2841): level:63, scale:100, status:3, health:2, present:true, voltage: 3803, temperature: 382, technology: Li-ion, AC powered:false, USB powered:true, POGO powered:false, Wireless powered:false, icon:17303745, invalid charger:0

D/BatteryService( 2841): online:4, current avg:-580, charge type:1, power sharing:false, high voltage charger:false, capacity:280000, current_now:-732

D/BatteryService( 2841): Sending ACTION_BATTERY_CHANGED.

D/KeyguardUpdateMonitor( 3144): received broadcast android.intent.action.BATTERY_CHANGED

I/PERF    ( 3144): received broadcast android.intent.action.BATTERY_CHANGED

D/KeyguardUpdateMonitor( 3144): handleBatteryUpdate

D/BatteryMeterView( 3144): ACTION_BATTERY_CHANGED : level:63 status:3 health:2

D/BatteryMeterView( 3144): ACTION_BATTERY_CHANGED : level:63 status:3 health:2

D/BatteryMeterView( 3144): ACTION_BATTERY_CHANGED : level:63 status:3 health:2

W/ActivityManager( 2841): getRunningAppProcesses: caller 10075 does not hold REAL_GET_TASKS; limiting output

D/SensorService( 2841): [SO] 1.695 -0.287 9.826

D/PowerManagerService( 2841): [api] userActivityFromNative : 4620 (event: 2 flags: 0) eventTime = 24841069

I/InputReader( 2841): Touch event's action is 0x1 (deviceType=0) [pCnt=1, s=] when=24841633932000

I/InputDispatcher( 2841): Delivering touch to (10392): action: 0x1, toolType: 1

V/AlarmManager( 2841): waitForAlarm result :4

E/WakeLock( 3444): GCM_HB_ALARM release without a matched acquire!

D/StatusBar.NetworkController( 3144): refreshViews connected={ wifi } level=?? combinedSignalIconId=0x7f02054c/com.android.systemui:drawable/stat_sys_wifi_signal_4 mobileLabel= wifiLabel="Mantis" emergencyOnly=false combinedLabel="Mantis" mAirplaneMode=false mDataActivity=0 mPhoneSignalIconId=0x0/(null) mQSPhoneSignalIconId=0x0/(null) mDataDirectionIconId=0x0/(null) mDataSignalIconId=0x0/(null) mDataTypeIconId=0x0/(null) mQSDataTypeIconId=0x0/(null) mNoSimIconId=0x0/(null) mWifiIconId=0x7f02054c/com.android.systemui:drawable/stat_sys_wifi_signal_4 mQSWifiIconId=0x7f02023e/com.android.systemui:drawable/qs_tile_wifi_signal_4 mWifiActivityIconId=0x7f0204fc/com.android.systemui:drawable/stat_sys_signal_inout mBluetoothTetherIconId=0x1080916/android:drawable/stat_sys_tether_bluetooth

D/StatusBar.NetworkController( 3144): refreshNwBoosterIndicator - setNWBoosterIndicators(false)

D/StatusBar.NetworkController( 3144): refreshNwBoosterIndicator - setNWBoosterIndicators(false)

D/StatusBar.NetworkController( 3144): refreshNwBoosterIndicator - setNWBoosterIndicators(false)

D/StatusBar.NetworkController( 3144): refreshNwBoosterIndicator - setNWBoosterIndicators(false)

W/ActivityManager( 2841): getRunningAppProcesses: caller 10075 does not hold REAL_GET_TASKS; limiting output

D/StatusBar.NetworkController( 3144): refreshViews connected={ wifi } level=?? combinedSignalIconId=0x7f02054c/com.android.systemui:drawable/stat_sys_wifi_signal_4 mobileLabel= wifiLabel="Mantis" emergencyOnly=false combinedLabel="Mantis" mAirplaneMode=false mDataActivity=0 mPhoneSignalIconId=0x0/(null) mQSPhoneSignalIconId=0x0/(null) mDataDirectionIconId=0x0/(null) mDataSignalIconId=0x0/(null) mDataTypeIconId=0x0/(null) mQSDataTypeIconId=0x0/(null) mNoSimIconId=0x0/(null) mWifiIconId=0x7f02054c/com.android.systemui:drawable/stat_sys_wifi_signal_4 mQSWifiIconId=0x7f02023e/com.android.systemui:drawable/qs_tile_wifi_signal_4 mWifiActivityIconId=0x7f0204ff/com.android.systemui:drawable/stat_sys_signal_no_inout mBluetoothTetherIconId=0x1080916/android:drawable/stat_sys_tether_bluetooth

D/StatusBar.NetworkController( 3144): refreshNwBoosterIndicator - setNWBoosterIndicators(false)

D/StatusBar.NetworkController( 3144): refreshNwBoosterIndicator - setNWBoosterIndicators(false)

D/StatusBar.NetworkController( 3144): refreshNwBoosterIndicator - setNWBoosterIndicators(false)

D/StatusBar.NetworkController( 3144): refreshNwBoosterIndicator - setNWBoosterIndicators(false)

I/InputReader( 2841): Touch event's action is 0x0 (deviceType=0) [pCnt=1, s=0.4619 ] when=24845289008000

D/InputReader( 2841): lastThreadEndTime = 24841634291060, currentThreadStartTime = 24841634300685, diff = 0

I/InputDispatcher( 2841): Delivering touch to (10392): action: 0x0, toolType: 1

D/ViewRootImpl(10392): ViewPostImeInputStage ACTION_DOWN

I/InputReader( 2841): Touch event's action is 0x1 (deviceType=0) [pCnt=1, s=] when=24845665779000

I/InputDispatcher( 2841): Delivering touch to (10392): action: 0x1, toolType: 1

D/PagerViewer(10392): onReaderPageSelected: 5/5

D/PagerViewer(10392): Request preload next chapter because we're at the last page

D/ReaderPresenter(10392): Preloading /the_abandoned_empress/vol1/3?mtr=1

D/ChapterLoader$loadChapt(10392): Loading pages for Брошенная императрица 1 - 3

D/PagerViewer(10392): setChaptersInternal

I/InputReader( 2841): Touch event's action is 0x0 (deviceType=0) [pCnt=1, s=0.4620 ] when=24847871887000

D/InputReader( 2841): lastThreadEndTime = 24845666290603, currentThreadStartTime = 24845666302811, diff = 0

I/InputDispatcher( 2841): Delivering touch to (10392): action: 0x0, toolType: 1

D/ViewRootImpl(10392): ViewPostImeInputStage ACTION_DOWN

I/InputReader( 2841): Touch event's action is 0x1 (deviceType=0) [pCnt=1, s=] when=24848078937000

I/InputDispatcher( 2841): Delivering touch to (10392): action: 0x1, toolType: 1

D/PagerViewer(10392): onTransitionSelected: Next(from=/the_abandoned_empress/vol1/2?mtr=1, to=/the_abandoned_empress/vol1/3?mtr=1)

D/PagerViewer(10392): Request preload destination chapter because we're on the transition

W/ActivityManager( 2841): getRunningAppProcesses: caller 10075 does not hold REAL_GET_TASKS; limiting output

D/SSRM:n  ( 2841): SIOP:: AP = 390, CUR = -580, LCD = 235

I/InputReader( 2841): Touch event's action is 0x0 (deviceType=0) [pCnt=1, s=0.4621 ] when=24848946122000

D/InputReader( 2841): lastThreadEndTime = 24848079278522, currentThreadStartTime = 24848079288063, diff = 0

I/InputDispatcher( 2841): Delivering touch to (10392): action: 0x0, toolType: 1

