I/InputDispatcher( 2841): Delivering touch to (10392): action: 0x0, toolType: 1

D/ViewRootImpl(10392): ViewPostImeInputStage ACTION_DOWN

I/InputReader( 2841): Touch event's action is 0x1 (deviceType=0) [pCnt=1, s=] when=25041814538000

I/InputDispatcher( 2841): Delivering touch to (10392): action: 0x1, toolType: 1

D/PagerViewer(10392): onReaderPageSelected: 8/8

D/PagerViewer(10392): Request preload next chapter because we're at the last page

D/ReaderPresenter(10392): Preloading /the_abandoned_empress/vol1/16?mtr=1

D/ChapterLoader$loadChapt(10392): Loading pages for Брошенная императрица 1 - 16

D/PagerViewer(10392): setChaptersInternal

I/InputReader( 2841): Touch event's action is 0x0 (deviceType=0) [pCnt=1, s=0.4770 ] when=25044126007000

D/InputReader( 2841): lastThreadEndTime = 25041814836738, currentThreadStartTime = 25041814845863, diff = 0

I/InputDispatcher( 2841): Delivering touch to (3144): action: 0x4, toolType: 1

I/InputDispatcher( 2841): Delivering touch to (10392): action: 0x0, toolType: 1

D/ViewRootImpl(10392): ViewPostImeInputStage ACTION_DOWN

I/InputReader( 2841): Touch event's action is 0x1 (deviceType=0) [pCnt=1, s=] when=25044233684000

I/InputDispatcher( 2841): Delivering touch to (10392): action: 0x1, toolType: 1

D/PagerViewer(10392): onTransitionSelected: Next(from=/the_abandoned_empress/vol1/15?mtr=1, to=/the_abandoned_empress/vol1/16?mtr=1)

D/PagerViewer(10392): Request preload destination chapter because we're on the transition

W/ActivityManager( 2841): getRunningAppProcesses: caller 10075 does not hold REAL_GET_TASKS; limiting output

I/InputReader( 2841): Touch event's action is 0x0 (deviceType=0) [pCnt=1, s=0.4771 ] when=25045054809000

I/InputDispatcher( 2841): Delivering touch to (3144): action: 0x4, toolType: 1

I/InputDispatcher( 2841): Delivering touch to (10392): action: 0x0, toolType: 1

D/ViewRootImpl(10392): ViewPostImeInputStage ACTION_DOWN

D/InputReader( 2841): lastThreadEndTime = 25044233979615, currentThreadStartTime = 25044233988699, diff = 0

I/InputReader( 2841): Touch event's action is 0x1 (deviceType=0) [pCnt=1, s=] when=25045114129000

I/InputDispatcher( 2841): Delivering touch to (10392): action: 0x1, toolType: 1

D/PagerViewer(10392): onReaderPageSelected: 1/10

D/ReaderPresenter(10392): Setting /the_abandoned_empress/vol1/16?mtr=1 as active

D/ReaderPresenter(10392): Loading /the_abandoned_empress/vol1/16?mtr=1

D/ReaderChapter(10392): Recycling chapter Брошенная императрица 1 - 14

D/PagerViewer(10392): setChaptersInternal

I/InputReader( 2841): Touch event's action is 0x0 (deviceType=0) [pCnt=1, s=0.4772 ] when=25045905455000

D/InputReader( 2841): lastThreadEndTime = 25045114412364, currentThreadStartTime = 25045114420448, diff = 0

I/InputDispatcher( 2841): Delivering touch to (3144): action: 0x4, toolType: 1

I/InputDispatcher( 2841): Delivering touch to (10392): action: 0x0, toolType: 1

D/PowerManagerService( 2841): [api] userActivityFromNative : 4800 (event: 2 flags: 0) eventTime = 25045905

D/ViewRootImpl(10392): ViewPostImeInputStage ACTION_DOWN

I/InputReader( 2841): Touch event's action is 0x1 (deviceType=0) [pCnt=1, s=] when=25045993490000

I/InputDispatcher( 2841): Delivering touch to (10392): action: 0x1, toolType: 1

D/PagerViewer(10392): onReaderPageSelected: 2/10

I/InputReader( 2841): Touch event's action is 0x0 (deviceType=0) [pCnt=1, s=0.4773 ] when=25046874650000

D/InputReader( 2841): lastThreadEndTime = 25045993842115, currentThreadStartTime = 25045993851740, diff = 0

I/InputDispatcher( 2841): Delivering touch to (3144): action: 0x4, toolType: 1

I/InputDispatcher( 2841): Delivering touch to (10392): action: 0x0, toolType: 1

D/ViewRootImpl(10392): ViewPostImeInputStage ACTION_DOWN

I/InputReader( 2841): Touch event's action is 0x1 (deviceType=0) [pCnt=1, s=] when=25046982959000

I/InputDispatcher( 2841): Delivering touch to (10392): action: 0x1, toolType: 1

D/PagerViewer(10392): onReaderPageSelected: 3/10

D/SensorService( 2841): [SO] 1.839 -0.259 9.845

I/InputReader( 2841): Touch event's action is 0x0 (deviceType=0) [pCnt=1, s=0.4774 ] when=25048030174000

D/InputReader( 2841): lastThreadEndTime = 25046983229491, currentThreadStartTime = 25046983237741, diff = 0

I/InputDispatcher( 2841): Delivering touch to (3144): action: 0x4, toolType: 1

I/InputDispatcher( 2841): Delivering touch to (10392): action: 0x0, toolType: 1

D/ViewRootImpl(10392): ViewPostImeInputStage ACTION_DOWN

I/InputReader( 2841): Touch event's action is 0x1 (deviceType=0) [pCnt=1, s=] when=25048138702000

I/InputDispatcher( 2841): Delivering touch to (10392): action: 0x1, toolType: 1

D/PagerViewer(10392): onReaderPageSelected: 4/10

D/SSRM:n  ( 2841): SIOP:: AP = 420, CUR = -809, LCD = 235

W/ActivityManager( 2841): getRunningAppProcesses: caller 10075 does not hold REAL_GET_TASKS; limiting output

D/BatteryService( 2841): !@BatteryListener : batteryPropertiesChanged!

D/BatteryService( 2841): level:63, scale:100, status:3, health:2, present:true, voltage: 3817, temperature: 393, technology: Li-ion, AC powered:false, USB powered:true, POGO powered:false, Wireless powered:false, icon:17303745, invalid charger:0

D/BatteryService( 2841): online:4, current avg:-819, charge type:1, power sharing:false, high voltage charger:false, capacity:280000, current_now:-568

D/BatteryService( 2841): Sending ACTION_BATTERY_CHANGED.

D/KeyguardUpdateMonitor( 3144): received broadcast android.intent.action.BATTERY_CHANGED

I/PERF    ( 3144): received broadcast android.intent.action.BATTERY_CHANGED

D/KeyguardUpdateMonitor( 3144): handleBatteryUpdate

D/BatteryMeterView( 3144): ACTION_BATTERY_CHANGED : level:63 status:3 health:2

D/BatteryMeterView( 3144): ACTION_BATTERY_CHANGED : level:63 status:3 health:2

D/BatteryMeterView( 3144): ACTION_BATTERY_CHANGED : level:63 status:3 health:2

V/AlarmManager( 2841): waitForAlarm result :8

D/KeyguardUpdateMonitor( 3144): received broadcast android.intent.action.TIME_TICK

I/PERF    ( 3144): received broadcast android.intent.action.TIME_TICK

D/KeyguardUpdateMonitor( 3144): handleTimeUpdate

D/SecKeyguardClockView( 3144): onTimeChanged() : mShouldShowDualClock - false, isDualClockSet() -false

D/SecKeyguardClockView( 3144): HomeTimezone(): 0

D/SecKeyguardStatusUtils( 3144): regionalDateFormat = 22.11.3333 isRTLlanguage = false returnDateFormat = E, d MMMM

W/ActivityManager( 2841): getRunningAppProcesses: caller 10075 does not hold REAL_GET_TASKS; limiting output

D/SensorService( 2841): [SO] 1.781 -0.306 9.807

W/ActivityManager( 2841): getRunningAppProcesses: caller 10075 does not hold REAL_GET_TASKS; limiting output

D/SSRM:n  ( 2841): SIOP:: AP = 410, CUR = -819, LCD = 235

W/ActivityManager( 2841): getRunningAppProcesses: caller 10075 does not hold REAL_GET_TASKS; limiting output

D/BatteryService( 2841): !@BatteryListener : batteryPropertiesChanged!

D/BatteryService( 2841): level:63, scale:100, status:3, health:2, present:true, voltage: 3817, temperature: 391, technology: Li-ion, AC powered:false, USB powered:true, POGO powered:false, Wireless powered:false, icon:17303745, invalid charger:0

D/BatteryService( 2841): online:4, current avg:-807, charge type:1, power sharing:false, high voltage charger:false, capacity:280000, current_now:-592

D/BatteryService( 2841): Sending ACTION_BATTERY_CHANGED.

D/KeyguardUpdateMonitor( 3144): received broadcast android.intent.action.BATTERY_CHANGED

I/PERF    ( 3144): received broadcast android.intent.action.BATTERY_CHANGED

D/BatteryMeterView( 3144): ACTION_BATTERY_CHANGED : level:63 status:3 health:2

D/BatteryMeterView( 3144): ACTION_BATTERY_CHANGED : level:63 status:3 health:2

D/KeyguardUpdateMonitor( 3144): handleBatteryUpdate

D/BatteryMeterView( 3144): ACTION_BATTERY_CHANGED : level:63 status:3 health:2

E/Watchdog( 2841): !@Sync 833 [02-28 23:03:11.582]

W/ActivityManager( 2841): getRunningAppProcesses: caller 10075 does not hold REAL_GET_TASKS; limiting output

D/SensorService( 2841): [SO] 1.848 -0.268 9.797

I/InputReader( 2841): Touch event's action is 0x0 (deviceType=0) [pCnt=1, s=0.4775 ] when=25069013882000

D/InputReader( 2841): lastThreadEndTime = 25064778962360, currentThreadStartTime = 25064778980861, diff = 0

I/InputDispatcher( 2841): Delivering touch to (3144): action: 0x4, toolType: 1

I/InputDispatcher( 2841): Delivering touch to (10392): action: 0x0, toolType: 1

D/ViewRootImpl(10392): ViewPostImeInputStage ACTION_DOWN

I/InputReader( 2841): Touch event's action is 0x1 (deviceType=0) [pCnt=1, s=] when=25069092700000

I/InputDispatcher( 2841): Delivering touch to (10392): action: 0x1, toolType: 1

D/PagerViewer(10392): onReaderPageSelected: 5/10

D/SSRM:n  ( 2841): SIOP:: AP = 400, CUR = -807, LCD = 235

I/InputReader( 2841): Touch event's action is 0x0 (deviceType=0) [pCnt=1, s=0.4776 ] when=25069632612000

D/InputReader( 2841): lastThreadEndTime = 25069093295390, currentThreadStartTime = 25069093319307, diff = 0

I/InputDispatcher( 2841): Delivering touch to (3144): action: 0x4, toolType: 1

I/InputDispatcher( 2841): Delivering touch to (10392): action: 0x0, toolType: 1

D/ViewRootImpl(10392): ViewPostImeInputStage ACTION_DOWN

I/InputReader( 2841): Touch event's action is 0x1 (deviceType=0) [pCnt=1, s=] when=25069711370000

I/InputDispatcher( 2841): Delivering touch to (10392): action: 0x1, toolType: 1

D/PagerViewer(10392): onReaderPageSelected: 6/10

W/ActivityManager( 2841): getRunningAppProcesses: caller 10075 does not hold REAL_GET_TASKS; limiting output

I/InputReader( 2841): Touch event's action is 0x0 (deviceType=0) [pCnt=1, s=0.4777 ] when=25070695809000

D/InputReader( 2841): lastThreadEndTime = 25069711715627, currentThreadStartTime = 25069711728877, diff = 0

I/InputDispatcher( 2841): Delivering touch to (3144): action: 0x4, toolType: 1

I/InputDispatcher( 2841): Delivering touch to (10392): action: 0x0, toolType: 1

D/ViewRootImpl(10392): ViewPostImeInputStage ACTION_DOWN

D/BatteryService( 2841): !@BatteryListener : batteryPropertiesChanged!

D/BatteryService( 2841): level:63, scale:100, status:3, health:2, present:true, voltage: 3732, temperature: 392, technology: Li-ion, AC powered:false, USB powered:true, POGO powered:false, Wireless powered:false, icon:17303745, invalid charger:0

D/BatteryService( 2841): online:4, current avg:-801, charge type:1, power sharing:false, high voltage charger:false, capacity:280000, current_now:-1141

D/BatteryService( 2841): Sending ACTION_BATTERY_CHANGED.

D/KeyguardUpdateMonitor( 3144): received broadcast android.intent.action.BATTERY_CHANGED

D/BatteryMeterView( 3144): ACTION_BATTERY_CHANGED : level:63 status:3 health:2

I/PERF    ( 3144): received broadcast android.intent.action.BATTERY_CHANGED

D/BatteryMeterView( 3144): ACTION_BATTERY_CHANGED : level:63 status:3 health:2

D/KeyguardUpdateMonitor( 3144): handleBatteryUpdate

D/BatteryMeterView( 3144): ACTION_BATTERY_CHANGED : level:63 status:3 health:2

I/InputReader( 2841): Touch event's action is 0x1 (deviceType=0) [pCnt=1, s=] when=25070794706000

I/InputDispatcher( 2841): Delivering touch to (10392): action: 0x1, toolType: 1

D/PagerViewer(10392): onReaderPageSelected: 7/10

I/InputReader( 2841): Touch event's action is 0x0 (deviceType=0) [pCnt=1, s=0.4778 ] when=25071404385000

D/InputReader( 2841): lastThreadEndTime = 25070795191794, currentThreadStartTime = 25070795203878, diff = 0

I/InputDispatcher( 2841): Delivering touch to (3144): action: 0x4, toolType: 1

I/InputDispatcher( 2841): Delivering touch to (10392): action: 0x0, toolType: 1

D/ViewRootImpl(10392): ViewPostImeInputStage ACTION_DOWN

I/InputReader( 2841): Touch event's action is 0x1 (deviceType=0) [pCnt=1, s=] when=25071513293000

I/InputDispatcher( 2841): Delivering touch to (10392): action: 0x1, toolType: 1

D/PagerViewer(10392): onReaderPageSelected: 8/10

I/InputReader( 2841): Touch event's action is 0x0 (deviceType=0) [pCnt=1, s=0.4779 ] when=25072285667000

D/InputReader( 2841): lastThreadEndTime = 25071513626711, currentThreadStartTime = 25071513632919, diff = 0

I/InputDispatcher( 2841): Delivering touch to (3144): action: 0x4, toolType: 1

I/InputDispatcher( 2841): Delivering touch to (10392): action: 0x0, toolType: 1

D/ViewRootImpl(10392): ViewPostImeInputStage ACTION_DOWN

I/InputReader( 2841): Touch event's action is 0x1 (deviceType=0) [pCnt=1, s=] when=25072352631000

I/InputDispatcher( 2841): Delivering touch to (10392): action: 0x1, toolType: 1

D/PagerViewer(10392): onReaderPageSelected: 9/10

I/InputReader( 2841): Touch event's action is 0x0 (deviceType=0) [pCnt=1, s=0.4780 ] when=25072982751000

D/InputReader( 2841): lastThreadEndTime = 25072352900294, currentThreadStartTime = 25072352907794, diff = 0

I/InputDispatcher( 2841): Delivering touch to (3144): action: 0x4, toolType: 1

I/InputDispatcher( 2841): Delivering touch to (10392): action: 0x0, toolType: 1

D/ViewRootImpl(10392): ViewPostImeInputStage ACTION_DOWN

I/InputReader( 2841): Touch event's action is 0x1 (deviceType=0) [pCnt=1, s=] when=25073081165000

I/InputDispatcher( 2841): Delivering touch to (10392): action: 0x1, toolType: 1

D/PagerViewer(10392): onReaderPageSelected: 10/10

D/PagerViewer(10392): Request preload next chapter because we're at the last page

D/ReaderPresenter(10392): Preloading /the_abandoned_empress/vol1/17?mtr=1

D/ChapterLoader$loadChapt(10392): Loading pages for Брошенная императрица 1 - 17

D/PagerViewer(10392): setChaptersInternal

I/InputReader( 2841): Touch event's action is 0x0 (deviceType=0) [pCnt=1, s=0.4781 ] when=25073955004000

D/InputReader( 2841): lastThreadEndTime = 25073081532170, currentThreadStartTime = 25073081542003, diff = 0

I/InputDispatcher( 2841): Delivering touch to (3144): action: 0x4, toolType: 1

I/InputDispatcher( 2841): Delivering touch to (10392): action: 0x0, toolType: 1

D/ViewRootImpl(10392): ViewPostImeInputStage ACTION_DOWN

I/InputReader( 2841): Touch event's action is 0x1 (deviceType=0) [pCnt=1, s=] when=25074042570000

I/InputDispatcher( 2841): Delivering touch to (10392): action: 0x1, toolType: 1

D/PagerViewer(10392): onTransitionSelected: Next(from=/the_abandoned_empress/vol1/16?mtr=1, to=/the_abandoned_empress/vol1/17?mtr=1)

D/PagerViewer(10392): Request preload destination chapter because we're on the transition

W/ActivityManager( 2841): getRunningAppProcesses: caller 10075 does not hold REAL_GET_TASKS; limiting output

I/InputReader( 2841): Touch event's action is 0x0 (deviceType=0) [pCnt=1, s=0.4782 ] when=25074994718000

D/InputReader( 2841): lastThreadEndTime = 25074042865879, currentThreadStartTime = 25074042874879, diff = 0

I/InputDispatcher( 2841): Delivering touch to (3144): action: 0x4, toolType: 1

I/InputDispatcher( 2841): Delivering touch to (10392): action: 0x0, toolType: 1

D/ViewRootImpl(10392): ViewPostImeInputStage ACTION_DOWN

D/PowerManagerService( 2841): [api] userActivityFromNative : 4810 (event: 2 flags: 0) eventTime = 25074994

I/InputReader( 2841): Touch event's action is 0x1 (deviceType=0) [pCnt=1, s=] when=25075222742000

I/InputDispatcher( 2841): Delivering touch to (10392): action: 0x1, toolType: 1

D/PagerViewer(10392): onReaderPageSelected: 1/10

D/ReaderPresenter(10392): Setting /the_abandoned_empress/vol1/17?mtr=1 as active

D/ReaderPresenter(10392): Loading /the_abandoned_empress/vol1/17?mtr=1

D/ReaderChapter(10392): Recycling chapter Брошенная императрица 1 - 15

I/InputReader( 2841): Touch event's action is 0x0 (deviceType=0) [pCnt=1, s=0.4783 ] when=25075811765000

D/InputReader( 2841): lastThreadEndTime = 25075223192879, currentThreadStartTime = 25075223207129, diff = 0

I/InputDispatcher( 2841): Delivering touch to (3144): action: 0x4, toolType: 1

I/InputDispatcher( 2841): Delivering touch to (10392): action: 0x0, toolType: 1

D/ViewRootImpl(10392): ViewPostImeInputStage ACTION_DOWN

D/PagerViewer(10392): setChaptersInternal

I/InputReader( 2841): Touch event's action is 0x1 (deviceType=0) [pCnt=1, s=] when=25075909214000

I/InputDispatcher( 2841): Delivering touch to (10392): action: 0x1, toolType: 1

D/PagerViewer(10392): onReaderPageSelected: 2/10

I/InputReader( 2841): Touch event's action is 0x0 (deviceType=0) [pCnt=1, s=0.4784 ] when=25076800378000

D/InputReader( 2841): lastThreadEndTime = 25075909566921, currentThreadStartTime = 25075909580421, diff = 0

I/InputDispatcher( 2841): Delivering touch to (3144): action: 0x4, toolType: 1

I/InputDispatcher( 2841): Delivering touch to (10392): action: 0x0, toolType: 1

D/ViewRootImpl(10392): ViewPostImeInputStage ACTION_DOWN

I/InputReader( 2841): Touch event's action is 0x1 (deviceType=0) [pCnt=1, s=] when=25076937924000

I/InputDispatcher( 2841): Delivering touch to (10392): action: 0x1, toolType: 1

D/PagerViewer(10392): onReaderPageSelected: 3/10

I/InputReader( 2841): Touch event's action is 0x0 (deviceType=0) [pCnt=1, s=0.4785 ] when=25077504563000

D/InputReader( 2841): lastThreadEndTime = 25076938239963, currentThreadStartTime = 25076938254005, diff = 0

I/InputDispatcher( 2841): Delivering touch to (3144): action: 0x4, toolType: 1

I/InputDispatcher( 2841): Delivering touch to (10392): action: 0x0, toolType: 1

D/ViewRootImpl(10392): ViewPostImeInputStage ACTION_DOWN

I/InputReader( 2841): Touch event's action is 0x1 (deviceType=0) [pCnt=1, s=] when=25077672586000

I/InputDispatcher( 2841): Delivering touch to (10392): action: 0x1, toolType: 1

D/PagerViewer(10392): onReaderPageSelected: 4/10

D/SensorService( 2841): [SO] 1.800 -0.239 9.902

I/InputReader( 2841): Touch event's action is 0x0 (deviceType=0) [pCnt=1, s=0.4786 ] when=25078408550000

D/InputReader( 2841): lastThreadEndTime = 25077672843547, currentThreadStartTime = 25077672849505, diff = 0

I/InputDispatcher( 2841): Delivering touch to (3144): action: 0x4, toolType: 1

I/InputDispatcher( 2841): Delivering touch to (10392): action: 0x0, toolType: 1

D/ViewRootImpl(10392): ViewPostImeInputStage ACTION_DOWN

I/InputReader( 2841): Touch event's action is 0x1 (deviceType=0) [pCnt=1, s=] when=25078487612000

I/InputDispatcher( 2841): Delivering touch to (10392): action: 0x1, toolType: 1

D/PagerViewer(10392): onReaderPageSelected: 5/10

I/InputReader( 2841): Touch event's action is 0x0 (deviceType=0) [pCnt=1, s=0.4787 ] when=25079323348000

D/InputReader( 2841): lastThreadEndTime = 25078487916173, currentThreadStartTime = 25078487924840, diff = 0

I/InputDispatcher( 2841): Delivering touch to (3144): action: 0x4, toolType: 1

I/InputDispatcher( 2841): Delivering touch to (10392): action: 0x0, toolType: 1

D/ViewRootImpl(10392): ViewPostImeInputStage ACTION_DOWN

I/InputReader( 2841): Touch event's action is 0x1 (deviceType=0) [pCnt=1, s=] when=25079373216000

I/InputDispatcher( 2841): Delivering touch to (10392): action: 0x1, toolType: 1

D/PagerViewer(10392): onReaderPageSelected: 6/10

D/SSRM:n  ( 2841): SIOP:: AP = 410, CUR = -801, LCD = 235

W/ActivityManager( 2841): getRunningAppProcesses: caller 10075 does not hold REAL_GET_TASKS; limiting output

I/InputReader( 2841): Touch event's action is 0x0 (deviceType=0) [pCnt=1, s=0.4788 ] when=25080119980000

I/InputDispatcher( 2841): Delivering touch to (3144): action: 0x4, toolType: 1

I/InputDispatcher( 2841): Delivering touch to (10392): action: 0x0, toolType: 1

D/InputReader( 2841): lastThreadEndTime = 25079373494006, currentThreadStartTime = 25079373502715, diff = 0

D/ViewRootImpl(10392): ViewPostImeInputStage ACTION_DOWN

I/InputReader( 2841): Touch event's action is 0x1 (deviceType=0) [pCnt=1, s=] when=25080247760000

I/InputDispatcher( 2841): Delivering touch to (10392): action: 0x1, toolType: 1

D/PagerViewer(10392): onReaderPageSelected: 7/10

D/BatteryService( 2841): !@BatteryListener : batteryPropertiesChanged!

D/BatteryService( 2841): level:63, scale:100, status:3, health:2, present:true, voltage: 3736, temperature: 392, technology: Li-ion, AC powered:false, USB powered:true, POGO powered:false, Wireless powered:false, icon:17303745, invalid charger:0

D/BatteryService( 2841): online:4, current avg:-816, charge type:1, power sharing:false, high voltage charger:false, capacity:280000, current_now:-1152

D/BatteryService( 2841): Sending ACTION_BATTERY_CHANGED.

D/KeyguardUpdateMonitor( 3144): received broadcast android.intent.action.BATTERY_CHANGED

I/PERF    ( 3144): received broadcast android.intent.action.BATTERY_CHANGED

D/KeyguardUpdateMonitor( 3144): handleBatteryUpdate

D/BatteryMeterView( 3144): ACTION_BATTERY_CHANGED : level:63 status:3 health:2

D/BatteryMeterView( 3144): ACTION_BATTERY_CHANGED : level:63 status:3 health:2

D/BatteryMeterView( 3144): ACTION_BATTERY_CHANGED : level:63 status:3 health:2

I/InputReader( 2841): Touch event's action is 0x0 (deviceType=0) [pCnt=1, s=0.4789 ] when=25081005433000

D/InputReader( 2841): lastThreadEndTime = 25080248063173, currentThreadStartTime = 25080248076340, diff = 0

I/InputDispatcher( 2841): Delivering touch to (3144): action: 0x4, toolType: 1

I/InputDispatcher( 2841): Delivering touch to (10392): action: 0x0, toolType: 1

D/ViewRootImpl(10392): ViewPostImeInputStage ACTION_DOWN

I/InputReader( 2841): Touch event's action is 0x1 (deviceType=0) [pCnt=1, s=] when=25081143857000

I/InputDispatcher( 2841): Delivering touch to (10392): action: 0x1, toolType: 1

D/PagerViewer(10392): onReaderPageSelected: 8/10

I/InputReader( 2841): Touch event's action is 0x0 (deviceType=0) [pCnt=1, s=0.4790 ] when=25081817587000

D/InputReader( 2841): lastThreadEndTime = 25081144237715, currentThreadStartTime = 25081144246757, diff = 0

I/InputDispatcher( 2841): Delivering touch to (3144): action: 0x4, toolType: 1

I/InputDispatcher( 2841): Delivering touch to (10392): action: 0x0, toolType: 1

D/ViewRootImpl(10392): ViewPostImeInputStage ACTION_DOWN

I/InputReader( 2841): Touch event's action is 0x1 (deviceType=0) [pCnt=1, s=] when=25081915832000

I/InputDispatcher( 2841): Delivering touch to (10392): action: 0x1, toolType: 1

D/PagerViewer(10392): onReaderPageSelected: 9/10

I/InputReader( 2841): Touch event's action is 0x0 (deviceType=0) [pCnt=1, s=0.4791 ] when=25082676699000

D/InputReader( 2841): lastThreadEndTime = 25081916194965, currentThreadStartTime = 25081916202340, diff = 0

I/InputDispatcher( 2841): Delivering touch to (3144): action: 0x4, toolType: 1

I/InputDispatcher( 2841): Delivering touch to (10392): action: 0x0, toolType: 1

D/ViewRootImpl(10392): ViewPostImeInputStage ACTION_DOWN

I/InputReader( 2841): Touch event's action is 0x1 (deviceType=0) [pCnt=1, s=] when=25082785976000

I/InputDispatcher( 2841): Delivering touch to (10392): action: 0x1, toolType: 1

I/InputReader( 2841): Touch event's action is 0x0 (deviceType=0) [pCnt=1, s=0.4792 ] when=25083193503000

D/InputReader( 2841): lastThreadEndTime = 25082786243758, currentThreadStartTime = 25082786255425, diff = 0

I/InputDispatcher( 2841): Delivering touch to (3144): action: 0x4, toolType: 1

D/PowerManagerService( 2841): [api] userActivityFromNative : 4820 (event: 2 flags: 0) eventTime = 25083193

I/InputDispatcher( 2841): Delivering touch to (10392): action: 0x0, toolType: 1

D/ViewRootImpl(10392): ViewPostImeInputStage ACTION_DOWN

I/InputReader( 2841): Touch event's action is 0x1 (deviceType=0) [pCnt=1, s=] when=25083291067000

I/InputDispatcher( 2841): Delivering touch to (10392): action: 0x1, toolType: 1

D/PagerViewer(10392): onReaderPageSelected: 10/10

D/PagerViewer(10392): Request preload next chapter because we're at the last page

D/ReaderPresenter(10392): Preloading /the_abandoned_empress/vol1/18?mtr=1

D/ChapterLoader$loadChapt(10392): Loading pages for Брошенная императрица 1 - 18

I/InputReader( 2841): Touch event's action is 0x0 (deviceType=0) [pCnt=1, s=0.4793 ] when=25083929497000

D/InputReader( 2841): lastThreadEndTime = 25083291566425, currentThreadStartTime = 25083291576009, diff = 0

I/InputDispatcher( 2841): Delivering touch to (3144): action: 0x4, toolType: 1

I/InputDispatcher( 2841): Delivering touch to (10392): action: 0x0, toolType: 1

D/ViewRootImpl(10392): ViewPostImeInputStage ACTION_DOWN

D/PagerViewer(10392): setChaptersInternal

I/InputReader( 2841): Touch event's action is 0x1 (deviceType=0) [pCnt=1, s=] when=25083996853000

I/InputDispatcher( 2841): Delivering touch to (10392): action: 0x1, toolType: 1

D/PagerViewer(10392): onTransitionSelected: Next(from=/the_abandoned_empress/vol1/17?mtr=1, to=/the_abandoned_empress/vol1/18?mtr=1)

D/PagerViewer(10392): Request preload destination chapter because we're on the transition

I/InputReader( 2841): Touch event's action is 0x0 (deviceType=0) [pCnt=1, s=0.4794 ] when=25084809871000

D/InputReader( 2841): lastThreadEndTime = 25083997371009, currentThreadStartTime = 25083997382092, diff = 0

I/InputDispatcher( 2841): Delivering touch to (3144): action: 0x4, toolType: 1

I/InputDispatcher( 2841): Delivering touch to (10392): action: 0x0, toolType: 1

D/ViewRootImpl(10392): ViewPostImeInputStage ACTION_DOWN

I/InputReader( 2841): Touch event's action is 0x1 (deviceType=0) [pCnt=1, s=] when=25084897200000

I/InputDispatcher( 2841): Delivering touch to (10392): action: 0x1, toolType: 1

D/PagerViewer(10392): onReaderPageSelected: 1/10

D/ReaderPresenter(10392): Setting /the_abandoned_empress/vol1/18?mtr=1 as active

D/ReaderPresenter(10392): Loading /the_abandoned_empress/vol1/18?mtr=1

D/ReaderChapter(10392): Recycling chapter Брошенная императрица 1 - 16

W/ActivityManager( 2841): getRunningAppProcesses: caller 10075 does not hold REAL_GET_TASKS; limiting output

D/PagerViewer(10392): setChaptersInternal

I/InputReader( 2841): Touch event's action is 0x0 (deviceType=0) [pCnt=1, s=0.4795 ] when=25085622801000

I/InputDispatcher( 2841): Delivering touch to (3144): action: 0x4, toolType: 1

I/InputDispatcher( 2841): Delivering touch to (10392): action: 0x0, toolType: 1

D/InputReader( 2841): lastThreadEndTime = 25084897496800, currentThreadStartTime = 25084897504342, diff = 0

D/ViewRootImpl(10392): ViewPostImeInputStage ACTION_DOWN

I/InputReader( 2841): Touch event's action is 0x1 (deviceType=0) [pCnt=1, s=] when=25085731744000

I/InputDispatcher( 2841): Delivering touch to (10392): action: 0x1, toolType: 1

D/PagerViewer(10392): onReaderPageSelected: 2/10

I/InputReader( 2841): Touch event's action is 0x0 (deviceType=0) [pCnt=1, s=0.4796 ] when=25086429024000

I/InputDispatcher( 2841): Delivering touch to (3144): action: 0x4, toolType: 1

I/InputDispatcher( 2841): Delivering touch to (10392): action: 0x0, toolType: 1

D/InputReader( 2841): lastThreadEndTime = 25085732030467, currentThreadStartTime = 25085732040634, diff = 0

D/ViewRootImpl(10392): ViewPostImeInputStage ACTION_DOWN

I/InputReader( 2841): Touch event's action is 0x1 (deviceType=0) [pCnt=1, s=] when=25086577037000

I/InputDispatcher( 2841): Delivering touch to (10392): action: 0x1, toolType: 1

D/PagerViewer(10392): onReaderPageSelected: 3/10

I/InputReader( 2841): Touch event's action is 0x0 (deviceType=0) [pCnt=1, s=0.4797 ] when=25087335961000

D/InputReader( 2841): lastThreadEndTime = 25086577428885, currentThreadStartTime = 25086577437344, diff = 0

I/InputDispatcher( 2841): Delivering touch to (3144): action: 0x4, toolType: 1

I/InputDispatcher( 2841): Delivering touch to (10392): action: 0x0, toolType: 1

D/ViewRootImpl(10392): ViewPostImeInputStage ACTION_DOWN

I/InputReader( 2841): Touch event's action is 0x1 (deviceType=0) [pCnt=1, s=] when=25087434628000

I/InputDispatcher( 2841): Delivering touch to (10392): action: 0x1, toolType: 1

D/PagerViewer(10392): onReaderPageSelected: 4/10

D/SensorService( 2841): [SO] 1.877 -0.287 9.787

I/InputReader( 2841): Touch event's action is 0x0 (deviceType=0) [pCnt=1, s=0.4798 ] when=25088153510000

D/InputReader( 2841): lastThreadEndTime = 25087435000635, currentThreadStartTime = 25087435138844, diff = 0

I/InputDispatcher( 2841): Delivering touch to (3144): action: 0x4, toolType: 1

I/InputDispatcher( 2841): Delivering touch to (10392): action: 0x0, toolType: 1

D/ViewRootImpl(10392): ViewPostImeInputStage ACTION_DOWN

I/InputReader( 2841): Touch event's action is 0x1 (deviceType=0) [pCnt=1, s=] when=25088282130000

I/InputDispatcher( 2841): Delivering touch to (10392): action: 0x1, toolType: 1

D/PagerViewer(10392): onReaderPageSelected: 5/10

I/InputReader( 2841): Touch event's action is 0x0 (deviceType=0) [pCnt=1, s=0.4799 ] when=25088950508000

D/InputReader( 2841): lastThreadEndTime = 25088282534802, currentThreadStartTime = 25088282547344, diff = 0

I/InputDispatcher( 2841): Delivering touch to (3144): action: 0x4, toolType: 1

I/InputDispatcher( 2841): Delivering touch to (10392): action: 0x0, toolType: 1

D/ViewRootImpl(10392): ViewPostImeInputStage ACTION_DOWN

I/InputReader( 2841): Touch event's action is 0x1 (deviceType=0) [pCnt=1, s=] when=25089057782000

I/InputDispatcher( 2841): Delivering touch to (10392): action: 0x1, toolType: 1

D/PagerViewer(10392): onReaderPageSelected: 6/10

W/ActivityManager( 2841): getRunningAppProcesses: caller 10075 does not hold REAL_GET_TASKS; limiting output

D/SSRM:n  ( 2841): SIOP:: AP = 420, CUR = -816, LCD = 235

I/InputReader( 2841): Touch event's action is 0x0 (deviceType=0) [pCnt=1, s=0.4800 ] when=25089840644000

D/InputReader( 2841): lastThreadEndTime = 25089058172052, currentThreadStartTime = 25089058183011, diff = 0

I/InputDispatcher( 2841): Delivering touch to (3144): action: 0x4, toolType: 1

I/InputDispatcher( 2841): Delivering touch to (10392): action: 0x0, toolType: 1

D/ViewRootImpl(10392): ViewPostImeInputStage ACTION_DOWN

W/ActivityManager( 2841): getRunningAppProcesses: caller 10075 does not hold REAL_GET_TASKS; limiting output

I/InputReader( 2841): Touch event's action is 0x1 (deviceType=0) [pCnt=1, s=] when=25089978386000

I/InputDispatcher( 2841): Delivering touch to (10392): action: 0x1, toolType: 1

D/PagerViewer(10392): onReaderPageSelected: 7/10

I/InputReader( 2841): Touch event's action is 0x0 (deviceType=0) [pCnt=1, s=0.4801 ] when=25090619592000

D/InputReader( 2841): lastThreadEndTime = 25089978687636, currentThreadStartTime = 25089978695969, diff = 0

I/InputDispatcher( 2841): Delivering touch to (3144): action: 0x4, toolType: 1

I/InputDispatcher( 2841): Delivering touch to (10392): action: 0x0, toolType: 1

D/ViewRootImpl(10392): ViewPostImeInputStage ACTION_DOWN

I/InputReader( 2841): Touch event's action is 0x1 (deviceType=0) [pCnt=1, s=] when=25090687011000

I/InputDispatcher( 2841): Delivering touch to (10392): action: 0x1, toolType: 1

D/PagerViewer(10392): onReaderPageSelected: 8/10

D/BatteryService( 2841): !@BatteryListener : batteryPropertiesChanged!

D/BatteryService( 2841): level:62, scale:100, status:3, health:2, present:true, voltage: 3763, temperature: 393, technology: Li-ion, AC powered:false, USB powered:true, POGO powered:false, Wireless powered:false, icon:17303745, invalid charger:0

D/BatteryService( 2841): online:4, current avg:-833, charge type:1, power sharing:false, high voltage charger:false, capacity:280000, current_now:-885

D/BatteryService( 2841): Sending ACTION_BATTERY_CHANGED.

D/PowerManagerService( 2841): [PSM] lowPowerModeEnabled: false (mLowPowerModeSetting: false, mAutoLowPowerModeConfigured: false, mBatteryLevel: 62, mLowBatteryTriggerLevel: 0)

D/KeyguardUpdateMonitor( 3144): received broadcast android.intent.action.BATTERY_CHANGED

I/PERF    ( 3144): received broadcast android.intent.action.BATTERY_CHANGED

D/KeyguardUpdateMonitor( 3144): handleBatteryUpdate

E/MtpServerJNI( 4351): server is null in send_object_removed

D/BatteryMeterView( 3144): ACTION_BATTERY_CHANGED : level:62 status:3 health:2

D/BatteryMeterView( 3144): ACTION_BATTERY_CHANGED : level:62 status:3 health:2

D/BatteryMeterView( 3144): ACTION_BATTERY_CHANGED : level:62 status:3 health:2

D/BatteryMeterView( 3144): onDraw batteryColor : -1

I/InputReader( 2841): Touch event's action is 0x0 (deviceType=0) [pCnt=1, s=0.4802 ] when=25091503459000

D/InputReader( 2841): lastThreadEndTime = 25090687394344, currentThreadStartTime = 25090687405219, diff = 0

I/InputDispatcher( 2841): Delivering touch to (3144): action: 0x4, toolType: 1

D/PowerManagerService( 2841): [api] userActivityFromNative : 4830 (event: 2 flags: 0) eventTime = 25091503

I/InputDispatcher( 2841): Delivering touch to (10392): action: 0x0, toolType: 1

D/ViewRootImpl(10392): ViewPostImeInputStage ACTION_DOWN

I/InputReader( 2841): Touch event's action is 0x1 (deviceType=0) [pCnt=1, s=] when=25091611932000

I/InputDispatcher( 2841): Delivering touch to (10392): action: 0x1, toolType: 1

D/PagerViewer(10392): onReaderPageSelected: 9/10

I/InputReader( 2841): Touch event's action is 0x0 (deviceType=0) [pCnt=1, s=0.4803 ] when=25092314902000

D/InputReader( 2841): lastThreadEndTime = 25091612252387, currentThreadStartTime = 25091612265179, diff = 0

I/InputDispatcher( 2841): Delivering touch to (3144): action: 0x4, toolType: 1

I/InputDispatcher( 2841): Delivering touch to (10392): action: 0x0, toolType: 1

D/ViewRootImpl(10392): ViewPostImeInputStage ACTION_DOWN

I/InputReader( 2841): Touch event's action is 0x1 (deviceType=0) [pCnt=1, s=] when=25092414136000

I/InputDispatcher( 2841): Delivering touch to (10392): action: 0x1, toolType: 1

D/PagerViewer(10392): onReaderPageSelected: 10/10

D/PagerViewer(10392): Request preload next chapter because we're at the last page

D/ReaderPresenter(10392): Preloading /the_abandoned_empress/vol1/19?mtr=1

D/ChapterLoader$loadChapt(10392): Loading pages for Брошенная императрица 1 - 19

D/PagerViewer(10392): setChaptersInternal

I/InputReader( 2841): Touch event's action is 0x0 (deviceType=0) [pCnt=1, s=0.4804 ] when=25093628825000

D/InputReader( 2841): lastThreadEndTime = 25092414538096, currentThreadStartTime = 25092414554221, diff = 0

I/InputDispatcher( 2841): Delivering touch to (3144): action: 0x4, toolType: 1

I/InputDispatcher( 2841): Delivering touch to (10392): action: 0x0, toolType: 1

D/ViewRootImpl(10392): ViewPostImeInputStage ACTION_DOWN

I/InputReader( 2841): Touch event's action is 0x1 (deviceType=0) [pCnt=1, s=] when=25093726994000

I/InputDispatcher( 2841): Delivering touch to (10392): action: 0x1, toolType: 1

D/PagerViewer(10392): onTransitionSelected: Next(from=/the_abandoned_empress/vol1/18?mtr=1, to=/the_abandoned_empress/vol1/19?mtr=1)

D/PagerViewer(10392): Request preload destination chapter because we're on the transition

I/InputReader( 2841): Touch event's action is 0x0 (deviceType=0) [pCnt=1, s=0.4805 ] when=25094645767000

D/InputReader( 2841): lastThreadEndTime = 25093727747764, currentThreadStartTime = 25093727756514, diff = 0

I/InputDispatcher( 2841): Delivering touch to (3144): action: 0x4, toolType: 1

I/InputDispatcher( 2841): Delivering touch to (10392): action: 0x0, toolType: 1

D/ViewRootImpl(10392): ViewPostImeInputStage ACTION_DOWN

I/InputReader( 2841): Touch event's action is 0x1 (deviceType=0) [pCnt=1, s=] when=25094773608000

I/InputDispatcher( 2841): Delivering touch to (10392): action: 0x1, toolType: 1

D/PagerViewer(10392): onReaderPageSelected: 1/10

D/ReaderPresenter(10392): Setting /the_abandoned_empress/vol1/19?mtr=1 as active

D/ReaderPresenter(10392): Loading /the_abandoned_empress/vol1/19?mtr=1

E/Watchdog( 2841): !@Sync 834 [02-28 23:03:41.584]

D/ReaderChapter(10392): Recycling chapter Брошенная императрица 1 - 17

W/ActivityManager( 2841): getRunningAppProcesses: caller 10075 does not hold REAL_GET_TASKS; limiting output

D/PagerViewer(10392): setChaptersInternal

I/InputReader( 2841): Touch event's action is 0x0 (deviceType=0) [pCnt=1, s=0.4806 ] when=25095480926000

D/InputReader( 2841): lastThreadEndTime = 25094780958056, currentThreadStartTime = 25094780967348, diff = 0

I/InputDispatcher( 2841): Delivering touch to (3144): action: 0x4, toolType: 1

I/InputDispatcher( 2841): Delivering touch to (10392): action: 0x0, toolType: 1

D/ViewRootImpl(10392): ViewPostImeInputStage ACTION_DOWN

I/InputReader( 2841): Touch event's action is 0x1 (deviceType=0) [pCnt=1, s=] when=25095588400000

I/InputDispatcher( 2841): Delivering touch to (10392): action: 0x1, toolType: 1

D/PagerViewer(10392): onReaderPageSelected: 2/10

I/InputReader( 2841): Touch event's action is 0x0 (deviceType=0) [pCnt=1, s=0.4807 ] when=25096444511000

D/InputReader( 2841): lastThreadEndTime = 25095588715181, currentThreadStartTime = 25095588723098, diff = 0

I/InputDispatcher( 2841): Delivering touch to (3144): action: 0x4, toolType: 1

I/InputDispatcher( 2841): Delivering touch to (10392): action: 0x0, toolType: 1

D/ViewRootImpl(10392): ViewPostImeInputStage ACTION_DOWN

I/InputReader( 2841): Touch event's action is 0x1 (deviceType=0) [pCnt=1, s=] when=25096552906000

I/InputDispatcher( 2841): Delivering touch to (10392): action: 0x1, toolType: 1

D/PagerViewer(10392): onReaderPageSelected: 3/10

I/InputReader( 2841): Touch event's action is 0x0 (deviceType=0) [pCnt=1, s=0.4808 ] when=25097274246000

D/InputReader( 2841): lastThreadEndTime = 25096553197265, currentThreadStartTime = 25096553205973, diff = 0

I/InputDispatcher( 2841): Delivering touch to (3144): action: 0x4, toolType: 1

I/InputDispatcher( 2841): Delivering touch to (10392): action: 0x0, toolType: 1

D/ViewRootImpl(10392): ViewPostImeInputStage ACTION_DOWN

I/InputReader( 2841): Touch event's action is 0x1 (deviceType=0) [pCnt=1, s=] when=25097352481000

I/InputDispatcher( 2841): Delivering touch to (10392): action: 0x1, toolType: 1

D/PagerViewer(10392): onReaderPageSelected: 4/10

D/SensorService( 2841): [SO] 1.848 -0.306 9.816

I/InputReader( 2841): Touch event's action is 0x0 (deviceType=0) [pCnt=1, s=0.4809 ] when=25098150316000

D/InputReader( 2841): lastThreadEndTime = 25097352746723, currentThreadStartTime = 25097352753765, diff = 0

I/InputDispatcher( 2841): Delivering touch to (3144): action: 0x4, toolType: 1

I/InputDispatcher( 2841): Delivering touch to (10392): action: 0x0, toolType: 1

D/ViewRootImpl(10392): ViewPostImeInputStage ACTION_DOWN

W/Image   (10392): /home/jitpack/build/library/src/main/jni/png/image_png.c(125): iCCP: known incorrect sRGB profile

W/Image   (10392): /home/jitpack/build/library/src/main/jni/png/image_png.c(125): iCCP: known incorrect sRGB profile

I/InputReader( 2841): Touch event's action is 0x1 (deviceType=0) [pCnt=1, s=] when=25098248831000

I/InputDispatcher( 2841): Delivering touch to (10392): action: 0x1, toolType: 1

D/PagerViewer(10392): onReaderPageSelected: 5/10

I/InputReader( 2841): Touch event's action is 0x0 (deviceType=0) [pCnt=1, s=0.4810 ] when=25098914222000

D/InputReader( 2841): lastThreadEndTime = 25098249087182, currentThreadStartTime = 25098249093390, diff = 0

I/InputDispatcher( 2841): Delivering touch to (3144): action: 0x4, toolType: 1

I/InputDispatcher( 2841): Delivering touch to (10392): action: 0x0, toolType: 1

D/ViewRootImpl(10392): ViewPostImeInputStage ACTION_DOWN

I/InputReader( 2841): Touch event's action is 0x1 (deviceType=0) [pCnt=1, s=] when=25099012522000

I/InputDispatcher( 2841): Delivering touch to (10392): action: 0x1, toolType: 1

D/PagerViewer(10392): onReaderPageSelected: 6/10

W/art     (10392): Large object allocation failed: Failed anonymous mmap(0x0, 9179136, 0x3, 0x2, 38, 0): Out of memory

W/art     (10392): 00800000-01800000 rw-p 00000000 00:00 0 

W/art     (10392): 01800000-02800000 rw-p 00000000 00:00 0 

W/art     (10392): 02e7e000-0373f000 rw-s 10bc13000 00:0b 5445      /dev/mali0

W/art     (10392): 0373f000-04000000 rw-p 00000000 00:04 643864     /dev/ashmem/dalvik-large object space allocation (deleted)

W/art     (10392): 04000000-05000000 rw-p 00000000 00:00 0 

W/art     (10392): 05400000-06400000 rw-p 00000000 00:00 0 

W/art     (10392): 06400000-08800000 rw-p 00000000 00:00 0 

W/art     (10392): 08c00000-0ac00000 rw-p 00000000 00:00 0 

W/art     (10392): 0ac00000-0d800000 rw-p 00000000 00:00 0 

W/art     (10392): 0d800000-0fc00000 rw-p 00000000 00:00 0 

W/art     (10392): 0fc00000-10400000 rw-p 00000000 00:00 0 

W/art     (10392): 10800000-12c00000 rw-p 00000000 00:00 0 

W/art     (10392): 12c00000-12e01000 rw-p 00000000 00:04 327        /dev/ashmem/dalvik-main space (deleted)

W/art     (10392): 12e01000-13935000 rw-p 00201000 00:04 327        /dev/ashmem/dalvik-main space (deleted)

W/art     (10392): 13935000-32c00000 ---p 00d35000 00:04 327        /dev/ashmem/dalvik-main space (deleted)

W/art     (10392): 32c00000-32c01000 rw-p 00000000 00:04 328        /dev/ashmem/dalvik-main space (deleted)

W/art     (10392): 32c01000-52c00000 ---p 00001000 00:04 328        /dev/ashmem/dalvik-main space (deleted)

W/art     (10392): 53000000-54800000 rw-p 00000000 00:00 0 

W/art     (10392): 54800000-57000000 rw-p 00000000 00:00 0 

W/art     (10392): 57000000-58800000 rw-p 00000000 00:00 0 

W/art     (10392): 58800000-59800000 rw-p 00000000 00:00 0 

W/art     (10392): 59c00000-5ac00000 rw-p 00000000 00:00 0 

W/art     (10392): 5ac00000-5c800000 rw-p 00000000 00:00 0 

W/art     (10392): 5c800000-5d000000 rw-p 00000000 00:00 0 

W/art     (10392): 5d400000-5e400000 rw-p 00000000 00:00 0 

W/art     (10392): 5e400000-5f400000 rw-p 00000000 00:00 0 

W/art     (10392): 5f400000-61000000 rw-p 00000000 00:00 0 

W/art     (10392): 61400000-62c00000 rw-p 00000000 00:00 0 

W/art     (10392): 63000000-64c00000 rw-p 00000000 00:00 0 

W/art     (10392): 65000000-66000000 rw-p 00000000 00:00 0 

W/art     (10392): 66000000-67000000 rw-p 00000000 00:00 0 

W/art     (10392): 67000000-68400000 rw-p 00000000 00:00 0 

W/art     (10392): 68800000-69800000 rw-p 00000000 00:00 0 

W/art     (10392): 69c00000-6b400000 rw-p 00000000 00:00 0 

W/art     (10392): 6b400000-6c400000 rw-p 00000000 00:00 0 

W/art     (10392): 6c400000-6d400000 rw-p 00000000 00:00 0 

W/art     (10392): 6d400000-6ec00000 rw-p 00000000 00:00 0 

W/art     (10392): 6ec00000-70c00000 rw-p 00000000 00:00 0 

W/art     (10392): 70cb5000-72dc2000 rw-p 00000000 103:0d 327696    /data/dalvik-cache/arm/system@framework@boot.art

W/art     (10392): 72dc2000-759ea000 r--p 00000000 103:0c 1374      /system/framework/arm/boot.oat

W/art     (10392): 759ea000-77f57000 r-xp 02c28000 103:0c 1374      /system/framework/arm/boot.oat

W/art     (10392): 77f57000-77f58000 rw-p 05195000 103:0c 1374      /system/framework/arm/boot.oat

W/art     (10392): 77f58000-784c4000 rw-p 00000000 00:04 326        /dev/ashmem/dalvik-zygote space (deleted)

W/art     (10392): 784c4000-784c5000 rw-p 00000000 00:04 390        /dev/ashmem/dalvik-non moving space (deleted)

W/art     (10392): 784c5000-787c6000 rw-p 00001000 00:04 390        /dev/ashmem/dalvik-non moving space (deleted)

W/art     (10392): 787c6000-7af59000 ---p 00302000 00:04 390        /dev/ashmem/dalvik-non moving space (deleted)

W/art     (10392): 7af59000-7bf58000 rw-p 02a95000 00:04 390        /dev/ashmem/dalvik-non moving space (deleted)

W/art     (10392): 7bfff000-7c400000 rw-s 1018dd000 00:0b 5445      /dev/mali0

W/art     (10392): 7c400000-7dc00000 rw-p 00000000 00:00 0 

W/art     (10392): 7dc00000-7e800000 rw-p 00000000 00:00 0 

W/art     (10392): 7e800000-81000000 rw-p 00000000 00:00 0 

W/art     (10392): 81000000-82000000 rw-p 00000000 00:00 0 

W/art     (10392): 82000000-83c00000 rw-p 00000000 00:00 0 

W/art     (10392): 83c00000-84800000 rw-p 00000000 00:00 0 

W/art     (10392): 84800000-86c00000 rw-p 00000000 00:00 0 

W/art     (10392): 86c00000-87800000 rw-p 00000000 00:00 0 

W/art     (10392): 87800000-89400000 rw-p 00000000 00:00 0 

W/art     (10392): 89400000-8c000000 rw-p 00000000 00:00 0 

W/art     (10392): 8c000000-8d800000 rw-p 00000000 00:00 0 

W/art     (10392): 8d800000-90400000 rw-p 00000000 00:00 0 

W/art     (10392): 90400000-93000000 rw-p 00000000 00:00 0 

W/art     (10392): 93000000-93400000 rw-p 00000000 00:00 0 

W/art     (10392): 934ca000-94470000 rw-s 00000000 00:08 2782       anon_inode:dmabuf

W/art     (10392): 944b2000-95458000 rw-s 00000000 00:08 2782       anon_inode:dmabuf

W/art     (10392): 95458000-963fe000 rw-s 00000000 00:08 2782       anon_inode:dmabuf

W/art     (10392): 96400000-97000000 rw-p 00000000 00:00 0 

W/art     (10392): 9713f000-9715f000 rw-s 9713f000 00:0b 5445       /dev/mali0

W/art     (10392): 973cd000-973d5000 rw-s 973cd000 00:0b 5445       /dev/mali0

W/art     (10392): 974aa000-97583000 rw-p 00000000 00:04 642782     /dev/ashmem/dalvik-large object space allocation (deleted)

W/art     (10392): 97583000-97594000 rw-p 00000000 00:04 642781     /dev/ashmem/dalvik-large object space allocation (deleted)

W/art     (10392): 978db000-97b8b000 rw-p 00000000 00:04 644214     /dev/ashmem/dalvik-large object space allocation (deleted)

W/art     (10392): 97c41000-98042000 rw-s 10b091000 00:0b 5445      /dev/mali0

W/art     (10392): 98042000-98043000 ---p 00000000 00:00 0 

W/art     (10392): 98043000-98044000 ---p 00000000 00:00 0 

W/art     (10392): 98044000-98146000 rw-p 00000000 00:00 0          [stack:10470]

W/art     (10392): 98400000-99000000 rw-p 00000000 00:00 0 

W/art     (10392): 991c3000-991c4000 ---p 00000000 00:00 0 

W/art     (10392): 991c4000-992c1000 rw-p 00000000 00:00 0          [stack:10462]

W/art     (10392): 992c1000-992c2000 ---p 00000000 00:00 0 

W/art     (10392): 992c2000-993bf000 rw-p 00000000 00:00 0          [stack:10461]

W/art     (10392): 993bf000-993c0000 ---p 00000000 00:00 0 

W/art     (10392): 993c0000-994bd000 rw-p 00000000 00:00 0          [stack:10460]

W/art     (10392): 994bd000-994be000 ---p 00000000 00:00 0 

W/art     (10392): 994be000-995bb000 rw-p 00000000 00:00 0          [stack:10459]

W/art     (10392): 995bb000-995e2000 r-xp 00000000 103:0c 1510      /system/lib/libRSCpuRef.so

W/art     (10392): 995e2000-995e4000 r--p 00026000 103:0c 1510      /system/lib/libRSCpuRef.so

W/art     (10392): 995e4000-995e5000 rw-p 00028000 103:0c 1510      /system/lib/libRSCpuRef.so

W/art     (10392): 995e5000-99609000 r-xp 00000000 103:0c 594       /system/lib/libRSDriver.so

W/art     (10392): 99609000-9960a000 ---p 00000000 00:00 0 

W/art     (10392): 9960a000-9960b000 r--p 00024000 103:0c 594       /system/lib/libRSDriver.so

W/art     (10392): 9960b000-9960d000 rw-p 00025000 103:0c 594       /system/lib/libRSDriver.so

W/art     (10392): 99800000-9a400000 rw-p 00000000 00:00 0 

W/art     (10392): 9a5d6000-9a5d7000 ---p 00000000 00:00 0 

W/art     (10392): 9a5d7000-9a5d8000 ---p 00000000 00:00 0 

W/art     (10392): 9a5d8000-9a6da000 rw-p 00000000 00:00 0          [stack:10469]

W/art     (10392): 9a6da000-9a6db000 ---p 00000000 00:00 0 

W/art     (10392): 9a6db000-9a6dc000 ---p 00000000 00:00 0 

W/art     (10392): 9a6dc000-9a7de000 rw-p 00000000 00:00 0          [stack:10468]

W/art     (10392): 9a7de000-9a7df000 ---p 00000000 00:00 0 

W/art     (10392): 9a7df000-9a7e0000 ---p 00000000 00:00 0 

W/art     (10392): 9a7e0000-9a8e2000 rw-p 00000000 00:00 0          [stack:10467]

W/art     (10392): 9a98f000-9a9b0000 rw-p 00000000 00:04 643459     /dev/ashmem/dalvik-large object space allocation (deleted)

W/art     (10392): 9aa5d000-9aa5f000 rw-p 00000000 00:04 642780     /dev/ashmem/dalvik-indirect ref table (deleted)

W/art     (10392): 9aa5f000-9aa61000 rw-p 00000000 00:00 0 

W/art     (10392): 9aa61000-9aa62000 ---p 00000000 00:00 0 

W/art     (10392): 9aa62000-9aa63000 ---p 00000000 00:00 0 

W/art     (10392): 9aa63000-9ab5f000 rw-p 00000000 00:00 0          [stack:10466]

W/art     (10392): 9acad000-9ace0000 rw-p 00000000 00:04 643462     /dev/ashmem/dalvik-large object space allocation (deleted)

W/art     (10392): 9af60000-9af61000 ---p 00000000 00:00 0 

W/art     (10392): 9af61000-9af62000 ---p 00000000 00:00 0 

W/art     (10392): 9af62000-9b05e000 rw-p 00000000 00:00 0          [stack:10455]

W/art     (10392): 9b05e000-9b05f000 ---p 00000000 00:00 0 

W/art     (10392): 9b05f000-9b060000 ---p 00000000 00:00 0 

W/art     (10392): 9b060000-9b162000 rw-p 00000000 00:00 0          [stack:10454]

W/art     (10392): 9b162000-9b163000 ---p 00000000 00:00 0 

W/art     (10392): 9b163000-9b164000 ---p 00000000 00:00 0 

W/art     (10392): 9b164000-9b266000 rw-p 00000000 00:00 0          [stack:10453]

W/art     (10392): 9b400000-9c000000 rw-p 00000000 00:00 0 

W/art     (10392): 9c1a7000-9c208000 r-xp 00000000 103:0d 65891     /data/app/eu.kanade.tachiyomi.debug-1/lib/arm/libimage.so

W/art     (10392): 9c208000-9c209000 ---p 00000000 00:00 0 

W/art     (10392): 9c209000-9c20a000 r--p 00061000 103:0d 65891     /data/app/eu.kanade.tachiyomi.debug-1/lib/arm/libimage.so

W/art     (10392): 9c20a000-9c20b000 rw-p 00062000 103:0d 65891     /data/app/eu.kanade.tachiyomi.debug-1/lib/arm/libimage.so

W/art     (10392): 9c20b000-9c20c000 r--p 00000000 00:00 0 

W/art     (10392): 9c20c000-9c20d000 ---p 00000000 00:00 0 

W/art     (10392): 9c20d000-9c30a000 rw-p 00000000 00:00 0          [stack:10452]

W/art     (10392): 9c30a000-9c30b000 ---p 00000000 00:00 0 

W/art     (10392): 9c30b000-9c408000 rw-p 00000000 00:00 0          [stack:10451]

W/art     (10392): 9c408000-9c409000 ---p 00000000 00:00 0 

W/art     (10392): 9c409000-9c506000 rw-p 00000000 00:00 0          [stack:10450]

W/art     (10392): 9c506000-9c507000 ---p 00000000 00:00 0 

W/art     (10392): 9c507000-9c604000 rw-p 00000000 00:00 0          [stack:10449]

W/art     (10392): 9c604000-9c605000 ---p 00000000 00:00 0 

W/art     (10392): 9c605000-9c702000 rw-p 00000000 00:00 0          [stack:10448]

W/art     (10392): 9c702000-9c703000 ---p 00000000 00:00 0 

W/art     (10392): 9c703000-9c800000 rw-p 00000000 00:00 0          [stack:10447]

W/art     (10392): 9c800000-9cc00000 rw-p 00000000 00:00 0 

W/art     (10392): 9cc62000-9cc9b000 rw-p 00000000 00:04 640910     /dev/ashmem/dalvik-large object space allocation (deleted)

W/art     (10392): 9ccbd000-9ccbe000 ---p 00000000 00:00 0 

W/art     (10392): 9ccbe000-9cdbb000 rw-p 00000000 00:00 0          [stack:10446]

W/art     (10392): 9cdbb000-9cdbc000 ---p 00000000 00:00 0 

W/art     (10392): 9cdbc000-9cdbd000 ---p 00000000 00:00 0 

